Component: ARM Compiler 5.06 update 3 (build 300) Tool: armlink [4d35c9]

==============================================================================

Section Cross References

    main.o(.text) refers to _printf_percent.o(.ARM.Collect$$_printf_percent$$00000000) for _printf_percent
    main.o(.text) refers to _printf_d.o(.ARM.Collect$$_printf_percent$$00000009) for _printf_d
    main.o(.text) refers to _printf_dec.o(.text) for _printf_int_dec
    main.o(.text) refers to lcd.o(.text) for LCD_Fill
    main.o(.text) refers to noretval__2sprintf.o(.text) for __2sprintf
    main.o(.text) refers to lan8720.o(.text) for LAN8720_Get_Speed
    main.o(.text) refers to delay.o(.text) for delay_init
    main.o(.text) refers to misc.o(.text) for NVIC_PriorityGroupConfig
    main.o(.text) refers to usart.o(.text) for uart_init
    main.o(.text) refers to led.o(.text) for LED_Init
    main.o(.text) refers to key.o(.text) for KEY_Init
    main.o(.text) refers to sram.o(.text) for FSMC_SRAM_Init
    main.o(.text) refers to beep.o(.text) for BEEP_Init
    main.o(.text) refers to rtc.o(.text) for My_RTC_Init
    main.o(.text) refers to adc.o(.text) for Adc_Init
    main.o(.text) refers to temperature.o(.text) for Adc_Temperate_Init
    main.o(.text) refers to timer.o(.text) for TIM3_Int_Init
    main.o(.text) refers to malloc.o(.text) for mymem_init
    main.o(.text) refers to lwip_comm.o(.text) for lwip_comm_init
    main.o(.text) refers to httpd.o(.text) for httpd_init
    main.o(.text) refers to tcp_server_demo.o(.text) for tcp_server_test
    main.o(.text) refers to tcp_client_demo.o(.text) for tcp_client_test
    main.o(.text) refers to udp_demo.o(.text) for udp_demo_test
    main.o(.text) refers to lcd.o(.data) for POINT_COLOR
    main.o(.text) refers to lcd.o(.bss) for lcddev
    main.o(.text) refers to lwip_comm.o(.bss) for lwipdev
    main.o(.text) refers to usmart_config.o(.data) for usmart_dev
    system_stm32f4xx.o(.text) refers to system_stm32f4xx.o(.data) for .data
    key.o(.text) refers to stm32f4xx_rcc.o(.text) for RCC_AHB1PeriphClockCmd
    key.o(.text) refers to stm32f4xx_gpio.o(.text) for GPIO_Init
    key.o(.text) refers to delay.o(.text) for delay_ms
    key.o(.text) refers to key.o(.data) for .data
    led.o(.text) refers to stm32f4xx_rcc.o(.text) for RCC_AHB1PeriphClockCmd
    led.o(.text) refers to stm32f4xx_gpio.o(.text) for GPIO_Init
    timer.o(.text) refers to stm32f4xx_rcc.o(.text) for RCC_APB1PeriphClockCmd
    timer.o(.text) refers to stm32f4xx_tim.o(.text) for TIM_TimeBaseInit
    timer.o(.text) refers to misc.o(.text) for NVIC_Init
    timer.o(.text) refers to lwip_comm.o(.data) for lwip_localtime
    lcd.o(.text) refers to _printf_percent.o(.ARM.Collect$$_printf_percent$$00000000) for _printf_percent
    lcd.o(.text) refers to _printf_x.o(.ARM.Collect$$_printf_percent$$0000000C) for _printf_x
    lcd.o(.text) refers to _printf_hex_int.o(.text) for _printf_longlong_hex
    lcd.o(.text) refers to delay.o(.text) for delay_us
    lcd.o(.text) refers to lcd.o(.bss) for .bss
    lcd.o(.text) refers to lcd.o(.data) for .data
    lcd.o(.text) refers to dflt_clz.o(x$fpl$dfltu) for __aeabi_ui2d
    lcd.o(.text) refers to dmul.o(x$fpl$dmul) for __aeabi_dmul
    lcd.o(.text) refers to dfixu.o(x$fpl$dfixu) for __aeabi_d2uiz
    lcd.o(.text) refers to stm32f4xx_rcc.o(.text) for RCC_AHB1PeriphClockCmd
    lcd.o(.text) refers to stm32f4xx_gpio.o(.text) for GPIO_Init
    lcd.o(.text) refers to stm32f4xx_fsmc.o(.text) for FSMC_NORSRAMInit
    lcd.o(.text) refers to noretval__2printf.o(.text) for __2printf
    lcd.o(.text) refers to lcd.o(.constdata) for .constdata
    lan8720.o(.text) refers to stm32f4xx_rcc.o(.text) for RCC_AHB1PeriphClockCmd
    lan8720.o(.text) refers to stm32f4x7_eth.o(.text) for ETH_DeInit
    lan8720.o(.text) refers to stm32f4xx_syscfg.o(.text) for SYSCFG_ETH_MediaInterfaceConfig
    lan8720.o(.text) refers to stm32f4xx_gpio.o(.text) for GPIO_Init
    lan8720.o(.text) refers to delay.o(.text) for delay_ms
    lan8720.o(.text) refers to misc.o(.text) for NVIC_Init
    lan8720.o(.text) refers to lwip_comm.o(.text) for lwip_pkt_handle
    lan8720.o(.text) refers to malloc.o(.text) for myfree
    lan8720.o(.text) refers to stm32f4x7_eth.o(.data) for DMARxDescToGet
    lan8720.o(.text) refers to lan8720.o(.data) for .data
    sram.o(.text) refers to stm32f4xx_rcc.o(.text) for RCC_AHB1PeriphClockCmd
    sram.o(.text) refers to stm32f4xx_gpio.o(.text) for GPIO_Init
    sram.o(.text) refers to stm32f4xx_fsmc.o(.text) for FSMC_NORSRAMInit
    adc.o(.text) refers to stm32f4xx_rcc.o(.text) for RCC_APB2PeriphClockCmd
    adc.o(.text) refers to stm32f4xx_gpio.o(.text) for GPIO_Init
    adc.o(.text) refers to stm32f4xx_adc.o(.text) for ADC_CommonInit
    adc.o(.text) refers to delay.o(.text) for delay_ms
    beep.o(.text) refers to stm32f4xx_rcc.o(.text) for RCC_AHB1PeriphClockCmd
    beep.o(.text) refers to stm32f4xx_gpio.o(.text) for GPIO_Init
[...]
    ETH_GetMMCITStatus                       0x08006617   Thumb Code    36  stm32f4x7_eth.o(.text)
    ETH_GetMMCRegister                       0x0800663b   Thumb Code     6  stm32f4x7_eth.o(.text)
    ADC_DeInit                               0x0800665d   Thumb Code    24  stm32f4xx_adc.o(.text)
    ADC_Init                                 0x08006675   Thumb Code    66  stm32f4xx_adc.o(.text)
    ADC_StructInit                           0x080066b7   Thumb Code    20  stm32f4xx_adc.o(.text)
    ADC_CommonInit                           0x080066cb   Thumb Code    34  stm32f4xx_adc.o(.text)
    ADC_CommonStructInit                     0x080066ed   Thumb Code    12  stm32f4xx_adc.o(.text)
    ADC_Cmd                                  0x080066f9   Thumb Code    20  stm32f4xx_adc.o(.text)
    ADC_AnalogWatchdogCmd                    0x0800670d   Thumb Code    12  stm32f4xx_adc.o(.text)
    ADC_AnalogWatchdogThresholdsConfig       0x08006719   Thumb Code     6  stm32f4xx_adc.o(.text)
    ADC_AnalogWatchdogSingleChannelConfig    0x0800671f   Thumb Code    12  stm32f4xx_adc.o(.text)
    ADC_TempSensorVrefintCmd                 0x0800672b   Thumb Code    26  stm32f4xx_adc.o(.text)
    ADC_VBATCmd                              0x08006745   Thumb Code    26  stm32f4xx_adc.o(.text)
    ADC_RegularChannelConfig                 0x0800675f   Thumb Code   116  stm32f4xx_adc.o(.text)
    ADC_SoftwareStartConv                    0x080067d3   Thumb Code    10  stm32f4xx_adc.o(.text)
    ADC_GetSoftwareStartConvStatus           0x080067dd   Thumb Code    14  stm32f4xx_adc.o(.text)
    ADC_EOCOnEachRegularChannelCmd           0x080067eb   Thumb Code    20  stm32f4xx_adc.o(.text)
    ADC_ContinuousModeCmd                    0x080067ff   Thumb Code    20  stm32f4xx_adc.o(.text)
    ADC_DiscModeChannelCountConfig           0x08006813   Thumb Code    16  stm32f4xx_adc.o(.text)
    ADC_DiscModeCmd                          0x08006823   Thumb Code    20  stm32f4xx_adc.o(.text)
    ADC_GetConversionValue                   0x08006837   Thumb Code     6  stm32f4xx_adc.o(.text)
    ADC_GetMultiModeConversionValue          0x0800683d   Thumb Code     8  stm32f4xx_adc.o(.text)
    ADC_DMACmd                               0x08006845   Thumb Code    20  stm32f4xx_adc.o(.text)
    ADC_DMARequestAfterLastTransferCmd       0x08006859   Thumb Code    20  stm32f4xx_adc.o(.text)
    ADC_MultiModeDMARequestAfterLastTransferCmd 0x0800686d   Thumb Code    26  stm32f4xx_adc.o(.text)
    ADC_InjectedChannelConfig                0x08006887   Thumb Code    74  stm32f4xx_adc.o(.text)
    ADC_InjectedSequencerLengthConfig        0x080068d1   Thumb Code    16  stm32f4xx_adc.o(.text)
    ADC_SetInjectedOffset                    0x080068e1   Thumb Code    10  stm32f4xx_adc.o(.text)
    ADC_ExternalTrigInjectedConvConfig       0x080068eb   Thumb Code    12  stm32f4xx_adc.o(.text)
    ADC_ExternalTrigInjectedConvEdgeConfig   0x080068f7   Thumb Code    12  stm32f4xx_adc.o(.text)
    ADC_SoftwareStartInjectedConv            0x08006903   Thumb Code    10  stm32f4xx_adc.o(.text)
    ADC_GetSoftwareStartInjectedConvCmdStatus 0x0800690d   Thumb Code    14  stm32f4xx_adc.o(.text)
    ADC_AutoInjectedConvCmd                  0x0800691b   Thumb Code    20  stm32f4xx_adc.o(.text)
    ADC_InjectedDiscModeCmd                  0x0800692f   Thumb Code    20  stm32f4xx_adc.o(.text)
    ADC_GetInjectedConversionValue           0x08006943   Thumb Code    14  stm32f4xx_adc.o(.text)
    ADC_ITConfig                             0x08006951   Thumb Code    18  stm32f4xx_adc.o(.text)
    ADC_GetFlagStatus                        0x08006963   Thumb Code    14  stm32f4xx_adc.o(.text)
    ADC_ClearFlag                            0x08006971   Thumb Code     6  stm32f4xx_adc.o(.text)
    ADC_GetITStatus                          0x08006977   Thumb Code    30  stm32f4xx_adc.o(.text)
    ADC_ClearITPendingBit                    0x08006995   Thumb Code     8  stm32f4xx_adc.o(.text)
    FSMC_NORSRAMDeInit                       0x080069b1   Thumb Code    38  stm32f4xx_fsmc.o(.text)
    FSMC_NORSRAMInit                         0x080069d7   Thumb Code   200  stm32f4xx_fsmc.o(.text)
    FSMC_NORSRAMStructInit                   0x08006a9f   Thumb Code    42  stm32f4xx_fsmc.o(.text)
    FSMC_NORSRAMCmd                          0x08006ac9   Thumb Code    26  stm32f4xx_fsmc.o(.text)
    FSMC_NANDDeInit                          0x08006ae3   Thumb Code    40  stm32f4xx_fsmc.o(.text)
    FSMC_NANDInit                            0x08006b0b   Thumb Code   104  stm32f4xx_fsmc.o(.text)
    FSMC_NANDStructInit                      0x08006b73   Thumb Code    54  stm32f4xx_fsmc.o(.text)
    FSMC_NANDCmd                             0x08006ba9   Thumb Code    54  stm32f4xx_fsmc.o(.text)
    FSMC_NANDECCCmd                          0x08006bdf   Thumb Code    54  stm32f4xx_fsmc.o(.text)
    FSMC_GetECC                              0x08006c15   Thumb Code    18  stm32f4xx_fsmc.o(.text)
    FSMC_PCCARDDeInit                        0x08006c27   Thumb Code    26  stm32f4xx_fsmc.o(.text)
    FSMC_PCCARDInit                          0x08006c41   Thumb Code   102  stm32f4xx_fsmc.o(.text)
    FSMC_PCCARDStructInit                    0x08006ca7   Thumb Code    60  stm32f4xx_fsmc.o(.text)
    FSMC_PCCARDCmd                           0x08006ce3   Thumb Code    28  stm32f4xx_fsmc.o(.text)
    FSMC_ITConfig                            0x08006cff   Thumb Code    72  stm32f4xx_fsmc.o(.text)
    FSMC_GetFlagStatus                       0x08006d47   Thumb Code    40  stm32f4xx_fsmc.o(.text)
    FSMC_ClearFlag                           0x08006d6f   Thumb Code    38  stm32f4xx_fsmc.o(.text)
    FSMC_GetITStatus                         0x08006d95   Thumb Code    48  stm32f4xx_fsmc.o(.text)
    FSMC_ClearITPendingBit                   0x08006dc5   Thumb Code    42  stm32f4xx_fsmc.o(.text)
    RTC_WaitForSynchro                       0x08006df9   Thumb Code    70  stm32f4xx_rtc.o(.text)
    RTC_EnterInitMode                        0x08006e3f   Thumb Code    58  stm32f4xx_rtc.o(.text)
    RTC_DeInit                               0x08006e79   Thumb Code   168  stm32f4xx_rtc.o(.text)
    RTC_ExitInitMode                         0x08006f21   Thumb Code    14  stm32f4xx_rtc.o(.text)
    RTC_Init                                 0x08006f2f   Thumb Code    74  stm32f4xx_rtc.o(.text)
    RTC_StructInit                           0x08006f79   Thumb Code    14  stm32f4xx_rtc.o(.text)
    RTC_WriteProtectionCmd                   0x08006f87   Thumb Code    18  stm32f4xx_rtc.o(.text)
    RTC_RefClockCmd                          0x08006f99   Thumb Code    56  stm32f4xx_rtc.o(.text)
    RTC_BypassShadowCmd                      0x08006fd1   Thumb Code    38  stm32f4xx_rtc.o(.text)
    RTC_SetTime                              0x08006ff7   Thumb Code   148  stm32f4xx_rtc.o(.text)
    RTC_TimeStructInit                       0x0800708b   Thumb Code    12  stm32f4xx_rtc.o(.text)
    RTC_GetTime                              0x08007097   Thumb Code    70  stm32f4xx_rtc.o(.text)
    RTC_GetSubSecond                         0x080070dd   Thumb Code    14  stm32f4xx_rtc.o(.text)
    RTC_SetDate                              0x080070eb   Thumb Code   142  stm32f4xx_rtc.o(.text)
    RTC_DateStructInit                       0x08007179   Thumb Code    14  stm32f4xx_rtc.o(.text)
    RTC_GetDate                              0x08007187   Thumb Code    66  stm32f4xx_rtc.o(.text)
    RTC_SetAlarm                             0x080071c9   Thumb Code   184  stm32f4xx_rtc.o(.text)
    RTC_AlarmStructInit                      0x08007281   Thumb Code    20  stm32f4xx_rtc.o(.text)
    RTC_GetAlarm                             0x08007295   Thumb Code   104  stm32f4xx_rtc.o(.text)
    RTC_AlarmCmd                             0x080072fd   Thumb Code    78  stm32f4xx_rtc.o(.text)
    RTC_AlarmSubSecondConfig                 0x0800734b   Thumb Code    38  stm32f4xx_rtc.o(.text)
    RTC_GetAlarmSubSecond                    0x08007371   Thumb Code    24  stm32f4xx_rtc.o(.text)
    RTC_WakeUpClockConfig                    0x08007389   Thumb Code    34  stm32f4xx_rtc.o(.text)
    RTC_SetWakeUpCounter                     0x080073ab   Thumb Code    22  stm32f4xx_rtc.o(.text)
    RTC_GetWakeUpCounter                     0x080073c1   Thumb Code    10  stm32f4xx_rtc.o(.text)
    RTC_WakeUpCmd                            0x080073cb   Thumb Code    84  stm32f4xx_rtc.o(.text)
    RTC_DayLightSavingConfig                 0x0800741f   Thumb Code    38  stm32f4xx_rtc.o(.text)
    RTC_GetStoreOperation                    0x08007445   Thumb Code    12  stm32f4xx_rtc.o(.text)
    RTC_OutputConfig                         0x08007451   Thumb Code    38  stm32f4xx_rtc.o(.text)
    RTC_CoarseCalibConfig                    0x08007477   Thumb Code    46  stm32f4xx_rtc.o(.text)
    RTC_CoarseCalibCmd                       0x080074a5   Thumb Code    56  stm32f4xx_rtc.o(.text)
    RTC_CalibOutputCmd                       0x080074dd   Thumb Code    38  stm32f4xx_rtc.o(.text)
    RTC_CalibOutputConfig                    0x08007503   Thumb Code    34  stm32f4xx_rtc.o(.text)
    RTC_SmoothCalibConfig                    0x08007525   Thumb Code    70  stm32f4xx_rtc.o(.text)
    RTC_TimeStampCmd                         0x0800756b   Thumb Code    42  stm32f4xx_rtc.o(.text)
    RTC_GetTimeStamp                         0x08007595   Thumb Code   130  stm32f4xx_rtc.o(.text)
    RTC_GetTimeStampSubSecond                0x08007617   Thumb Code     8  stm32f4xx_rtc.o(.text)
    RTC_TamperTriggerConfig                  0x0800761f   Thumb Code    24  stm32f4xx_rtc.o(.text)
    RTC_TamperCmd                            0x08007637   Thumb Code    28  stm32f4xx_rtc.o(.text)
    RTC_TamperFilterConfig                   0x08007653   Thumb Code    18  stm32f4xx_rtc.o(.text)
    RTC_TamperSamplingFreqConfig             0x08007665   Thumb Code    18  stm32f4xx_rtc.o(.text)
    RTC_TamperPinsPrechargeDuration          0x08007677   Thumb Code    18  stm32f4xx_rtc.o(.text)
    RTC_TimeStampOnTamperDetectionCmd        0x08007689   Thumb Code    22  stm32f4xx_rtc.o(.text)
    RTC_TamperPullUpCmd                      0x0800769f   Thumb Code    22  stm32f4xx_rtc.o(.text)
    RTC_WriteBackupRegister                  0x080076b5   Thumb Code    16  stm32f4xx_rtc.o(.text)
    RTC_ReadBackupRegister                   0x080076c5   Thumb Code    16  stm32f4xx_rtc.o(.text)
    RTC_TamperPinSelection                   0x080076d5   Thumb Code    18  stm32f4xx_rtc.o(.text)
    RTC_TimeStampPinSelection                0x080076e7   Thumb Code    18  stm32f4xx_rtc.o(.text)
    RTC_OutputTypeConfig                     0x080076f9   Thumb Code    18  stm32f4xx_rtc.o(.text)
    RTC_SynchroShiftConfig                   0x0800770b   Thumb Code    84  stm32f4xx_rtc.o(.text)
    RTC_ITConfig                             0x0800775f   Thumb Code    60  stm32f4xx_rtc.o(.text)
    RTC_GetFlagStatus                        0x0800779b   Thumb Code    22  stm32f4xx_rtc.o(.text)
    RTC_ClearFlag                            0x080077b1   Thumb Code    24  stm32f4xx_rtc.o(.text)
    RTC_GetITStatus                          0x080077c9   Thumb Code    46  stm32f4xx_rtc.o(.text)
    RTC_ClearITPendingBit                    0x080077f7   Thumb Code    24  stm32f4xx_rtc.o(.text)
    EXTI_DeInit                              0x08007845   Thumb Code    28  stm32f4xx_exti.o(.text)
    EXTI_Init                                0x08007861   Thumb Code   108  stm32f4xx_exti.o(.text)
    EXTI_StructInit                          0x080078cd   Thumb Code    14  stm32f4xx_exti.o(.text)
    EXTI_GenerateSWInterrupt                 0x080078db   Thumb Code    12  stm32f4xx_exti.o(.text)
    EXTI_GetFlagStatus                       0x080078e7   Thumb Code    18  stm32f4xx_exti.o(.text)
    EXTI_ClearFlag                           0x080078f9   Thumb Code     8  stm32f4xx_exti.o(.text)
    EXTI_GetITStatus                         0x08007901   Thumb Code    18  stm32f4xx_exti.o(.text)
    EXTI_ClearITPendingBit                   0x08007913   Thumb Code     8  stm32f4xx_exti.o(.text)
    PWR_DeInit                               0x08007925   Thumb Code    24  stm32f4xx_pwr.o(.text)
    PWR_BackupAccessCmd                      0x0800793d   Thumb Code     6  stm32f4xx_pwr.o(.text)
    PWR_PVDLevelConfig                       0x08007943   Thumb Code    14  stm32f4xx_pwr.o(.text)
    PWR_PVDCmd                               0x08007951   Thumb Code     6  stm32f4xx_pwr.o(.text)
    PWR_WakeUpPinCmd                         0x08007957   Thumb Code     8  stm32f4xx_pwr.o(.text)
    PWR_BackupRegulatorCmd                   0x0800795f   Thumb Code     8  stm32f4xx_pwr.o(.text)
    PWR_MainRegulatorModeConfig              0x08007967   Thumb Code    14  stm32f4xx_pwr.o(.text)
    PWR_OverDriveCmd                         0x08007975   Thumb Code     6  stm32f4xx_pwr.o(.text)
    PWR_OverDriveSWCmd                       0x0800797b   Thumb Code     6  stm32f4xx_pwr.o(.text)
    PWR_UnderDriveCmd                        0x08007981   Thumb Code    22  stm32f4xx_pwr.o(.text)
    PWR_MainRegulatorLowVoltageCmd           0x08007997   Thumb Code    10  stm32f4xx_pwr.o(.text)
    PWR_LowRegulatorLowVoltageCmd            0x080079a1   Thumb Code    10  stm32f4xx_pwr.o(.text)
    PWR_FlashPowerDownCmd                    0x080079ab   Thumb Code     6  stm32f4xx_pwr.o(.text)
    PWR_EnterSTOPMode                        0x080079b1   Thumb Code    46  stm32f4xx_pwr.o(.text)
    PWR_EnterUnderDriveSTOPMode              0x080079df   Thumb Code    46  stm32f4xx_pwr.o(.text)
    PWR_EnterSTANDBYMode                     0x08007a0d   Thumb Code    24  stm32f4xx_pwr.o(.text)
    PWR_GetFlagStatus                        0x08007a25   Thumb Code    16  stm32f4xx_pwr.o(.text)
    PWR_ClearFlag                            0x08007a35   Thumb Code    12  stm32f4xx_pwr.o(.text)
    delay_init                               0x08007a4d   Thumb Code    38  delay.o(.text)
    delay_us                                 0x08007a73   Thumb Code    46  delay.o(.text)
    delay_xms                                0x08007aa1   Thumb Code    46  delay.o(.text)
    delay_ms                                 0x08007acf   Thumb Code    50  delay.o(.text)
    _sys_exit                                0x08007b05   Thumb Code     2  usart.o(.text)
    fputc                                    0x08007b07   Thumb Code    14  usart.o(.text)
    uart_init                                0x08007b15   Thumb Code   164  usart.o(.text)
    USART1_IRQHandler                        0x08007bb9   Thumb Code    88  usart.o(.text)
    usmart_sys_cmd_exe                       0x08007c21   Thumb Code  1442  usmart.o(.text)
    usmart_reset_runtime                     0x080081c3   Thumb Code    40  usmart.o(.text)
    usmart_get_runtime                       0x080081eb   Thumb Code    48  usmart.o(.text)
    TIM4_IRQHandler                          0x0800821b   Thumb Code    50  usmart.o(.text)
    Timer4_Init                              0x0800824d   Thumb Code    88  usmart.o(.text)
    usmart_init                              0x080082a5   Thumb Code    36  usmart.o(.text)
    usmart_cmd_rec                           0x080082c9   Thumb Code   144  usmart.o(.text)
    usmart_exe                               0x08008359   Thumb Code   768  usmart.o(.text)
    usmart_scan                              0x08008659   Thumb Code    92  usmart.o(.text)
    read_addr                                0x080086b5   Thumb Code     4  usmart.o(.text)
    write_addr                               0x080086b9   Thumb Code     4  usmart.o(.text)
    usmart_strcmp                            0x08008735   Thumb Code    24  usmart_str.o(.text)
    usmart_strcopy                           0x0800874d   Thumb Code    18  usmart_str.o(.text)
    usmart_strlen                            0x0800875f   Thumb Code    18  usmart_str.o(.text)
    usmart_pow                               0x08008771   Thumb Code    16  usmart_str.o(.text)
    usmart_str2num                           0x08008781   Thumb Code   158  usmart_str.o(.text)
    usmart_get_cmdname                       0x0800881f   Thumb Code    46  usmart_str.o(.text)
    usmart_search_nextc                      0x0800884d   Thumb Code    16  usmart_str.o(.text)
    usmart_get_fname                         0x0800885d   Thumb Code   356  usmart_str.o(.text)
    usmart_get_aparm                         0x080089c1   Thumb Code   156  usmart_str.o(.text)
    usmart_get_parmpos                       0x08008a5d   Thumb Code    30  usmart_str.o(.text)
    usmart_get_fparam                        0x08008a7b   Thumb Code   206  usmart_str.o(.text)
    lwip_comm_mem_free                       0x08008b55   Thumb Code    26  lwip_comm.o(.text)
    lwip_comm_mem_malloc                     0x08008b6f   Thumb Code    50  lwip_comm.o(.text)
    lwip_comm_default_ip_set                 0x08008ba1   Thumb Code    74  lwip_comm.o(.text)
    lwip_comm_init                           0x08008beb   Thumb Code   112  lwip_comm.o(.text)
    lwip_pkt_handle                          0x08008c5b   Thumb Code     8  lwip_comm.o(.text)
    lwip_dhcp_process_handle                 0x08008c63   Thumb Code   288  lwip_comm.o(.text)
    lwip_periodic_handle                     0x08008d83   Thumb Code   102  lwip_comm.o(.text)
    tcp_client_set_remoteip                  0x08008fa5   Thumb Code   274  tcp_client_demo.o(.text)
    tcp_client_connection_close              0x080090b7   Thumb Code    72  tcp_client_demo.o(.text)
    tcp_client_senddata                      0x080090ff   Thumb Code    80  tcp_client_demo.o(.text)
    tcp_client_poll                          0x0800914f   Thumb Code   106  tcp_client_demo.o(.text)
    tcp_client_sent                          0x080091b9   Thumb Code    20  tcp_client_demo.o(.text)
    tcp_client_error                         0x080091cd   Thumb Code     2  tcp_client_demo.o(.text)
    tcp_client_recv                          0x080091cf   Thumb Code   152  tcp_client_demo.o(.text)
    tcp_client_connected                     0x08009267   Thumb Code   112  tcp_client_demo.o(.text)
    tcp_client_test                          0x080092d7   Thumb Code   950  tcp_client_demo.o(.text)
    tcp_server_remove_timewait               0x08009701   Thumb Code    54  tcp_server_demo.o(.text)
    tcp_server_connection_close              0x08009737   Thumb Code    72  tcp_server_demo.o(.text)
    tcp_server_senddata                      0x0800977f   Thumb Code    90  tcp_server_demo.o(.text)
    tcp_server_sent                          0x080097d9   Thumb Code    20  tcp_server_demo.o(.text)
    tcp_server_poll                          0x080097ed   Thumb Code   106  tcp_server_demo.o(.text)
    tcp_server_error                         0x08009857   Thumb Code    28  tcp_server_demo.o(.text)
    tcp_server_recv                          0x08009873   Thumb Code   186  tcp_server_demo.o(.text)
    tcp_server_accept                        0x0800992d   Thumb Code   124  tcp_server_demo.o(.text)
    tcp_server_test                          0x080099a9   Thumb Code   884  tcp_server_demo.o(.text)
    udp_demo_set_remoteip                    0x08009d55   Thumb Code   274  udp_demo.o(.text)
    udp_demo_connection_close                0x08009e67   Thumb Code    18  udp_demo.o(.text)
    udp_demo_senddata                        0x08009e79   Thumb Code    50  udp_demo.o(.text)
    udp_demo_recv                            0x08009eab   Thumb Code   130  udp_demo.o(.text)
    udp_demo_test                            0x08009f2d   Thumb Code   848  udp_demo.o(.text)
    fs_open                                  0x0800a27d   Thumb Code   104  fs.o(.text)
    fs_close                                 0x0800a2e5   Thumb Code     4  fs.o(.text)
    fs_read                                  0x0800a2e9   Thumb Code    52  fs.o(.text)
    fs_bytes_left                            0x0800a31d   Thumb Code     8  fs.o(.text)
    httpd_init                               0x0800afad   Thumb Code    18  httpd.o(.text)
    http_set_ssi_handler                     0x0800afbf   Thumb Code    80  httpd.o(.text)
    http_set_cgi_handlers                    0x0800b00f   Thumb Code    56  httpd.o(.text)
    ADC_Handler                              0x0800b17d   Thumb Code   118  httpd_cgi_ssi.o(.text)
    Temperate_Handler                        0x0800b1f3   Thumb Code    98  httpd_cgi_ssi.o(.text)
    RTCTime_Handler                          0x0800b255   Thumb Code    94  httpd_cgi_ssi.o(.text)
    RTCdate_Handler                          0x0800b2b3   Thumb Code   132  httpd_cgi_ssi.o(.text)
    LEDS_CGI_Handler                         0x0800b373   Thumb Code   162  httpd_cgi_ssi.o(.text)
    BEEP_CGI_Handler                         0x0800b415   Thumb Code   160  httpd_cgi_ssi.o(.text)
    httpd_ssi_init                           0x0800b4b5   Thumb Code    10  httpd_cgi_ssi.o(.text)
    httpd_cgi_init                           0x0800b4bf   Thumb Code     8  httpd_cgi_ssi.o(.text)
    etharp_tmr                               0x0800b5dd   Thumb Code    66  etharp.o(.text)
    etharp_cleanup_netif                     0x0800b83f   Thumb Code    42  etharp.o(.text)
    etharp_find_addr                         0x0800b869   Thumb Code    74  etharp.o(.text)
    etharp_request                           0x0800bbeb   Thumb Code    32  etharp.o(.text)
    etharp_query                             0x0800bc5f   Thumb Code   298  etharp.o(.text)
    etharp_output                            0x0800bd89   Thumb Code   306  etharp.o(.text)
    ethernet_input                           0x0800bebb   Thumb Code   380  etharp.o(.text)
    ethernetif_input                         0x0800c091   Thumb Code   116  ethernetif.o(.text)
    ethernetif_init                          0x0800c105   Thumb Code    48  ethernetif.o(.text)
    icmp_input                               0x0800c239   Thumb Code   310  icmp.o(.text)
    icmp_dest_unreach                        0x0800c3e7   Thumb Code     6  icmp.o(.text)
    icmp_time_exceeded                       0x0800c3ed   Thumb Code     6  icmp.o(.text)
    inet_chksum_pseudo                       0x0800c5bf   Thumb Code   136  inet_chksum.o(.text)
    inet_chksum_pseudo_partial               0x0800c647   Thumb Code   178  inet_chksum.o(.text)
    inet_chksum                              0x0800c6f9   Thumb Code    12  inet_chksum.o(.text)
    inet_chksum_pbuf                         0x0800c705   Thumb Code    72  inet_chksum.o(.text)
    ip_route                                 0x0800c7b5   Thumb Code    54  ip.o(.text)
    ip_input                                 0x0800c7eb   Thumb Code   366  ip.o(.text)
    ip_output_if                             0x0800c959   Thumb Code   210  ip.o(.text)
    ip_output                                0x0800ca2b   Thumb Code    72  ip.o(.text)
    ip4_addr_isbroadcast                     0x0800cb11   Thumb Code    46  ip_addr.o(.text)
    ip4_addr_netmask_valid                   0x0800cb3f   Thumb Code    38  ip_addr.o(.text)
    ipaddr_aton                              0x0800cb65   Thumb Code   262  ip_addr.o(.text)
    ipaddr_addr                              0x0800cc6b   Thumb Code    20  ip_addr.o(.text)
    ipaddr_ntoa_r                            0x0800cc7f   Thumb Code   118  ip_addr.o(.text)
    ipaddr_ntoa                              0x0800ccf5   Thumb Code     6  ip_addr.o(.text)
    ip_reass_tmr                             0x0800ce63   Thumb Code    40  ip_frag.o(.text)
    ip_reass                                 0x0800d051   Thumb Code   824  ip_frag.o(.text)
    ip_frag                                  0x0800d3d5   Thumb Code   382  ip_frag.o(.text)
    lwip_htons                               0x0800d591   Thumb Code     4  def.o(.text)
    lwip_ntohs                               0x0800d595   Thumb Code     4  def.o(.text)
    lwip_htonl                               0x0800d599   Thumb Code     4  def.o(.text)
    lwip_ntohl                               0x0800d59d   Thumb Code     4  def.o(.text)
    dhcp_renew                               0x0800dd0d   Thumb Code   132  dhcp.o(.text)
    dhcp_coarse_tmr                          0x0800de13   Thumb Code    90  dhcp.o(.text)
    dhcp_release                             0x0800df09   Thumb Code   160  dhcp.o(.text)
    dhcp_fine_tmr                            0x0800e0dd   Thumb Code    46  dhcp.o(.text)
    dhcp_set_struct                          0x0800e10b   Thumb Code    80  dhcp.o(.text)
    dhcp_cleanup                             0x0800e15b   Thumb Code    40  dhcp.o(.text)
    dhcp_stop                                0x0800e183   Thumb Code    92  dhcp.o(.text)
    dhcp_start                               0x0800e6e9   Thumb Code   220  dhcp.o(.text)
    dhcp_inform                              0x0800e7c5   Thumb Code   168  dhcp.o(.text)
    dhcp_network_changed                     0x0800e86d   Thumb Code    66  dhcp.o(.text)
    dhcp_arp_reply                           0x0800e8af   Thumb Code    48  dhcp.o(.text)
    lwip_init                                0x0800ea85   Thumb Code    30  init.o(.text)
    memp_get_memorysize                      0x0800eaa5   Thumb Code     6  memp.o(.text)
    memp_init                                0x0800eaab   Thumb Code    80  memp.o(.text)
    memp_malloc                              0x0800eafb   Thumb Code    62  memp.o(.text)
    memp_free                                0x0800eb39   Thumb Code    40  memp.o(.text)
    netif_init                               0x0800ec21   Thumb Code     2  netif.o(.text)
    netif_set_gw                             0x0800ec23   Thumb Code     8  netif.o(.text)
    netif_set_netmask                        0x0800ec2b   Thumb Code     8  netif.o(.text)
    netif_set_ipaddr                         0x0800ec33   Thumb Code    96  netif.o(.text)
    netif_set_addr                           0x0800ec93   Thumb Code    30  netif.o(.text)
    netif_add                                0x0800ecb1   Thumb Code    96  netif.o(.text)
    netif_set_default                        0x0800ed11   Thumb Code     6  netif.o(.text)
    netif_set_down                           0x0800ed17   Thumb Code    26  netif.o(.text)
    netif_remove                             0x0800ed31   Thumb Code    68  netif.o(.text)
    netif_find                               0x0800ed75   Thumb Code    58  netif.o(.text)
    netif_set_up                             0x0800edaf   Thumb Code    32  netif.o(.text)
    netif_set_link_up                        0x0800edcf   Thumb Code    56  netif.o(.text)
    netif_set_link_down                      0x0800ee07   Thumb Code    18  netif.o(.text)
    pbuf_free                                0x0800ee8d   Thumb Code   170  pbuf.o(.text)
    pbuf_alloc                               0x0800ef37   Thumb Code   460  pbuf.o(.text)
    pbuf_alloced_custom                      0x0800f103   Thumb Code   100  pbuf.o(.text)
    pbuf_realloc                             0x0800f167   Thumb Code   186  pbuf.o(.text)
    pbuf_header                              0x0800f221   Thumb Code   806  pbuf.o(.text)
    pbuf_clen                                0x0800f547   Thumb Code    18  pbuf.o(.text)
    pbuf_ref                                 0x0800f559   Thumb Code    12  pbuf.o(.text)
    pbuf_cat                                 0x0800f565   Thumb Code   108  pbuf.o(.text)
    pbuf_chain                               0x0800f5d1   Thumb Code    16  pbuf.o(.text)
    pbuf_dechain                             0x0800f5e1   Thumb Code   102  pbuf.o(.text)
    pbuf_copy                                0x0800f647   Thumb Code   258  pbuf.o(.text)
    pbuf_copy_partial                        0x0800f749   Thumb Code   130  pbuf.o(.text)
    pbuf_take                                0x0800f7cb   Thumb Code   146  pbuf.o(.text)
    pbuf_coalesce                            0x0800f85d   Thumb Code    66  pbuf.o(.text)
    pbuf_get_at                              0x0800f89f   Thumb Code    24  pbuf.o(.text)
    pbuf_memcmp                              0x0800f8b7   Thumb Code   646  pbuf.o(.text)
    pbuf_memfind                             0x0800fb3d   Thumb Code    56  pbuf.o(.text)
    pbuf_strstr                              0x0800fb75   Thumb Code    50  pbuf.o(.text)
    raw_input                                0x0800fba9   Thumb Code   104  raw.o(.text)
    raw_bind                                 0x0800fc11   Thumb Code    10  raw.o(.text)
    raw_connect                              0x0800fc1b   Thumb Code    10  raw.o(.text)
    raw_recv                                 0x0800fc25   Thumb Code     6  raw.o(.text)
    raw_sendto                               0x0800fc2b   Thumb Code   160  raw.o(.text)
    raw_send                                 0x0800fccb   Thumb Code     4  raw.o(.text)
    raw_remove                               0x0800fccf   Thumb Code    40  raw.o(.text)
    raw_new                                  0x0800fcf7   Thumb Code    38  raw.o(.text)
    tcp_init                                 0x0800fda1   Thumb Code     2  tcp.o(.text)
    tcp_seg_free                             0x0800fda3   Thumb Code    28  tcp.o(.text)
    tcp_segs_free                            0x0800fdbf   Thumb Code    18  tcp.o(.text)
    tcp_pcb_purge                            0x0800fdd1   Thumb Code    58  tcp.o(.text)
    tcp_slowtmr                              0x0800fe0b   Thumb Code   754  tcp.o(.text)
    tcp_pcb_remove                           0x080100fd   Thumb Code   126  tcp.o(.text)
    tcp_close                                0x080104a9   Thumb Code    18  tcp.o(.text)
    tcp_update_rcv_ann_wnd                   0x080104bb   Thumb Code    80  tcp.o(.text)
    tcp_recved                               0x0801050b   Thumb Code   112  tcp.o(.text)
    tcp_recv_null                            0x0801057b   Thumb Code    34  tcp.o(.text)
    tcp_process_refused_data                 0x0801059d   Thumb Code   100  tcp.o(.text)
    tcp_fasttmr                              0x08010601   Thumb Code    88  tcp.o(.text)
    tcp_tmr                                  0x08010659   Thumb Code    30  tcp.o(.text)
    tcp_shutdown                             0x08010677   Thumb Code    76  tcp.o(.text)
    tcp_abandon                              0x080106c3   Thumb Code   162  tcp.o(.text)
    tcp_abort                                0x08010765   Thumb Code     4  tcp.o(.text)
    tcp_bind                                 0x0801087d   Thumb Code   136  tcp.o(.text)
    tcp_listen_with_backlog                  0x0801090b   Thumb Code   146  tcp.o(.text)
    tcp_eff_send_mss                         0x0801099d   Thumb Code    32  tcp.o(.text)
    tcp_next_iss                             0x080109bd   Thumb Code    12  tcp.o(.text)
    tcp_connect                              0x080109c9   Thumb Code   266  tcp.o(.text)
    tcp_setprio                              0x08010ad3   Thumb Code     4  tcp.o(.text)
    tcp_alloc                                0x08010ad7   Thumb Code   236  tcp.o(.text)
    tcp_new                                  0x08010bc3   Thumb Code     4  tcp.o(.text)
    tcp_arg                                  0x08010bc7   Thumb Code     4  tcp.o(.text)
    tcp_recv                                 0x08010bcb   Thumb Code    34  tcp.o(.text)
    tcp_sent                                 0x08010bed   Thumb Code    34  tcp.o(.text)
    tcp_err                                  0x08010c0f   Thumb Code    36  tcp.o(.text)
    tcp_accept                               0x08010c33   Thumb Code     4  tcp.o(.text)
    tcp_poll                                 0x08010c37   Thumb Code    42  tcp.o(.text)
    tcp_debug_state_str                      0x08010c61   Thumb Code    10  tcp.o(.text)
    tcp_input                                0x08011961   Thumb Code  1212  tcp_in.o(.text)
    tcp_enqueue_flags                        0x08011fc7   Thumb Code   286  tcp_out.o(.text)
    tcp_send_fin                             0x080120e5   Thumb Code    68  tcp_out.o(.text)
    tcp_write                                0x080121fd   Thumb Code  1410  tcp_out.o(.text)
    tcp_send_empty_ack                       0x0801277f   Thumb Code    72  tcp_out.o(.text)
    tcp_output                               0x080129d7   Thumb Code   440  tcp_out.o(.text)
    tcp_rst                                  0x08012b8f   Thumb Code   144  tcp_out.o(.text)
    tcp_rexmit_rto                           0x08012c1f   Thumb Code    44  tcp_out.o(.text)
    tcp_rexmit                               0x08012c4b   Thumb Code    82  tcp_out.o(.text)
    tcp_rexmit_fast                          0x08012c9d   Thumb Code    88  tcp_out.o(.text)
    tcp_keepalive                            0x08012cf5   Thumb Code    60  tcp_out.o(.text)
    tcp_zero_window_probe                    0x08012d31   Thumb Code   220  tcp_out.o(.text)
    sys_timeout                              0x08012e0d   Thumb Code   104  timers.o(.text)
    tcp_timer_needed                         0x08012e9b   Thumb Code    34  timers.o(.text)
    sys_timeouts_init                        0x08012f0d   Thumb Code    60  timers.o(.text)
    sys_untimeout                            0x08012f49   Thumb Code    68  timers.o(.text)
    sys_check_timeouts                       0x08012f8d   Thumb Code    74  timers.o(.text)
    sys_restart_timeouts                     0x08012fd7   Thumb Code    12  timers.o(.text)
    udp_init                                 0x08013099   Thumb Code     2  udp.o(.text)
    udp_input                                0x0801309b   Thumb Code   388  udp.o(.text)
    udp_bind                                 0x0801321f   Thumb Code   192  udp.o(.text)
    udp_sendto_if                            0x080132df   Thumb Code   202  udp.o(.text)
    udp_sendto                               0x080133a9   Thumb Code    40  udp.o(.text)
    udp_send                                 0x080133d1   Thumb Code     6  udp.o(.text)
    udp_connect                              0x080133d7   Thumb Code    70  udp.o(.text)
    udp_disconnect                           0x0801341d   Thumb Code    16  udp.o(.text)
    udp_recv                                 0x0801342d   Thumb Code     6  udp.o(.text)
    udp_remove                               0x08013433   Thumb Code    40  udp.o(.text)
    udp_new                                  0x0801345b   Thumb Code    26  udp.o(.text)
    mem_init                                 0x080135cf   Thumb Code    44  mem.o(.text)
    mem_free                                 0x080135fb   Thumb Code   108  mem.o(.text)
    mem_trim                                 0x08013667   Thumb Code   240  mem.o(.text)
    mem_malloc                               0x08013757   Thumb Code   252  mem.o(.text)
    mem_calloc                               0x08013853   Thumb Code    26  mem.o(.text)
    sys_now                                  0x08013a65   Thumb Code     6  sys_arch.o(.text)
    mymemcpy                                 0x08013a71   Thumb Code    16  malloc.o(.text)
    mymemset                                 0x08013a81   Thumb Code    12  malloc.o(.text)
    mymem_init                               0x08013a8d   Thumb Code    52  malloc.o(.text)
    mem_perused                              0x08013ac1   Thumb Code    48  malloc.o(.text)
    mymem_malloc                             0x08013af1   Thumb Code   136  malloc.o(.text)
    mymem_free                               0x08013b79   Thumb Code    82  malloc.o(.text)
    myfree                                   0x08013bcb   Thumb Code    18  malloc.o(.text)
    mymalloc                                 0x08013bdd   Thumb Code    28  malloc.o(.text)
    myrealloc                                0x08013bf9   Thumb Code    54  malloc.o(.text)
    __use_no_semihosting                     0x08013c39   Thumb Code     2  use_no_semi_2.o(.text)
    __2printf                                0x08013c3d   Thumb Code    20  noretval__2printf.o(.text)
    __2sprintf                               0x08013c55   Thumb Code    34  noretval__2sprintf.o(.text)
    _printf_pre_padding                      0x08013c7d   Thumb Code    44  _printf_pad.o(.text)
    _printf_post_padding                     0x08013ca9   Thumb Code    34  _printf_pad.o(.text)
    _printf_str                              0x08013ccb   Thumb Code    82  _printf_str.o(.text)
    _printf_int_dec                          0x08013d1d   Thumb Code   104  _printf_dec.o(.text)
    _printf_int_hex                          0x08013d95   Thumb Code    84  _printf_hex_int.o(.text)
    _printf_longlong_hex                     0x08013d95   Thumb Code     0  _printf_hex_int.o(.text)
    __printf                                 0x08013ded   Thumb Code   388  __printf_flags_ss_wp.o(.text)
    strchr                                   0x08013f75   Thumb Code    20  strchr.o(.text)
    strstr                                   0x08013f89   Thumb Code    36  strstr.o(.text)
    memcmp                                   0x08013fad   Thumb Code    88  memcmp.o(.text)
    strlen                                   0x08014005   Thumb Code    62  strlen.o(.text)
    strncmp                                  0x08014043   Thumb Code   150  strncmp.o(.text)
    __aeabi_memcpy                           0x080140d9   Thumb Code     0  rt_memcpy_v6.o(.text)
    __rt_memcpy                              0x080140d9   Thumb Code   138  rt_memcpy_v6.o(.text)
    _memcpy_lastbytes                        0x0801413f   Thumb Code     0  rt_memcpy_v6.o(.text)
    __aeabi_memcpy4                          0x08014163   Thumb Code     0  rt_memcpy_w.o(.text)
    __aeabi_memcpy8                          0x08014163   Thumb Code     0  rt_memcpy_w.o(.text)
    __rt_memcpy_w                            0x08014163   Thumb Code   100  rt_memcpy_w.o(.text)
    _memcpy_lastbytes_aligned                0x080141ab   Thumb Code     0  rt_memcpy_w.o(.text)
    __aeabi_memclr                           0x080141c7   Thumb Code     0  rt_memclr.o(.text)
    __rt_memclr                              0x080141c7   Thumb Code    68  rt_memclr.o(.text)
    _memset                                  0x080141cb   Thumb Code     0  rt_memclr.o(.text)
    __aeabi_memclr4                          0x0801420b   Thumb Code     0  rt_memclr_w.o(.text)
    __aeabi_memclr8                          0x0801420b   Thumb Code     0  rt_memclr_w.o(.text)
    __rt_memclr_w                            0x0801420b   Thumb Code    78  rt_memclr_w.o(.text)
    _memset_w                                0x0801420f   Thumb Code     0  rt_memclr_w.o(.text)
    strcmp                                   0x08014259   Thumb Code   128  strcmpv7m.o(.text)
    __use_two_region_memory                  0x080142d9   Thumb Code     2  heapauxi.o(.text)
    __rt_heap_escrow$2region                 0x080142db   Thumb Code     2  heapauxi.o(.text)
    __rt_heap_expand$2region                 0x080142dd   Thumb Code     2  heapauxi.o(.text)
    __I$use$semihosting                      0x080142df   Thumb Code     0  use_no_semi.o(.text)
    __use_no_semihosting_swi                 0x080142df   Thumb Code     2  use_no_semi.o(.text)
    _printf_int_common                       0x080142e1   Thumb Code   178  _printf_intcommon.o(.text)
    _printf_char_common                      0x0801439f   Thumb Code    32  _printf_char_common.o(.text)
    _sputc                                   0x080143c5   Thumb Code    10  _sputc.o(.text)
    _printf_cs_common                        0x080143cf   Thumb Code    20  _printf_char.o(.text)
    _printf_char                             0x080143e3   Thumb Code    16  _printf_char.o(.text)
    _printf_string                           0x080143f3   Thumb Code     8  _printf_char.o(.text)
    _printf_char_file                        0x080143fd   Thumb Code    32  _printf_char_file.o(.text)
    ferror                                   0x08014421   Thumb Code     8  ferror.o(.text)
    __user_setup_stackheap                   0x08014429   Thumb Code    74  sys_stackheap_outer.o(.text)
    exit                                     0x08014473   Thumb Code    18  exit.o(.text)
    __user_libspace                          0x08014485   Thumb Code     8  libspace.o(.text)
    __user_perproc_libspace                  0x08014485   Thumb Code     0  libspace.o(.text)
    __user_perthread_libspace                0x08014485   Thumb Code     0  libspace.o(.text)
    _is_digit                                0x0801448d   Thumb Code    14  __printf_wp.o(i._is_digit)
    __aeabi_dadd                             0x0801449d   Thumb Code     0  daddsub_clz.o(x$fpl$dadd)
    _dadd                                    0x0801449d   Thumb Code   332  daddsub_clz.o(x$fpl$dadd)
    __aeabi_ddiv                             0x080145ed   Thumb Code     0  ddiv.o(x$fpl$ddiv)
    _ddiv                                    0x080145ed   Thumb Code   552  ddiv.o(x$fpl$ddiv)
    __aeabi_d2iz                             0x0801489d   Thumb Code     0  dfix.o(x$fpl$dfix)
    _dfix                                    0x0801489d   Thumb Code    94  dfix.o(x$fpl$dfix)
    __aeabi_d2uiz                            0x080148fd   Thumb Code     0  dfixu.o(x$fpl$dfixu)
    _dfixu                                   0x080148fd   Thumb Code    90  dfixu.o(x$fpl$dfixu)
    __aeabi_ui2d                             0x08014957   Thumb Code     0  dflt_clz.o(x$fpl$dfltu)
    _dfltu                                   0x08014957   Thumb Code    38  dflt_clz.o(x$fpl$dfltu)
    __aeabi_dmul                             0x0801497d   Thumb Code     0  dmul.o(x$fpl$dmul)
    _dmul                                    0x0801497d   Thumb Code   332  dmul.o(x$fpl$dmul)
    __fpl_dnaninf                            0x08014ad1   Thumb Code   156  dnaninf.o(x$fpl$dnaninf)
    __fpl_dretinf                            0x08014b6d   Thumb Code    12  dretinf.o(x$fpl$dretinf)
    __aeabi_dsub                             0x08014b79   Thumb Code     0  daddsub_clz.o(x$fpl$dsub)
    _dsub                                    0x08014b79   Thumb Code   464  daddsub_clz.o(x$fpl$dsub)
    __aeabi_f2d                              0x08014d4d   Thumb Code     0  f2d.o(x$fpl$f2d)
    _f2d                                     0x08014d4d   Thumb Code    86  f2d.o(x$fpl$f2d)
    __fpl_fnaninf                            0x08014da3   Thumb Code   140  fnaninf.o(x$fpl$fnaninf)
    _fp_init                                 0x08014e2f   Thumb Code    10  fpinit.o(x$fpl$fpinit)
    __fplib_config_fpu_vfp                   0x08014e37   Thumb Code     0  fpinit.o(x$fpl$fpinit)
    __fplib_config_pureend_doubles           0x08014e37   Thumb Code     0  fpinit.o(x$fpl$fpinit)
    __I$use$fp                               0x08014e38   Number         0  usenofp.o(x$fpl$usenofp)
    asc2_1206                                0x08014e38   Data        1140  lcd.o(.constdata)
    asc2_1608                                0x080152ac   Data        1520  lcd.o(.constdata)
    asc2_2412                                0x0801589c   Data        3420  lcd.o(.constdata)
    FSMC_DefaultTimingStruct                 0x080165f8   Data          28  stm32f4xx_fsmc.o(.constdata)
    file__image_head_jpg                     0x0802f6bc   Data          20  fs.o(.constdata)
    file__image_stm32_jpg                    0x0802f6d0   Data          20  fs.o(.constdata)
    file__image_tab_jpg                      0x0802f6e4   Data          20  fs.o(.constdata)
    file__404_html                           0x0802f6f8   Data          20  fs.o(.constdata)
    file__index_html                         0x0802f70c   Data          20  fs.o(.constdata)
    file__STM32F407ADC_TEMPERATE_shtml       0x0802f720   Data          20  fs.o(.constdata)
    file__STM32F407LED_OFF_BEEP_OFF_shtml    0x0802f734   Data          20  fs.o(.constdata)
    file__STM32F407LED_OFF_BEEP_ON_shtml     0x0802f748   Data          20  fs.o(.constdata)
    file__STM32F407LED_ON_BEEP_OFF_shtml     0x0802f75c   Data          20  fs.o(.constdata)
    file__STM32F407LED_ON_BEEP_ON_shtml      0x0802f770   Data          20  fs.o(.constdata)
    file__STM32F407RTC_shtml                 0x0802f784   Data          20  fs.o(.constdata)
    g_pcTagLeadIn                            0x0802f798   Data           4  httpd.o(.constdata)
    g_pcTagLeadOut                           0x0802f79c   Data           4  httpd.o(.constdata)
    g_psDefaultFilenames                     0x0802f7a0   Data          40  httpd.o(.constdata)
    ethbroadcast                             0x0802f7d8   Data           6  etharp.o(.constdata)
    ethzero                                  0x0802f7de   Data           6  etharp.o(.constdata)
    ip_addr_any                              0x0802f7e4   Data           4  ip_addr.o(.constdata)
    ip_addr_broadcast                        0x0802f7e8   Data           4  ip_addr.o(.constdata)
    tcp_persist_backoff                      0x0802f814   Data           7  tcp.o(.constdata)
    tcp_state_str                            0x0802f81c   Data          44  tcp.o(.constdata)
    tcp_backoff                              0x0802f848   Data          13  tcp.o(.constdata)
    tcp_pcb_lists                            0x0802f858   Data          16  tcp.o(.constdata)
    memtblsize                               0x0802f868   Data          12  malloc.o(.constdata)
    memblksize                               0x0802f874   Data          12  malloc.o(.constdata)
    memsize                                  0x0802f880   Data          12  malloc.o(.constdata)
    Region$$Table$$Base                      0x0802fe04   Number         0  anon$$obj.o(Region$$Table)
    Region$$Table$$Limit                     0x0802fe24   Number         0  anon$$obj.o(Region$$Table)
    mem3base                                 0x10000000   Data       61440  malloc.o(.ARM.__AT_0x10000000)
    mem3mapbase                              0x1000f000   Data        3840  malloc.o(.ARM.__AT_0x1000F000)
    SystemCoreClock                          0x20000000   Data           4  system_stm32f4xx.o(.data)
    AHBPrescTable                            0x20000004   Data          16  system_stm32f4xx.o(.data)
    POINT_COLOR                              0x20000016   Data           2  lcd.o(.data)
    BACK_COLOR                               0x20000018   Data           2  lcd.o(.data)
    DMARxDscrTab                             0x2000001c   Data           4  lan8720.o(.data)
    DMATxDscrTab                             0x20000020   Data           4  lan8720.o(.data)
    Rx_Buff                                  0x20000024   Data           4  lan8720.o(.data)
    Tx_Buff                                  0x20000028   Data           4  lan8720.o(.data)
    NVIC_InitStructure                       0x2000002c   Data           4  rtc.o(.data)
    DMATxDescToSet                           0x20000040   Data           4  stm32f4x7_eth.o(.data)
    DMARxDescToGet                           0x20000044   Data           4  stm32f4x7_eth.o(.data)
    DMA_RX_FRAME_infos                       0x20000048   Data           4  stm32f4x7_eth.o(.data)
    USART_RX_STA                             0x20000050   Data           2  usart.o(.data)
    __stdout                                 0x20000054   Data           4  usart.o(.data)
    sys_cmd_tab                              0x20000058   Data          28  usmart.o(.data)
    usmart_nametab                           0x20000074   Data         112  usmart_config.o(.data)
    usmart_dev                               0x200000e4   Data         244  usmart_config.o(.data)
    TCPTimer                                 0x200001d8   Data           4  lwip_comm.o(.data)
    ARPTimer                                 0x200001dc   Data           4  lwip_comm.o(.data)
    DHCPfineTimer                            0x200001e0   Data           4  lwip_comm.o(.data)
    DHCPcoarseTimer                          0x200001e4   Data           4  lwip_comm.o(.data)
    lwip_localtime                           0x200001e8   Data           4  lwip_comm.o(.data)
    tcp_client_flag                          0x200001ec   Data           1  tcp_client_demo.o(.data)
    tcp_client_sendbuf                       0x200001f0   Data           4  tcp_client_demo.o(.data)
    tcp_server_flag                          0x200001f4   Data           1  tcp_server_demo.o(.data)
    tcp_server_sendbuf                       0x200001f8   Data           4  tcp_server_demo.o(.data)
    udp_demo_flag                            0x200001fc   Data           1  udp_demo.o(.data)
    tcp_demo_sendbuf                         0x20000200   Data           4  udp_demo.o(.data)
    g_pfnSSIHandler                          0x20000204   Data           4  httpd.o(.data)
    g_iNumTags                               0x20000208   Data           4  httpd.o(.data)
    g_ppcTags                                0x2000020c   Data           4  httpd.o(.data)
    g_pCGIs                                  0x20000210   Data           4  httpd.o(.data)
    g_iNumCGIs                               0x20000214   Data           4  httpd.o(.data)
    g_pcSSIExtensions                        0x20000218   Data          16  httpd.o(.data)
    current_netif                            0x20000240   Data           4  ip.o(.data)
    current_header                           0x20000244   Data           4  ip.o(.data)
    current_iphdr_src                        0x20000248   Data           4  ip.o(.data)
    current_iphdr_dest                       0x2000024c   Data           4  ip.o(.data)
    memp_memory                              0x2000025c   Data           4  memp.o(.data)
    netif_list                               0x20000264   Data           4  netif.o(.data)
    netif_default                            0x20000268   Data           4  netif.o(.data)
    tcp_active_pcbs_changed                  0x20000270   Data           1  tcp.o(.data)
    tcp_ticks                                0x2000027c   Data           4  tcp.o(.data)
    tcp_bound_pcbs                           0x20000280   Data           4  tcp.o(.data)
    tcp_listen_pcbs                          0x20000284   Data           4  tcp.o(.data)
    tcp_active_pcbs                          0x20000288   Data           4  tcp.o(.data)
    tcp_tw_pcbs                              0x2000028c   Data           4  tcp.o(.data)
    tcp_tmp_pcb                              0x20000290   Data           4  tcp.o(.data)
    tcp_input_pcb                            0x200002ac   Data           4  tcp_in.o(.data)
    udp_pcbs                                 0x200002c0   Data           4  udp.o(.data)
    ram_heap                                 0x200002c4   Data           4  mem.o(.data)
    mallco_dev                               0x200002d4   Data          36  malloc.o(.data)
    lcddev                                   0x200002f8   Data          14  lcd.o(.bss)
    RX_Frame_Descriptor                      0x20000308   Data          12  stm32f4x7_eth.o(.bss)
    USART_RX_BUF                             0x20000314   Data         200  usart.o(.bss)
    lwipdev                                  0x200003dc   Data          23  lwip_comm.o(.bss)
    lwip_netif                               0x200003f4   Data          52  lwip_comm.o(.bss)
    tcp_client_recvbuf                       0x20000428   Data         200  tcp_client_demo.o(.bss)
    tcp_server_recvbuf                       0x200004f0   Data         200  tcp_server_demo.o(.bss)
    udp_demo_recvbuf                         0x200005b8   Data         200  udp_demo.o(.bss)
    fs_memory                                0x20000680   Data         240  fs.o(.bss)
    dhcp_rx_options_val                      0x20000c48   Data          40  dhcp.o(.bss)
    dhcp_rx_options_given                    0x20000c70   Data          10  dhcp.o(.bss)
    mem1base                                 0x20000cb4   Data       102400  malloc.o(.bss)
    mem1mapbase                              0x20019cb4   Data        6400  malloc.o(.bss)
    __libspace_start                         0x2001b5b4   Data          96  libspace.o(.bss)
    __temporary_stack_top$libspace           0x2001b614   Data           0  libspace.o(.bss)
    mem2base                                 0x68000000   Data       204800  malloc.o(.ARM.__AT_0x68000000)
    mem2mapbase                              0x68032000   Data       12800  malloc.o(.ARM.__AT_0x68032000)



==============================================================================

Memory Map of the image

  Image Entry point : 0x08000189

  Load Region LR_IROM1 (Base: 0x08000000, Size: 0x0003011c, Max: 0x00100000, ABSOLUTE, COMPRESSED[0x0002ff20])

    Execution Region ER_IROM1 (Exec base: 0x08000000, Load base: 0x08000000, Size: 0x0002fe24, Max: 0x00100000, ABSOLUTE)

    Exec Addr    Load Addr    Size         Type   Attr      Idx    E Section Name        Object

    0x08000000   0x08000000   0x00000188   Data   RO          585    RESET               startup_stm32f40_41xxx.o
    0x08000188   0x08000188   0x00000008   Code   RO         1927  * !!!main             c_w.l(__main.o)
    0x08000190   0x08000190   0x00000034   Code   RO         2136    !!!scatter          c_w.l(__scatter.o)
    0x080001c4   0x080001c4   0x0000005a   Code   RO         2134    !!dczerorl2         c_w.l(__dczerorl2.o)
    0x0800021e   0x0800021e   0x00000002   PAD
    0x08000220   0x08000220   0x0000001c   Code   RO         2138    !!handler_zi        c_w.l(__scatter_zi.o)
    0x0800023c   0x0800023c   0x00000000   Code   RO         1904    .ARM.Collect$$_printf_percent$$00000000  c_w.l(_printf_percent.o)
    0x0800023c   0x0800023c   0x00000006   Code   RO         1902    .ARM.Collect$$_printf_percent$$00000009  c_w.l(_printf_d.o)
    0x08000242   0x08000242   0x00000006   Code   RO         1903    .ARM.Collect$$_printf_percent$$0000000A  c_w.l(_printf_u.o)
    0x08000248   0x08000248   0x00000006   Code   RO         1901    .ARM.Collect$$_printf_percent$$0000000C  c_w.l(_printf_x.o)
    0x0800024e   0x0800024e   0x00000006   Code   RO         1899    .ARM.Collect$$_printf_percent$$00000013  c_w.l(_printf_c.o)
    0x08000254   0x08000254   0x00000006   Code   RO         1900    .ARM.Collect$$_printf_percent$$00000014  c_w.l(_printf_s.o)
    0x0800025a   0x0800025a   0x00000004   Code   RO         1970    .ARM.Collect$$_printf_percent$$00000017  c_w.l(_printf_percent_end.o)
    0x0800025e   0x0800025e   0x00000002   Code   RO         2008    .ARM.Collect$$libinit$$00000000  c_w.l(libinit.o)
    0x08000260   0x08000260   0x00000004   Code   RO         2014    .ARM.Collect$$libinit$$00000001  c_w.l(libinit2.o)
    0x08000264   0x08000264   0x00000000   Code   RO         2017    .ARM.Collect$$libinit$$00000004  c_w.l(libinit2.o)
    0x08000264   0x08000264   0x00000000   Code   RO         2020    .ARM.Collect$$libinit$$0000000A  c_w.l(libinit2.o)
    0x08000264   0x08000264   0x00000000   Code   RO         2022    .ARM.Collect$$libinit$$0000000C  c_w.l(libinit2.o)
    0x08000264   0x08000264   0x00000000   Code   RO         2024    .ARM.Collect$$libinit$$0000000E  c_w.l(libinit2.o)
    0x08000264   0x08000264   0x00000000   Code   RO         2027    .ARM.Collect$$libinit$$00000011  c_w.l(libinit2.o)
    0x08000264   0x08000264   0x00000000   Code   RO         2029    .ARM.Collect$$libinit$$00000013  c_w.l(libinit2.o)
    0x08000264   0x08000264   0x00000000   Code   RO         2031    .ARM.Collect$$libinit$$00000015  c_w.l(libinit2.o)
    0x08000264   0x08000264   0x00000000   Code   RO         2033    .ARM.Collect$$libinit$$00000017  c_w.l(libinit2.o)
    0x08000264   0x08000264   0x00000000   Code   RO         2035    .ARM.Collect$$libinit$$00000019  c_w.l(libinit2.o)
    0x08000264   0x08000264   0x00000000   Code   RO         2037    .ARM.Collect$$libinit$$0000001B  c_w.l(libinit2.o)
    0x08000264   0x08000264   0x00000000   Code   RO         2039    .ARM.Collect$$libinit$$0000001D  c_w.l(libinit2.o)
    0x08000264   0x08000264   0x00000000   Code   RO         2041    .ARM.Collect$$libinit$$0000001F  c_w.l(libinit2.o)
    0x08000264   0x08000264   0x00000000   Code   RO         2043    .ARM.Collect$$libinit$$00000021  c_w.l(libinit2.o)
    0x08000264   0x08000264   0x00000000   Code   RO         2045    .ARM.Collect$$libinit$$00000023  c_w.l(libinit2.o)
    0x08000264   0x08000264   0x00000000   Code   RO         2047    .ARM.Collect$$libinit$$00000025  c_w.l(libinit2.o)
    0x08000264   0x08000264   0x00000000   Code   RO         2051    .ARM.Collect$$libinit$$0000002C  c_w.l(libinit2.o)
    0x08000264   0x08000264   0x00000000   Code   RO         2053    .ARM.Collect$$libinit$$0000002E  c_w.l(libinit2.o)
    0x08000264   0x08000264   0x00000000   Code   RO         2055    .ARM.Collect$$libinit$$00000030  c_w.l(libinit2.o)
    0x08000264   0x08000264   0x00000000   Code   RO         2057    .ARM.Collect$$libinit$$00000032  c_w.l(libinit2.o)
    0x08000264   0x08000264   0x00000002   Code   RO         2058    .ARM.Collect$$libinit$$00000033  c_w.l(libinit2.o)
    0x08000266   0x08000266   0x00000002   Code   RO         2076    .ARM.Collect$$libshutdown$$00000000  c_w.l(libshutdown.o)
    0x08000268   0x08000268   0x00000000   Code   RO         2086    .ARM.Collect$$libshutdown$$00000002  c_w.l(libshutdown2.o)
    0x08000268   0x08000268   0x00000000   Code   RO         2088    .ARM.Collect$$libshutdown$$00000004  c_w.l(libshutdown2.o)
    0x08000268   0x08000268   0x00000000   Code   RO         2091    .ARM.Collect$$libshutdown$$00000007  c_w.l(libshutdown2.o)
    0x08000268   0x08000268   0x00000000   Code   RO         2094    .ARM.Collect$$libshutdown$$0000000A  c_w.l(libshutdown2.o)
    0x08000268   0x08000268   0x00000000   Code   RO         2096    .ARM.Collect$$libshutdown$$0000000C  c_w.l(libshutdown2.o)
    0x08000268   0x08000268   0x00000000   Code   RO         2099    .ARM.Collect$$libshutdown$$0000000F  c_w.l(libshutdown2.o)
    0x08000268   0x08000268   0x00000002   Code   RO         2100    .ARM.Collect$$libshutdown$$00000010  c_w.l(libshutdown2.o)
    0x0800026a   0x0800026a   0x00000000   Code   RO         1959    .ARM.Collect$$rtentry$$00000000  c_w.l(__rtentry.o)
    0x0800026a   0x0800026a   0x00000000   Code   RO         1979    .ARM.Collect$$rtentry$$00000002  c_w.l(__rtentry2.o)
    0x0800026a   0x0800026a   0x00000006   Code   RO         1991    .ARM.Collect$$rtentry$$00000004  c_w.l(__rtentry4.o)
    0x08000270   0x08000270   0x00000000   Code   RO         1981    .ARM.Collect$$rtentry$$00000009  c_w.l(__rtentry2.o)
    0x08000270   0x08000270   0x00000004   Code   RO         1982    .ARM.Collect$$rtentry$$0000000A  c_w.l(__rtentry2.o)
    0x08000274   0x08000274   0x00000000   Code   RO         1984    .ARM.Collect$$rtentry$$0000000C  c_w.l(__rtentry2.o)
    0x08000274   0x08000274   0x00000008   Code   RO         1985    .ARM.Collect$$rtentry$$0000000D  c_w.l(__rtentry2.o)
    0x0800027c   0x0800027c   0x00000002   Code   RO         2012    .ARM.Collect$$rtexit$$00000000  c_w.l(rtexit.o)
    0x0800027e   0x0800027e   0x00000000   Code   RO         2060    .ARM.Collect$$rtexit$$00000002  c_w.l(rtexit2.o)
    0x0800027e   0x0800027e   0x00000004   Code   RO         2061    .ARM.Collect$$rtexit$$00000003  c_w.l(rtexit2.o)
    0x08000282   0x08000282   0x00000006   Code   RO         2062    .ARM.Collect$$rtexit$$00000004  c_w.l(rtexit2.o)
    0x08000288   0x08000288   0x00000404   Code   RO            3    .text               main.o
    0x0800068c   0x0800068c   0x00000012   Code   RO          271    .text               stm32f4xx_it.o
    0x0800069e   0x0800069e   0x00000002   PAD
    0x080006a0   0x080006a0   0x0000017c   Code   RO          320    .text               system_stm32f4xx.o
    0x0800081c   0x0800081c   0x000000d4   Code   RO          346    .text               key.o
    0x080008f0   0x080008f0   0x00000040   Code   RO          367    .text               led.o
    0x08000930   0x08000930   0x00000084   Code   RO          387    .text               timer.o
    0x080009b4   0x080009b4   0x00003272   Code   RO          412    .text               lcd.o
    0x08003c26   0x08003c26   0x00000002   PAD
    0x08003c28   0x08003c28   0x000002ec   Code   RO          451    .text               lan8720.o
    0x08003f14   0x08003f14   0x000002e0   Code   RO          478    .text               sram.o
    0x080041f4   0x080041f4   0x000000d4   Code   RO          498    .text               adc.o
    0x080042c8   0x080042c8   0x00000040   Code   RO          518    .text               beep.o
    0x08004308   0x08004308   0x00000148   Code   RO          538    .text               temperature.o
    0x08004450   0x08004450   0x00000228   Code   RO          561    .text               rtc.o
    0x08004678   0x08004678   0x00000040   Code   RO          586    .text               startup_stm32f40_41xxx.o
    0x080046b8   0x080046b8   0x000000b0   Code   RO          592    .text               misc.o
    0x08004768   0x08004768   0x0000020c   Code   RO          612    .text               stm32f4xx_gpio.o
    0x08004974   0x08004974   0x00000480   Code   RO          632    .text               stm32f4xx_rcc.o
    0x08004df4   0x08004df4   0x0000007c   Code   RO          654    .text               stm32f4xx_syscfg.o
    0x08004e70   0x08004e70   0x000009dc   Code   RO          674    .text               stm32f4xx_tim.o
    0x0800584c   0x0800584c   0x00000358   Code   RO          695    .text               stm32f4xx_usart.o
    0x08005ba4   0x08005ba4   0x00000ab8   Code   RO          715    .text               stm32f4x7_eth.o
    0x0800665c   0x0800665c   0x00000354   Code   RO          744    .text               stm32f4xx_adc.o
    0x080069b0   0x080069b0   0x00000448   Code   RO          764    .text               stm32f4xx_fsmc.o
    0x08006df8   0x08006df8   0x00000a4c   Code   RO          787    .text               stm32f4xx_rtc.o
    0x08007844   0x08007844   0x000000e0   Code   RO          808    .text               stm32f4xx_exti.o
    0x08007924   0x08007924   0x00000128   Code   RO          828    .text               stm32f4xx_pwr.o
    0x08007a4c   0x08007a4c   0x000000b8   Code   RO          848    .text               delay.o
    0x08007b04   0x08007b04   0x0000011c   Code   RO          888    .text               usart.o
    0x08007c20   0x08007c20   0x00000b14   Code   RO          920    .text               usmart.o
    0x08008734   0x08008734   0x00000420   Code   RO          967    .text               usmart_str.o
    0x08008b54   0x08008b54   0x00000450   Code   RO          988    .text               lwip_comm.o
    0x08008fa4   0x08008fa4   0x0000075c   Code   RO         1053    .text               tcp_client_demo.o
    0x08009700   0x08009700   0x00000654   Code   RO         1095    .text               tcp_server_demo.o
    0x08009d54   0x08009d54   0x00000528   Code   RO         1121    .text               udp_demo.o
    0x0800a27c   0x0800a27c   0x000000d8   Code   RO         1163    .text               fs.o
    0x0800a354   0x0800a354   0x00000e28   Code   RO         1211    .text               httpd.o
    0x0800b17c   0x0800b17c   0x00000440   Code   RO         1240    .text               httpd_cgi_ssi.o
    0x0800b5bc   0x0800b5bc   0x00000aa0   Code   RO         1262    .text               etharp.o
    0x0800c05c   0x0800c05c   0x000001dc   Code   RO         1292    .text               ethernetif.o
    0x0800c238   0x0800c238   0x00000330   Code   RO         1341    .text               icmp.o
    0x0800c568   0x0800c568   0x0000024c   Code   RO         1378    .text               inet_chksum.o
    0x0800c7b4   0x0800c7b4   0x0000035c   Code   RO         1393    .text               ip.o
    0x0800cb10   0x0800cb10   0x00000254   Code   RO         1423    .text               ip_addr.o
    0x0800cd64   0x0800cd64   0x0000082c   Code   RO         1447    .text               ip_frag.o
    0x0800d590   0x0800d590   0x00000010   Code   RO         1464    .text               def.o
    0x0800d5a0   0x0800d5a0   0x000014e4   Code   RO         1477    .text               dhcp.o
    0x0800ea84   0x0800ea84   0x0000001e   Code   RO         1503    .text               init.o
    0x0800eaa2   0x0800eaa2   0x00000002   PAD
    0x0800eaa4   0x0800eaa4   0x0000017c   Code   RO         1530    .text               memp.o
    0x0800ec20   0x0800ec20   0x0000026c   Code   RO         1556    .text               netif.o
    0x0800ee8c   0x0800ee8c   0x00000d1a   Code   RO         1579    .text               pbuf.o
    0x0800fba6   0x0800fba6   0x00000002   PAD
    0x0800fba8   0x0800fba8   0x000001f8   Code   RO         1592    .text               raw.o
    0x0800fda0   0x0800fda0   0x00000ff0   Code   RO         1612    .text               tcp.o
    0x08010d90   0x08010d90   0x0000111c   Code   RO         1637    .text               tcp_in.o
    0x08011eac   0x08011eac   0x00000f60   Code   RO         1660    .text               tcp_out.o
    0x08012e0c   0x08012e0c   0x0000028c   Code   RO         1673    .text               timers.o
    0x08013098   0x08013098   0x0000049c   Code   RO         1687    .text               udp.o
    0x08013534   0x08013534   0x00000530   Code   RO         1717    .text               mem.o
    0x08013a64   0x08013a64   0x0000000c   Code   RO         1734    .text               sys_arch.o
    0x08013a70   0x08013a70   0x000001c8   Code   RO         1806    .text               malloc.o
    0x08013c38   0x08013c38   0x00000002   Code   RO         1840    .text               c_w.l(use_no_semi_2.o)
    0x08013c3a   0x08013c3a   0x00000002   PAD
    0x08013c3c   0x08013c3c   0x00000018   Code   RO         1846    .text               c_w.l(noretval__2printf.o)
    0x08013c54   0x08013c54   0x00000028   Code   RO         1848    .text               c_w.l(noretval__2sprintf.o)
    0x08013c7c   0x08013c7c   0x0000004e   Code   RO         1852    .text               c_w.l(_printf_pad.o)
    0x08013cca   0x08013cca   0x00000052   Code   RO         1854    .text               c_w.l(_printf_str.o)
    0x08013d1c   0x08013d1c   0x00000078   Code   RO         1856    .text               c_w.l(_printf_dec.o)
    0x08013d94   0x08013d94   0x00000058   Code   RO         1861    .text               c_w.l(_printf_hex_int.o)
    0x08013dec   0x08013dec   0x00000188   Code   RO         1896    .text               c_w.l(__printf_flags_ss_wp.o)
    0x08013f74   0x08013f74   0x00000014   Code   RO         1905    .text               c_w.l(strchr.o)
    0x08013f88   0x08013f88   0x00000024   Code   RO         1907    .text               c_w.l(strstr.o)
    0x08013fac   0x08013fac   0x00000058   Code   RO         1909    .text               c_w.l(memcmp.o)
    0x08014004   0x08014004   0x0000003e   Code   RO         1911    .text               c_w.l(strlen.o)
    0x08014042   0x08014042   0x00000096   Code   RO         1913    .text               c_w.l(strncmp.o)
    0x080140d8   0x080140d8   0x0000008a   Code   RO         1915    .text               c_w.l(rt_memcpy_v6.o)
    0x08014162   0x08014162   0x00000064   Code   RO         1917    .text               c_w.l(rt_memcpy_w.o)
    0x080141c6   0x080141c6   0x00000044   Code   RO         1919    .text               c_w.l(rt_memclr.o)
    0x0801420a   0x0801420a   0x0000004e   Code   RO         1921    .text               c_w.l(rt_memclr_w.o)
    0x08014258   0x08014258   0x00000080   Code   RO         1923    .text               c_w.l(strcmpv7m.o)
    0x080142d8   0x080142d8   0x00000006   Code   RO         1925    .text               c_w.l(heapauxi.o)
    0x080142de   0x080142de   0x00000002   Code   RO         1957    .text               c_w.l(use_no_semi.o)
    0x080142e0   0x080142e0   0x000000b2   Code   RO         1960    .text               c_w.l(_printf_intcommon.o)
    0x08014392   0x08014392   0x00000002   PAD
    0x08014394   0x08014394   0x00000030   Code   RO         1962    .text               c_w.l(_printf_char_common.o)
    0x080143c4   0x080143c4   0x0000000a   Code   RO         1964    .text               c_w.l(_sputc.o)
    0x080143ce   0x080143ce   0x0000002c   Code   RO         1966    .text               c_w.l(_printf_char.o)
    0x080143fa   0x080143fa   0x00000002   PAD
    0x080143fc   0x080143fc   0x00000024   Code   RO         1968    .text               c_w.l(_printf_char_file.o)
    0x08014420   0x08014420   0x00000008   Code   RO         1995    .text               c_w.l(ferror.o)
    0x08014428   0x08014428   0x0000004a   Code   RO         1999    .text               c_w.l(sys_stackheap_outer.o)
    0x08014472   0x08014472   0x00000012   Code   RO         2001    .text               c_w.l(exit.o)
    0x08014484   0x08014484   0x00000008   Code   RO         2009    .text               c_w.l(libspace.o)
    0x0801448c   0x0801448c   0x0000000e   Code   RO         1889    i._is_digit         c_w.l(__printf_wp.o)
    0x0801449a   0x0801449a   0x00000002   PAD
    0x0801449c   0x0801449c   0x00000150   Code   RO         1929    x$fpl$dadd          fz_wm.l(daddsub_clz.o)
    0x080145ec   0x080145ec   0x000002b0   Code   RO         1936    x$fpl$ddiv          fz_wm.l(ddiv.o)
    0x0801489c   0x0801489c   0x0000005e   Code   RO         1939    x$fpl$dfix          fz_wm.l(dfix.o)
    0x080148fa   0x080148fa   0x00000002   PAD
    0x080148fc   0x080148fc   0x0000005a   Code   RO         1943    x$fpl$dfixu         fz_wm.l(dfixu.o)
    0x08014956   0x08014956   0x00000026   Code   RO         1947    x$fpl$dfltu         fz_wm.l(dflt_clz.o)
    0x0801497c   0x0801497c   0x00000154   Code   RO         1953    x$fpl$dmul          fz_wm.l(dmul.o)
    0x08014ad0   0x08014ad0   0x0000009c   Code   RO         1971    x$fpl$dnaninf       fz_wm.l(dnaninf.o)
    0x08014b6c   0x08014b6c   0x0000000c   Code   RO         1973    x$fpl$dretinf       fz_wm.l(dretinf.o)
    0x08014b78   0x08014b78   0x000001d4   Code   RO         1931    x$fpl$dsub          fz_wm.l(daddsub_clz.o)
    0x08014d4c   0x08014d4c   0x00000056   Code   RO         1955    x$fpl$f2d           fz_wm.l(f2d.o)
    0x08014da2   0x08014da2   0x0000008c   Code   RO         1975    x$fpl$fnaninf       fz_wm.l(fnaninf.o)
    0x08014e2e   0x08014e2e   0x0000000a   Code   RO         2068    x$fpl$fpinit        fz_wm.l(fpinit.o)
    0x08014e38   0x08014e38   0x00000000   Code   RO         1977    x$fpl$usenofp       fz_wm.l(usenofp.o)
    0x08014e38   0x08014e38   0x000017c0   Data   RO          414    .constdata          lcd.o
    0x080165f8   0x080165f8   0x0000001c   Data   RO          765    .constdata          stm32f4xx_fsmc.o
    0x08016614   0x08016614   0x00006133   Data   RO         1165    .constdata          fs.o
    0x0801c747   0x0801c747   0x0000b93b   Data   RO         1166    .constdata          fs.o
    0x08028082   0x08028082   0x000005df   Data   RO         1167    .constdata          fs.o
    0x08028661   0x08028661   0x000009b1   Data   RO         1168    .constdata          fs.o
    0x08029012   0x08029012   0x000013ff   Data   RO         1169    .constdata          fs.o
    0x0802a411   0x0802a411   0x00000c28   Data   RO         1170    .constdata          fs.o
    0x0802b039   0x0802b039   0x00000ea4   Data   RO         1171    .constdata          fs.o
    0x0802bedd   0x0802bedd   0x00000ea0   Data   RO         1172    .constdata          fs.o
    0x0802cd7d   0x0802cd7d   0x00000ea0   Data   RO         1173    .constdata          fs.o
    0x0802dc1d   0x0802dc1d   0x00000ea1   Data   RO         1174    .constdata          fs.o
    0x0802eabe   0x0802eabe   0x00000bfd   Data   RO         1175    .constdata          fs.o
    0x0802f6bb   0x0802f6bb   0x00000001   PAD
    0x0802f6bc   0x0802f6bc   0x00000014   Data   RO         1176    .constdata          fs.o
    0x0802f6d0   0x0802f6d0   0x00000014   Data   RO         1177    .constdata          fs.o
    0x0802f6e4   0x0802f6e4   0x00000014   Data   RO         1178    .constdata          fs.o
    0x0802f6f8   0x0802f6f8   0x00000014   Data   RO         1179    .constdata          fs.o
    0x0802f70c   0x0802f70c   0x00000014   Data   RO         1180    .constdata          fs.o
    0x0802f720   0x0802f720   0x00000014   Data   RO         1181    .constdata          fs.o
    0x0802f734   0x0802f734   0x00000014   Data   RO         1182    .constdata          fs.o
    0x0802f748   0x0802f748   0x00000014   Data   RO         1183    .constdata          fs.o
    0x0802f75c   0x0802f75c   0x00000014   Data   RO         1184    .constdata          fs.o
    0x0802f770   0x0802f770   0x00000014   Data   RO         1185    .constdata          fs.o
    0x0802f784   0x0802f784   0x00000014   Data   RO         1186    .constdata          fs.o
    0x0802f798   0x0802f798   0x00000030   Data   RO         1213    .constdata          httpd.o
    0x0802f7c8   0x0802f7c8   0x00000010   Data   RO         1241    .constdata          httpd_cgi_ssi.o
    0x0802f7d8   0x0802f7d8   0x0000000c   Data   RO         1264    .constdata          etharp.o
    0x0802f7e4   0x0802f7e4   0x00000004   Data   RO         1425    .constdata          ip_addr.o
    0x0802f7e8   0x0802f7e8   0x00000004   Data   RO         1426    .constdata          ip_addr.o
    0x0802f7ec   0x0802f7ec   0x00000028   Data   RO         1532    .constdata          memp.o
    0x0802f814   0x0802f814   0x00000054   Data   RO         1613    .constdata          tcp.o
    0x0802f868   0x0802f868   0x00000024   Data   RO         1813    .constdata          malloc.o
    0x0802f88c   0x0802f88c   0x00000028   Data   RO         1862    .constdata          c_w.l(_printf_hex_int.o)
    0x0802f8b4   0x0802f8b4   0x00000011   Data   RO         1897    .constdata          c_w.l(__printf_flags_ss_wp.o)
    0x0802f8c5   0x0802f8c5   0x00000003   PAD
    0x0802f8c8   0x0802f8c8   0x00000028   Data   RO          921    .conststring        usmart.o
    0x0802f8f0   0x0802f8f0   0x0000025f   Data   RO          945    .conststring        usmart_config.o
    0x0802fb4f   0x0802fb4f   0x00000001   PAD
    0x0802fb50   0x0802fb50   0x0000002a   Data   RO         1055    .conststring        tcp_client_demo.o
    0x0802fb7a   0x0802fb7a   0x00000002   PAD
    0x0802fb7c   0x0802fb7c   0x0000002a   Data   RO         1097    .conststring        tcp_server_demo.o
    0x0802fba6   0x0802fba6   0x00000002   PAD
    0x0802fba8   0x0802fba8   0x00000028   Data   RO         1123    .conststring        udp_demo.o
    0x0802fbd0   0x0802fbd0   0x0000006a   Data   RO         1214    .conststring        httpd.o
    0x0802fc3a   0x0802fc3a   0x00000002   PAD
    0x0802fc3c   0x0802fc3c   0x00000026   Data   RO         1242    .conststring        httpd_cgi_ssi.o
    0x0802fc62   0x0802fc62   0x00000002   PAD
    0x0802fc64   0x0802fc64   0x00000044   Data   RO         1265    .conststring        etharp.o
    0x0802fca8   0x0802fca8   0x0000008c   Data   RO         1479    .conststring        dhcp.o
    0x0802fd34   0x0802fd34   0x00000075   Data   RO         1614    .conststring        tcp.o
    0x0802fda9   0x0802fda9   0x00000003   PAD
    0x0802fdac   0x0802fdac   0x00000055   Data   RO         1661    .conststring        tcp_out.o
    0x0802fe01   0x0802fe01   0x00000003   PAD
    0x0802fe04   0x0802fe04   0x00000020   Data   RO         2132    Region$$Table       anon$$obj.o


    Execution Region RW_IRAM1 (Exec base: 0x20000000, Load base: 0x0802fe24, Size: 0x0001bc18, Max: 0x00020000, ABSOLUTE, COMPRESSED[0x000000fc])

    Exec Addr    Load Addr    Size         Type   Attr      Idx    E Section Name        Object

    0x20000000   COMPRESSED   0x00000014   Data   RW          321    .data               system_stm32f4xx.o
    0x20000014   COMPRESSED   0x00000001   Data   RW          347    .data               key.o
    0x20000015   COMPRESSED   0x00000001   PAD
    0x20000016   COMPRESSED   0x00000004   Data   RW          415    .data               lcd.o
    0x2000001a   COMPRESSED   0x00000002   PAD
    0x2000001c   COMPRESSED   0x00000010   Data   RW          452    .data               lan8720.o
    0x2000002c   COMPRESSED   0x00000004   Data   RW          562    .data               rtc.o
    0x20000030   COMPRESSED   0x00000010   Data   RW          633    .data               stm32f4xx_rcc.o
    0x20000040   COMPRESSED   0x0000000c   Data   RW          717    .data               stm32f4x7_eth.o
    0x2000004c   COMPRESSED   0x00000004   Data   RW          849    .data               delay.o
    0x20000050   COMPRESSED   0x00000002   Data   RW          890    .data               usart.o
    0x20000052   COMPRESSED   0x00000002   PAD
    0x20000054   COMPRESSED   0x00000004   Data   RW          891    .data               usart.o
    0x20000058   COMPRESSED   0x0000001c   Data   RW          922    .data               usmart.o
    0x20000074   COMPRESSED   0x00000070   Data   RW          946    .data               usmart_config.o
    0x200000e4   COMPRESSED   0x000000f4   Data   RW          947    .data               usmart_config.o
    0x200001d8   COMPRESSED   0x00000014   Data   RW          990    .data               lwip_comm.o
    0x200001ec   COMPRESSED   0x00000008   Data   RW         1056    .data               tcp_client_demo.o
    0x200001f4   COMPRESSED   0x00000008   Data   RW         1098    .data               tcp_server_demo.o
    0x200001fc   COMPRESSED   0x00000008   Data   RW         1124    .data               udp_demo.o
    0x20000204   COMPRESSED   0x00000024   Data   RW         1215    .data               httpd.o
    0x20000228   COMPRESSED   0x00000010   Data   RW         1243    .data               httpd_cgi_ssi.o
    0x20000238   COMPRESSED   0x00000001   Data   RW         1266    .data               etharp.o
    0x20000239   COMPRESSED   0x00000003   PAD
    0x2000023c   COMPRESSED   0x00000014   Data   RW         1394    .data               ip.o
    0x20000250   COMPRESSED   0x00000008   Data   RW         1448    .data               ip_frag.o
    0x20000258   COMPRESSED   0x00000004   Data   RW         1480    .data               dhcp.o
    0x2000025c   COMPRESSED   0x00000004   Data   RW         1533    .data               memp.o
    0x20000260   COMPRESSED   0x0000000c   Data   RW         1557    .data               netif.o
    0x2000026c   COMPRESSED   0x00000004   Data   RW         1593    .data               raw.o
    0x20000270   COMPRESSED   0x00000024   Data   RW         1615    .data               tcp.o
    0x20000294   COMPRESSED   0x0000001c   Data   RW         1639    .data               tcp_in.o
    0x200002b0   COMPRESSED   0x0000000c   Data   RW         1674    .data               timers.o
    0x200002bc   COMPRESSED   0x00000008   Data   RW         1688    .data               udp.o
    0x200002c4   COMPRESSED   0x00000010   Data   RW         1718    .data               mem.o
    0x200002d4   COMPRESSED   0x00000024   Data   RW         1814    .data               malloc.o
    0x200002f8        -       0x0000000e   Zero   RW          413    .bss                lcd.o
    0x20000306   COMPRESSED   0x00000002   PAD
    0x20000308        -       0x0000000c   Zero   RW          716    .bss                stm32f4x7_eth.o
    0x20000314        -       0x000000c8   Zero   RW          889    .bss                usart.o
    0x200003dc        -       0x0000004c   Zero   RW          989    .bss                lwip_comm.o
    0x20000428        -       0x000000c8   Zero   RW         1054    .bss                tcp_client_demo.o
    0x200004f0        -       0x000000c8   Zero   RW         1096    .bss                tcp_server_demo.o
    0x200005b8        -       0x000000c8   Zero   RW         1122    .bss                udp_demo.o
    0x20000680        -       0x000000f0   Zero   RW         1164    .bss                fs.o
    0x20000770        -       0x00000400   Zero   RW         1212    .bss                httpd.o
    0x20000b70        -       0x000000c8   Zero   RW         1263    .bss                etharp.o
    0x20000c38        -       0x00000010   Zero   RW         1424    .bss                ip_addr.o
    0x20000c48        -       0x00000032   Zero   RW         1478    .bss                dhcp.o
    0x20000c7a   COMPRESSED   0x00000002   PAD
    0x20000c7c        -       0x00000028   Zero   RW         1531    .bss                memp.o
    0x20000ca4        -       0x00000010   Zero   RW         1638    .bss                tcp_in.o
    0x20000cb4        -       0x00019000   Zero   RW         1811    .bss                malloc.o
    0x20019cb4        -       0x00001900   Zero   RW         1812    .bss                malloc.o
    0x2001b5b4        -       0x00000060   Zero   RW         2010    .bss                c_w.l(libspace.o)
    0x2001b614   COMPRESSED   0x00000004   PAD
    0x2001b618        -       0x00000200   Zero   RW          584    HEAP                startup_stm32f40_41xxx.o
    0x2001b818        -       0x00000400   Zero   RW          583    STACK               startup_stm32f40_41xxx.o



  Load Region LR$$.ARM.__AT_0x10000000 (Base: 0x10000000, Size: 0x00000000, Max: 0x0000f000, ABSOLUTE)

    Execution Region ER$$.ARM.__AT_0x10000000 (Exec base: 0x10000000, Load base: 0x10000000, Size: 0x0000f000, Max: 0x0000f000, ABSOLUTE, UNINIT)

    Exec Addr    Load Addr    Size         Type   Attr      Idx    E Section Name        Object

    0x10000000        -       0x0000f000   Zero   RW         1807    .ARM.__AT_0x10000000  malloc.o



  Load Region LR$$.ARM.__AT_0x1000F000 (Base: 0x1000f000, Size: 0x00000000, Max: 0x00000f00, ABSOLUTE)

    Execution Region ER$$.ARM.__AT_0x1000F000 (Exec base: 0x1000f000, Load base: 0x1000f000, Size: 0x00000f00, Max: 0x00000f00, ABSOLUTE, UNINIT)

    Exec Addr    Load Addr    Size         Type   Attr      Idx    E Section Name        Object

    0x1000f000        -       0x00000f00   Zero   RW         1808    .ARM.__AT_0x1000F000  malloc.o



  Load Region LR$$.ARM.__AT_0x68000000 (Base: 0x68000000, Size: 0x00000000, Max: 0x00032000, ABSOLUTE)

    Execution Region ER$$.ARM.__AT_0x68000000 (Exec base: 0x68000000, Load base: 0x68000000, Size: 0x00032000, Max: 0x00032000, ABSOLUTE, UNINIT)

    Exec Addr    Load Addr    Size         Type   Attr      Idx    E Section Name        Object

    0x68000000        -       0x00032000   Zero   RW         1809    .ARM.__AT_0x68000000  malloc.o



  Load Region LR$$.ARM.__AT_0x68032000 (Base: 0x68032000, Size: 0x00000000, Max: 0x00003200, ABSOLUTE)

    Execution Region ER$$.ARM.__AT_0x68032000 (Exec base: 0x68032000, Load base: 0x68032000, Size: 0x00003200, Max: 0x00003200, ABSOLUTE, UNINIT)

    Exec Addr    Load Addr    Size         Type   Attr      Idx    E Section Name        Object

    0x68032000        -       0x00003200   Zero   RW         1810    .ARM.__AT_0x68032000  malloc.o


==============================================================================

Image component sizes


      Code (inc. data)   RO Data    RW Data    ZI Data      Debug   Object Name

       212         10          0          0          0       1155   adc.o
        64          6          0          0          0        532   beep.o
        16          0          0          0          0       1424   def.o
       184          4          0          4          0       1485   delay.o
      5348       1064        140          4         50      14066   dhcp.o
      2720        590         80          1        200      10877   etharp.o
       476        132          0          0          0       4810   ethernetif.o
       216         10     102787          0        240       6044   fs.o
      3624        750        154         36       1024      12782   httpd.o
      1088        204         54         16          0       5096   httpd_cgi_ssi.o
       816        374          0          0          0       2438   icmp.o
         0          0          0          0          0       3812   inet.o
       588        104          0          0          0       3377   inet_chksum.o
        30          0          0          0          0        528   init.o
       860        158          0         20          0       7215   ip.o
       596        112          8          0         16       9439   ip_addr.o
      2092        464          0          8          0       7948   ip_frag.o
       212         22          0          1          0        912   key.o
       748         40          0         16          0       3677   lan8720.o
     12914        102       6080          4         14      19728   lcd.o
        64          6          0          0          0        523   led.o
      1104        444          0         20         76      18379   lwip_comm.o
      1028        352          0          0          0     373951   main.o
       456         10         36         36     391680       5105   malloc.o
      1328        504          0         16          0       3978   mem.o
       380        192         40          4         40       2976   memp.o
       176         12          0          0          0       2093   misc.o
       620        116          0         12          0       6691   netif.o
      3354       1232          0          0          0       9823   pbuf.o
       504        132          0          4          0       3541   raw.o
       552         20          0          4          0       3202   rtc.o
       736         22          0          0          0       1916   sram.o
        64         26        392          0       1536        816   startup_stm32f40_41xxx.o
      2744         86          0         12         12      20972   stm32f4x7_eth.o
       852         20          0          0          0      11062   stm32f4xx_adc.o
       224         10          0          0          0       2547   stm32f4xx_exti.o
      1096         10         28          0          0       6250   stm32f4xx_fsmc.o
       524         44          0          0          0       4617   stm32f4xx_gpio.o
        18          0          0          0          0       1194   stm32f4xx_it.o
       296         12          0          0          0       3847   stm32f4xx_pwr.o
      1152         48          0         16          0      13488   stm32f4xx_rcc.o
      2636         48          0          0          0      16382   stm32f4xx_rtc.o
       124         16          0          0          0       1945   stm32f4xx_syscfg.o
      2524         52          0          0          0      24142   stm32f4xx_tim.o
       856         32          0          0          0       8432   stm32f4xx_usart.o
        12          6          0          0          0        462   sys_arch.o
       380         36          0         20          0       1843   system_stm32f4xx.o
      4080        994        201         36          0      22669   tcp.o
      1884        408         42          8        200       9275   tcp_client_demo.o
      4380        810          0         28         16      15095   tcp_in.o
      3936        862         85          0          0      10951   tcp_out.o
      1620        334         42          8        200       5294   tcp_server_demo.o
       328         48          0          0          0       1794   temperature.o
       132          8          0          0          0        832   timer.o
       652        182          0         12          0       3151   timers.o
      1180        192          0          8          0      14623   udp.o
      1320        290         40          8        200       5587   udp_demo.o
       284         16          0          6        200       3318   usart.o
      2836       1292         40         28          0       4680   usmart.o
         0          0        607        356          0       1488   usmart_config.o
      1056         12          0          0          0       6199   usmart_str.o

    ----------------------------------------------------------------------
     80304      13082     110904        760     395708     772478   Object Totals
         0          0         32          0          0          0   (incl. Generated)
         8          0         16          8          4          0   (incl. Padding)

    ----------------------------------------------------------------------

      Code (inc. data)   RO Data    RW Data    ZI Data      Debug   Library Member Name

        90          0          0          0          0          0   __dczerorl2.o
         8          0          0          0          0         68   __main.o
       392          4         17          0          0         92   __printf_flags_ss_wp.o
        14          0          0          0          0         68   __printf_wp.o
         0          0          0          0          0          0   __rtentry.o
        12          0          0          0          0          0   __rtentry2.o
         6          0          0          0          0          0   __rtentry4.o
        52          8          0          0          0          0   __scatter.o
        28          0          0          0          0          0   __scatter_zi.o
         6          0          0          0          0          0   _printf_c.o
        44          0          0          0          0        108   _printf_char.o
        48          6          0          0          0         96   _printf_char_common.o
        36          4          0          0          0         80   _printf_char_file.o
         6          0          0          0          0          0   _printf_d.o
       120         16          0          0          0         92   _printf_dec.o
        88          4         40          0          0         88   _printf_hex_int.o
       178          0          0          0          0         88   _printf_intcommon.o
        78          0          0          0          0        108   _printf_pad.o
         0          0          0          0          0          0   _printf_percent.o
         4          0          0          0          0          0   _printf_percent_end.o
         6          0          0          0          0          0   _printf_s.o
        82          0          0          0          0         80   _printf_str.o
         6          0          0          0          0          0   _printf_u.o
         6          0          0          0          0          0   _printf_x.o
        10          0          0          0          0         68   _sputc.o
        18          0          0          0          0         80   exit.o
         8          0          0          0          0         68   ferror.o
         6          0          0          0          0        152   heapauxi.o
         2          0          0          0          0          0   libinit.o
         6          0          0          0          0          0   libinit2.o
         2          0          0          0          0          0   libshutdown.o
         2          0          0          0          0          0   libshutdown2.o
         8          4          0          0         96         68   libspace.o
        88          0          0          0          0         76   memcmp.o
        24          4          0          0          0         84   noretval__2printf.o
        40          6          0          0          0         84   noretval__2sprintf.o
        68          0          0          0          0         68   rt_memclr.o
        78          0          0          0          0         80   rt_memclr_w.o
       138          0          0          0          0         68   rt_memcpy_v6.o
       100          0          0          0          0         80   rt_memcpy_w.o
         2          0          0          0          0          0   rtexit.o
        10          0          0          0          0          0   rtexit2.o
        20          0          0          0          0         68   strchr.o
       128          0          0          0          0         68   strcmpv7m.o
        62          0          0          0          0         76   strlen.o
       150          0          0          0          0         80   strncmp.o
        36          0          0          0          0         80   strstr.o
        74          0          0          0          0         80   sys_stackheap_outer.o
         2          0          0          0          0         68   use_no_semi.o
         2          0          0          0          0         68   use_no_semi_2.o
       804         16          0          0          0        368   daddsub_clz.o
       688        140          0          0          0        256   ddiv.o
        94          4          0          0          0        140   dfix.o
        90          4          0          0          0        140   dfixu.o
        38          0          0          0          0        116   dflt_clz.o
       340         12          0          0          0        152   dmul.o
       156          4          0          0          0        140   dnaninf.o
        12          0          0          0          0        116   dretinf.o
        86          4          0          0          0        132   f2d.o
       140          4          0          0          0        132   fnaninf.o
        10          0          0          0          0        116   fpinit.o
         0          0          0          0          0          0   usenofp.o

    ----------------------------------------------------------------------
      4864        244         60          0        100       4340   Library Totals
        12          0          3          0          4          0   (incl. Padding)

    ----------------------------------------------------------------------

      Code (inc. data)   RO Data    RW Data    ZI Data      Debug   Library Name

      2394         56         57          0         96       2532   c_w.l
      2458        188          0          0          0       1808   fz_wm.l

    ----------------------------------------------------------------------
      4864        244         60          0        100       4340   Library Totals

    ----------------------------------------------------------------------

==============================================================================


      Code (inc. data)   RO Data    RW Data    ZI Data      Debug   

     85168      13326     110964        760     395808     760814   Grand Totals
     85168      13326     110964        252     395808     760814   ELF Image Totals (compressed)
     85168      13326     110964        252          0          0   ROM Totals

==============================================================================

    Total RO  Size (Code + RO Data)               196132 ( 191.54kB)
    Total RW  Size (RW Data + ZI Data)            396568 ( 387.27kB)
    Total ROM Size (Code + RO Data + RW Data)     196384 ( 191.78kB)

==============================================================================

