<html>
<body>
<pre>
<h1>µVision Build Log</h1>
<h2>Tool Versions:</h2>
IDE-Version: ¦ÌVision V5.38.0.0
Copyright (C) 2022 ARM Ltd and ARM Germany GmbH. All rights reserved.
License Information: 3232332 Ð¡´ä´ä, 32, LIC=585FJ-US0N9-BSYYX-H91KV-P11VT-RNP3W
 
Tool Versions:
Toolchain:       MDK-ARM Plus  Version: 5.38.0.0
Toolchain Path:  C:\Keil_v5\ARM\ARMCC\Bin
C Compiler:      Armcc.exe V5.06 update 3 (build 300)
Assembler:       Armasm.exe V5.06 update 3 (build 300)
Linker/Locator:  ArmLink.exe V5.06 update 3 (build 300)
Library Manager: ArmAr.exe V5.06 update 3 (build 300)
Hex Converter:   FromElf.exe V5.06 update 3 (build 300)
CPU DLL:         SARMCM3.DLL V5.38.0.0
Dialog DLL:      DCM.DLL V1.17.5.0
Target DLL:      CMSIS_AGDI.dll V1.33.15.0
Dialog DLL:      TCM.DLL V1.56.4.0
 
<h2>Project:</h2>
D:\tongban\course\diy-tcpip\code\stm32\USER\tcpip.uvprojx
Project File Date:  02/10/2023

<h2>Output:</h2>
*** Using Compiler 'V5.06 update 3 (build 300)', folder: 'C:\Keil_v5\ARM\ARMCC\Bin'
Build target 'rtos'
compiling system_stm32f4xx.c...
compiling stm32f4xx_it.c...
compiling key.c...
compiling led.c...
compiling sram.c...
compiling LAN8720.c...
assembling startup_stm32f40_41xxx.s...
compiling lcd.c...
compiling adc.c...
compiling beep.c...
compiling temperature.c...
compiling rtc.c...
compiling misc.c...
compiling stm32f4xx_gpio.c...
compiling sdio_sdcard.c...
compiling stm32f4xx_syscfg.c...
compiling stm32f4xx_rcc.c...
compiling stm32f4xx_usart.c...
compiling stm32f4xx_tim.c...
compiling stm32f4xx_adc.c...
compiling stm32f4xx_fsmc.c...
compiling stm32f4x7_eth.c...
compiling stm32f4xx_exti.c...
compiling stm32f4xx_pwr.c...
compiling stm32f4xx_crc.c...
compiling stm32f4xx_rtc.c...
compiling stm32f4xx_can.c...
compiling stm32f4xx_cryp.c...
compiling stm32f4xx_cryp_aes.c...
compiling stm32f4xx_cryp_des.c...
compiling stm32f4xx_cryp_tdes.c...
compiling stm32f4xx_dbgmcu.c...
compiling stm32f4xx_dac.c...
compiling stm32f4xx_dcmi.c...
compiling stm32f4xx_dma.c...
compiling stm32f4xx_dma2d.c...
compiling stm32f4xx_flash_ramfunc.c...
compiling stm32f4xx_flash.c...
compiling stm32f4xx_hash_md5.c...
compiling stm32f4xx_hash.c...
compiling stm32f4xx_hash_sha1.c...
compiling stm32f4xx_i2c.c...
compiling stm32f4xx_iwdg.c...
compiling stm32f4xx_rng.c...
compiling stm32f4xx_ltdc.c...
compiling stm32f4xx_sai.c...
compiling stm32f4xx_sdio.c...
compiling stm32f4xx_spi.c...
compiling stm32f4xx_wwdg.c...
compiling delay.c...
compiling os_eflags.c...
..\os\os_eflags.c(220): warning:  #68-D: integer conversion resulted in a change of sign
      
s_param_failed_exec(eflags == OS_NULL, OS_ERR_PARAM, if (err) *err = OS_ERR_PARAM);
..\os\os_eflags.c: 1 warning, 0 errors
compiling os_core.c...
..\os\os_core.c(380): warning:  #167-D: argument of type "os_task_t **" is incompatible with parameter of type "os_task_t *"
      os_task_start(&os_core.idle_task);
..\os\os_core.c: 1 warning, 0 errors
compiling os_event.c...
..\os\os_event.c(12): warning:  #186-D: pointless comparison of unsigned integer with zero
      
s_assert((type >= OS_EVENT_TYPE_INVALID) && (type < OS_EVENT_TYPE_MAX));
..\os\os_event.c: 1 warning, 0 errors
compiling os_list.c...
compiling os_mblock.c...
compiling os_mem.c...
compiling os_mutex.c...
assembling os_plat_s.s...
compiling os_sem.c...
compiling os_queue.c...
..\os\os_queue.c(194): warning:  #188-D: enumerated type mixed with another type
      
s_param_failed(queue == OS_NULL, -1);
..\os\os_queue.c: 1 warning, 0 errors
compiling sys.c...
compiling os_task.c...
..\os\os_task.c(30): warning:  #223-D: function "memset" declared implicitly
      memset(stack, 0, stack_size);
..\os\os_task.c(56): warning:  #546-D: transfer of control bypasses initialization of:
            variable "err" (declared at line 60)
          goto create_failed;
          ^
..\os\os_task.c(82): warning:  #223-D: function "task_insert_os" declared implicitly
      task_insert_os(task);
..\os\os_task.c: 3 warnings, 0 errors
compiling os_timer.c...
..\os\os_timer.c(10): warning:  #177-D: variable "timer_core" was declared but never referenced
  static os_timer_core_t timer_core;
..\os\os_timer.c: 1 warning, 0 errors
compiling usart.c...
compiling arp.c...
..\net\src\arp.c(137): warning:  #1293-D: assignment in condition
      while ((first = nlist_remove_first(&entry->buf_list))) {
..\net\src\arp.c(152): warning:  #1293-D: assignment in condition
      while ((first = nlist_remove_first(&entry->buf_list))) {
..\net\src\arp.c(236): warning:  #188-D: enumerated type mixed with another type
      entry->state = state;
..\net\src\arp.c: 3 warnings, 0 errors
compiling os_plat.c...
..\os\os_plat.c(128): warning:  #223-D: function "isprint" declared implicitly
        if (isprint(ch)) {
..\os\os_plat.c(281): warning:  #223-D: function "delay_init" declared implicitly
    delay_init(168);
..\os\os_plat.c(282): warning:  #223-D: function "LCD_Init" declared implicitly
    LCD_Init(); 
..\os\os_plat.c: 3 warnings, 0 errors
compiling dbg.c...
compiling dns.c...
..\net\src\dns.c(637): warning:  #546-D: transfer of control bypasses initialization of:
            variable "err" (declared at line 653)
            variable "stop_query" (declared at line 654)
            variable "qf" (declared at line 711)
              goto req_failure;
              ^
..\net\src\dns.c(643): warning:  #546-D: transfer of control bypasses initialization of:
            variable "err" (declared at line 653)
            variable "stop_query" (declared at line 654)
            variable "qf" (declared at line 711)
              goto req_failure;
              ^
..\net\src\dns.c(649): warning:  #546-D: transfer of control bypasses initialization of:
            variable "err" (declared at line 653)
            variable "stop_query" (declared at line 654)
            variable "qf" (declared at line 711)
              goto req_failure;
              ^
..\net\src\dns.c(663): warning:  #546-D: transfer of control bypasses initialization of:
            variable "qf" (declared at line 711)
              goto req_failure;
              ^
..\net\src\dns.c(667): warning:  #546-D: transfer of control bypasses initialization of:
            variable "qf" (declared at line 711)
              goto req_failure;
              ^
..\net\src\dns.c(671): warning:  #546-D: transfer of control bypasses initialization of:
            variable "qf" (declared at line 711)
              goto req_failure;
              ^
..\net\src\dns.c(675): warning:  #546-D: transfer of control bypasses initialization of:
            variable "qf" (declared at line 711)
              goto req_failure;
              ^
..\net\src\dns.c(681): warning:  #546-D: transfer of control bypasses initialization of:
            variable "qf" (declared at line 711)
              goto req_failure;
              ^
..\net\src\dns.c(686): warning:  #546-D: transfer of control bypasses initialization of:
            variable "qf" (declared at line 711)
              goto req_failure;
              ^
..\net\src\dns.c(693): warning:  #546-D: transfer of control bypasses initialization of:
            variable "qf" (declared at line 711)
              goto req_failure;
              ^
..\net\src\dns.c(700): warning:  #546-D: transfer of control bypasses initialization of:
            variable "qf" (declared at line 711)
              goto req_failure;
              ^
..\net\src\dns.c(707): warning:  #546-D: transfer of control bypasses initialization of:
            variable "qf" (declared at line 711)
              goto req_failure;
              ^
..\net\src\dns.c: 12 warnings, 0 errors
compiling ether.c...
compiling icmpv4.c...
compiling ipaddr.c...
compiling ipv4.c...
..\net\src\ipv4.c(261): warning:  #1293-D: assignment in condition
      while ((node = nlist_remove_first(&frag->buf_list))) {
..\net\src\ipv4.c(436): warning:  #1293-D: assignment in condition
      while ((node = nlist_remove_first(&frag->buf_list))) {
..\net\src\ipv4.c(785): warning:  #188-D: enumerated type mixed with another type
              return 0;
..\net\src\ipv4.c: 3 warnings, 0 errors
compiling loop.c...
compiling mblock.c...
compiling netapi.c...
compiling net.c...
..\net\src\net.c(68): warning:  #1-D: last line of file ends without a newline
  }
..\net\src\net.c: 1 warning, 0 errors
compiling fixq.c...
compiling exmsg.c...
..\net\src\exmsg.c(59): warning:  #1293-D: assignment in condition
      while ((buf = netif_get_in(netif, -1))) {
..\net\src\exmsg.c(220): warning:  #1-D: last line of file ends without a newline
  }
..\net\src\exmsg.c: 2 warnings, 0 errors
compiling nlist.c...
compiling nlocker.c...
compiling netif.c...
..\net\src\netif.c(288): warning:  #1293-D: assignment in condition
      while ((buf = fixq_recv(&netif->in_q, -1))) {
..\net\src\netif.c(291): warning:  #1293-D: assignment in condition
      while ((buf = fixq_recv(&netif->out_q, -1))) {
..\net\src\netif.c: 2 warnings, 0 errors
compiling pktbuf.c...
..\net\src\pktbuf.c(500): warning:  #1293-D: assignment in condition
      while ((first = pktbuf_first_blk(src))) {
..\net\src\pktbuf.c: 1 warning, 0 errors
compiling raw.c...
..\net\src\raw.c(81): warning:  #188-D: enumerated type mixed with another type
      net_err_t err = pktbuf_write(pktbuf, (uint8_t *)buf, (int)len);
..\net\src\raw.c(129): warning:  #188-D: enumerated type mixed with another type
      net_err_t err= pktbuf_read(pktbuf, buf, size);
..\net\src\raw.c(154): warning:  #1293-D: assignment in condition
  	while ((node = nlist_remove_first(&raw->recv_list))) {
..\net\src\raw.c(268): warning:  #177-D: variable "err" was declared but never referenced
      net_err_t err = NET_ERR_UNREACH;
..\net\src\raw.c: 4 warnings, 0 errors
compiling sock.c...
..\net\src\sock.c(131): warning:  #188-D: enumerated type mixed with another type
          sock_wait_leave(sock->conn_wait, err);
..\net\src\sock.c(135): warning:  #188-D: enumerated type mixed with another type
          sock_wait_leave(sock->snd_wait, err);
..\net\src\sock.c(139): warning:  #188-D: enumerated type mixed with another type
          sock_wait_leave(sock->rcv_wait, err);
..\net\src\sock.c: 3 warnings, 0 errors
compiling tcp_buf.c...
..\net\src\tcp_buf.c(52): warning:  #188-D: enumerated type mixed with another type
          net_err_t err = pktbuf_write(dest, buf->data + start, (int)copy_size);
..\net\src\tcp_buf.c: 1 warning, 0 errors
compiling socket.c...
..\net\src\socket.c(381): warning:  #546-D: transfer of control bypasses initialization of:
            variable "extra" (declared at line 398)
          goto dns_req_error;
          ^
..\net\src\socket.c(389): warning:  #546-D: transfer of control bypasses initialization of:
            variable "extra" (declared at line 398)
          goto dns_req_error;
          ^
..\net\src\socket.c(395): warning:  #546-D: transfer of control bypasses initialization of:
            variable "extra" (declared at line 398)
          goto dns_req_error;
          ^
..\net\src\socket.c: 3 warnings, 0 errors
compiling tcp_in.c...
compiling tcp.c...
..\net\src\tcp.c(1020): warning:  #1-D: last line of file ends without a newline
  }
..\net\src\tcp.c: 1 warning, 0 errors
compiling tcp_state.c...
compiling tcp_out.c...
..\net\src\tcp_out.c(538): warning:  #177-D: variable "stimer" was declared but never referenced
      net_timer_t * stimer = &tcp->snd.timer;
..\net\src\tcp_out.c: 1 warning, 0 errors
compiling tools.c...
compiling timer.c...
compiling net_plat.c...
compiling udp.c...
..\net\src\udp.c(227): warning:  #188-D: enumerated type mixed with another type
      net_err_t err = pktbuf_write(pktbuf, (uint8_t*)buf, (int)len);
..\net\src\udp.c(281): warning:  #188-D: enumerated type mixed with another type
      net_err_t err = pktbuf_read(pktbuf, buf, size);
..\net\src\udp.c(308): warning:  #1293-D: assignment in condition
  	while ((node = nlist_remove_first(&udp->recv_list))) {
..\net\src\udp.c: 3 warnings, 0 errors
compiling netif_pcap.c...
..\plat\netif_pcap.c(136): warning:  #1-D: last line of file ends without a newline
  #endif
..\plat\netif_pcap.c: 1 warning, 0 errors
compiling sys_plat.c...
compiling app.c...
..\app\test\app.c(14): warning:  #223-D: function "os_app_init" declared implicitly
      os_app_init ();
..\app\test\app.c(17): warning:  #223-D: function "os_app_loop" declared implicitly
          os_app_loop();
..\app\test\app.c: 2 warnings, 0 errors
compiling test_eflags_0.c...
compiling test_eflags_1.c...
compiling test_eflags_2.c...
compiling test_eflags_3.c...
compiling test_eflags_4.c...
compiling test_eflags_5.c...
compiling test_eflags_6.c...
compiling test_list_0.c...
compiling test_mblock_0.c...
compiling test_mblock_1.c...
compiling netif_disc.c...
compiling test_mutex_0.c...
compiling test_mutex_1.c...
compiling test_queue_0.c...
compiling test_net.c...
compiling test_queue_1.c...
compiling test_queue_2.c...
compiling test_queue_3.c...
compiling test_queue_4.c...
compiling test_sem_0.c...
compiling test_sem_2.c...
compiling test_sem_1.c...
compiling test_sem_3.c...
compiling test_sem_4.c...
compiling test_sem_5.c...
compiling test_task_0.c...
compiling test_task_1.c...
compiling test_task_3.c...
compiling test_task_2.c...
compiling tftp.c...
..\app\tftp\tftp.c(101): warning:  #546-D: transfer of control bypasses initialization of:
            variable "size" (declared at line 117)
            variable "err" (declared at line 120)
          goto send_error;
          ^
..\app\tftp\tftp.c(107): warning:  #546-D: transfer of control bypasses initialization of:
            variable "size" (declared at line 117)
            variable "err" (declared at line 120)
          goto send_error;
          ^
..\app\tftp\tftp.c(113): warning:  #546-D: transfer of control bypasses initialization of:
            variable "size" (declared at line 117)
            variable "err" (declared at line 120)
          goto send_error;
          ^
..\app\tftp\tftp.c(215): warning:  #188-D: enumerated type mixed with another type
      const char* msg = tftp_error_msg(code);
..\app\tftp\tftp.c: 4 warnings, 0 errors
compiling tftp_client.c...
..\app\tftp\tftp_client.c(84): warning:  #546-D: transfer of control bypasses initialization of:
            variable "next_block" (declared at line 107)
            variable "total_size" (declared at line 108)
            variable "total_block" (declared at line 109)
          goto get_error;
          ^
..\app\tftp\tftp_client.c(92): warning:  #546-D: transfer of control bypasses initialization of:
            variable "next_block" (declared at line 107)
            variable "total_size" (declared at line 108)
            variable "total_block" (declared at line 109)
          goto get_error;
          ^
..\app\tftp\tftp_client.c(102): warning:  #546-D: transfer of control bypasses initialization of:
            variable "next_block" (declared at line 107)
            variable "total_size" (declared at line 108)
            variable "total_block" (declared at line 109)
          goto get_error;
          ^
..\app\tftp\tftp_client.c(198): warning:  #546-D: transfer of control bypasses initialization of:
            variable "total_size" (declared at line 214)
            variable "total_block" (declared at line 215)
            variable "pre_block" (declared at line 216)
          goto put_error;
          ^
..\app\tftp\tftp_client.c(207): warning:  #546-D: transfer of control bypasses initialization of:
            variable "total_size" (declared at line 214)
            variable "total_block" (declared at line 215)
            variable "pre_block" (declared at line 216)
          goto put_error;
          ^
..\app\tftp\tftp_client.c: 5 warnings, 0 errors
compiling tftp_server.c...
..\app\tftp\tftp_server.c(134): warning:  #546-D: transfer of control bypasses initialization of:
            variable "curr_blk" (declared at line 147)
            variable "total_size" (declared at line 148)
            variable "total_block" (declared at line 149)
          goto send_failed;
          ^
..\app\tftp\tftp_server.c(143): warning:  #546-D: transfer of control bypasses initialization of:
            variable "curr_blk" (declared at line 147)
            variable "total_size" (declared at line 148)
            variable "total_block" (declared at line 149)
          goto send_failed;
          ^
..\app\tftp\tftp_server.c(265): warning:  #188-D: enumerated type mixed with another type
      req->op = 
tohs(pkt->opcode);
..\app\tftp\tftp_server.c: 3 warnings, 0 errors
compiling ping.c...
compiling ntp.c...
compiling httpd.c...
compiling ff_system.c...
compiling udp_echo_server.c...
compiling tcp_echo_server.c...
compiling cc936.c...
compiling diskio.c...
compiling ff.c...
compiling EventRecorder.c...
linking...
Program Size: Code=118122 RO-data=180918 RW-data=364 ZI-data=184428  
FromELF: creating hex file...
"..\OBJ\tcpip.axf" - 0 Error(s), 66 Warning(s).

<h2>Software Packages used:</h2>

Package Vendor: Keil
                https://www.keil.com/pack/Keil.ARM_Compiler.1.7.2.pack
                Keil.ARM_Compiler.1.7.2
                Keil ARM Compiler extensions for ARM Compiler 5 and ARM Compiler 6
   * Component: Event Recorder Variant: DAP Version: 1.5.1

Package Vendor: Keil
                https://www.keil.com/pack/Keil.STM32F4xx_DFP.2.17.0.pack
                Keil.STM32F4xx_DFP.2.17.0
                STMicroelectronics STM32F4 Series Device Support, Drivers and Examples

<h2>Collection of Component include folders:</h2>
  ./RTE/Compiler
  ./RTE/_rtos
  C:/Keil_v5/ARM/PACK/Keil/ARM_Compiler/1.7.2/Include
  C:/Keil_v5/ARM/PACK/Keil/STM32F4xx_DFP/2.17.0/Drivers/CMSIS/Device/ST/STM32F4xx/Include

<h2>Collection of Component Files used:</h2>

   * Component: Keil.ARM Compiler::Compiler:Event Recorder:DAP:1.5.1
      Include file:  Config/EventRecorderConf.h
      Include file:  Include/EventRecorder.h
      Source file:   Source/EventRecorder.c
Build Time Elapsed:  00:00:14
</pre>
</body>
</html>
