Component: ARM Compiler 5.06 update 3 (build 300) Tool: armlink [4d35c9]

==============================================================================

Section Cross References

    system_stm32f4xx.o(i.SystemCoreClockUpdate) refers to system_stm32f4xx.o(.data) for .data
    system_stm32f4xx.o(i.SystemInit) refers to system_stm32f4xx.o(i.SetSysClock) for SetSysClock
    key.o(i.KEY_Init) refers to stm32f4xx_rcc.o(i.RCC_AHB1PeriphClockCmd) for RCC_AHB1PeriphClockCmd
    key.o(i.KEY_Init) refers to stm32f4xx_gpio.o(i.GPIO_Init) for GPIO_Init
    key.o(i.KEY_Scan) refers to delay.o(i.delay_ms) for delay_ms
    key.o(i.KEY_Scan) refers to key.o(.data) for .data
    led.o(i.LED_Init) refers to stm32f4xx_rcc.o(i.RCC_AHB1PeriphClockCmd) for RCC_AHB1PeriphClockCmd
    led.o(i.LED_Init) refers to stm32f4xx_gpio.o(i.GPIO_Init) for GPIO_Init
    led.o(i.LED_Init) refers to stm32f4xx_gpio.o(i.GPIO_SetBits) for GPIO_SetBits
    lcd.o(i.LCD_Clear) refers to lcd.o(i.LCD_SetCursor) for LCD_SetCursor
    lcd.o(i.LCD_Clear) refers to lcd.o(i.LCD_WriteRAM_Prepare) for LCD_WriteRAM_Prepare
    lcd.o(i.LCD_Clear) refers to lcd.o(.bss) for .bss
    lcd.o(i.LCD_Color_Fill) refers to lcd.o(i.LCD_SetCursor) for LCD_SetCursor
    lcd.o(i.LCD_Color_Fill) refers to lcd.o(i.LCD_WriteRAM_Prepare) for LCD_WriteRAM_Prepare
    lcd.o(i.LCD_DisplayOff) refers to lcd.o(i.LCD_WR_REG) for LCD_WR_REG
    lcd.o(i.LCD_DisplayOff) refers to lcd.o(.bss) for .bss
    lcd.o(i.LCD_DisplayOn) refers to lcd.o(i.LCD_WR_REG) for LCD_WR_REG
    lcd.o(i.LCD_DisplayOn) refers to lcd.o(.bss) for .bss
    lcd.o(i.LCD_Display_Dir) refers to lcd.o(i.LCD_Scan_Dir) for LCD_Scan_Dir
    lcd.o(i.LCD_Display_Dir) refers to lcd.o(.bss) for .bss
    lcd.o(i.LCD_DrawLine) refers to lcd.o(i.LCD_DrawPoint) for LCD_DrawPoint
    lcd.o(i.LCD_DrawPoint) refers to lcd.o(i.LCD_SetCursor) for LCD_SetCursor
    lcd.o(i.LCD_DrawPoint) refers to lcd.o(i.LCD_WriteRAM_Prepare) for LCD_WriteRAM_Prepare
    lcd.o(i.LCD_DrawPoint) refers to lcd.o(.data) for .data
    lcd.o(i.LCD_DrawRectangle) refers to lcd.o(i.LCD_DrawLine) for LCD_DrawLine
    lcd.o(i.LCD_Draw_Circle) refers to lcd.o(i.LCD_DrawPoint) for LCD_DrawPoint
    lcd.o(i.LCD_Fast_DrawPoint) refers to lcd.o(i.LCD_WR_REG) for LCD_WR_REG
    lcd.o(i.LCD_Fast_DrawPoint) refers to lcd.o(i.LCD_WR_DATA) for LCD_WR_DATA
    lcd.o(i.LCD_Fast_DrawPoint) refers to lcd.o(.bss) for .bss
    lcd.o(i.LCD_Fill) refers to lcd.o(i.LCD_SetCursor) for LCD_SetCursor
    lcd.o(i.LCD_Fill) refers to lcd.o(i.LCD_WriteRAM_Prepare) for LCD_WriteRAM_Prepare
    lcd.o(i.LCD_Init) refers to _printf_percent.o(.ARM.Collect$$_printf_percent$$00000000) for _printf_percent
    lcd.o(i.LCD_Init) refers to _printf_x.o(.ARM.Collect$$_printf_percent$$0000000C) for _printf_x
    lcd.o(i.LCD_Init) refers to _printf_hex_int_ll_ptr.o(.text) for _printf_longlong_hex
    lcd.o(i.LCD_Init) refers to stm32f4xx_rcc.o(i.RCC_AHB1PeriphClockCmd) for RCC_AHB1PeriphClockCmd
    lcd.o(i.LCD_Init) refers to stm32f4xx_rcc.o(i.RCC_AHB3PeriphClockCmd) for RCC_AHB3PeriphClockCmd
    lcd.o(i.LCD_Init) refers to stm32f4xx_gpio.o(i.GPIO_Init) for GPIO_Init
    lcd.o(i.LCD_Init) refers to stm32f4xx_gpio.o(i.GPIO_PinAFConfig) for GPIO_PinAFConfig
    lcd.o(i.LCD_Init) refers to stm32f4xx_fsmc.o(i.FSMC_NORSRAMInit) for FSMC_NORSRAMInit
    lcd.o(i.LCD_Init) refers to stm32f4xx_fsmc.o(i.FSMC_NORSRAMCmd) for FSMC_NORSRAMCmd
    lcd.o(i.LCD_Init) refers to delay.o(i.delay_ms) for delay_ms
    lcd.o(i.LCD_Init) refers to lcd.o(i.LCD_WR_REG) for LCD_WR_REG
    lcd.o(i.LCD_Init) refers to lcd.o(i.LCD_RD_DATA) for LCD_RD_DATA
    lcd.o(i.LCD_Init) refers to lcd.o(i.LCD_WriteReg) for LCD_WriteReg
    lcd.o(i.LCD_Init) refers to __2printf.o(.text) for __2printf
    lcd.o(i.LCD_Init) refers to lcd.o(i.LCD_WR_DATA) for LCD_WR_DATA
    lcd.o(i.LCD_Init) refers to lcd.o(.bss) for .bss
    lcd.o(i.LCD_Init) refers to delay.o(i.delay_us) for delay_us
    lcd.o(i.LCD_Init) refers to lcd.o(i.LCD_SSD_BackLightSet) for LCD_SSD_BackLightSet
    lcd.o(i.LCD_Init) refers to lcd.o(i.LCD_Display_Dir) for LCD_Display_Dir
    lcd.o(i.LCD_Init) refers to lcd.o(i.LCD_Clear) for LCD_Clear
    lcd.o(i.LCD_ReadPoint) refers to lcd.o(i.LCD_SetCursor) for LCD_SetCursor
    lcd.o(i.LCD_ReadPoint) refers to lcd.o(i.LCD_WR_REG) for LCD_WR_REG
    lcd.o(i.LCD_ReadPoint) refers to lcd.o(i.LCD_RD_DATA) for LCD_RD_DATA
    lcd.o(i.LCD_ReadPoint) refers to lcd.o(.bss) for .bss
    lcd.o(i.LCD_ReadReg) refers to lcd.o(i.LCD_WR_REG) for LCD_WR_REG
    lcd.o(i.LCD_ReadReg) refers to delay.o(i.delay_us) for delay_us
    lcd.o(i.LCD_ReadReg) refers to lcd.o(i.LCD_RD_DATA) for LCD_RD_DATA
    lcd.o(i.LCD_SSD_BackLightSet) refers to lcd.o(i.LCD_WR_REG) for LCD_WR_REG
    lcd.o(i.LCD_SSD_BackLightSet) refers to lcd.o(i.LCD_WR_DATA) for LCD_WR_DATA
    lcd.o(i.LCD_SSD_BackLightSet) refers to dflt_clz.o(x$fpl$dfltu) for __aeabi_ui2d
    lcd.o(i.LCD_SSD_BackLightSet) refers to dmul.o(x$fpl$dmul) for __aeabi_dmul
[...]
    0x0800c84c   0x0800c84c   0x00000110   Code   RO         7661    i.dns_init          dns.o
    0x0800c95c   0x0800c95c   0x000000a0   Code   RO         7662    i.dns_insert_server  dns.o
    0x0800c9fc   0x0800c9fc   0x00000014   Code   RO         7663    i.dns_is_arrive     dns.o
    0x0800ca10   0x0800ca10   0x0000003c   Code   RO         7664    i.dns_req_add       dns.o
    0x0800ca4c   0x0800ca4c   0x00000042   Code   RO         7665    i.dns_req_fail      dns.o
    0x0800ca8e   0x0800ca8e   0x00000002   PAD
    0x0800ca90   0x0800ca90   0x00000164   Code   RO         7666    i.dns_req_in        dns.o
    0x0800cbf4   0x0800cbf4   0x00000034   Code   RO         7667    i.dns_req_remove    dns.o
    0x0800cc28   0x0800cc28   0x00000144   Code   RO         7668    i.dns_send_query    dns.o
    0x0800cd6c   0x0800cd6c   0x00000024   Code   RO         7669    i.dns_server_next   dns.o
    0x0800cd90   0x0800cd90   0x00000110   Code   RO         7670    i.dns_set_default_server  dns.o
    0x0800cea0   0x0800cea0   0x0000007c   Code   RO         7671    i.dns_update_tmo    dns.o
    0x0800cf1c   0x0800cf1c   0x00000080   Code   RO         7914    i.do_func           exmsg.o
    0x0800cf9c   0x0800cf9c   0x000000c8   Code   RO         7915    i.do_netif_in       exmsg.o
    0x0800d064   0x0800d064   0x00000210   Code   RO        10853    i.do_recv_file      tftp_server.o
    0x0800d274   0x0800d274   0x00000260   Code   RO        10854    i.do_send_file      tftp_server.o
    0x0800d4d4   0x0800d4d4   0x00000348   Code   RO        10792    i.do_tftp_get       tftp_client.o
    0x0800d81c   0x0800d81c   0x000002cc   Code   RO        10793    i.do_tftp_put       tftp_client.o
    0x0800dae8   0x0800dae8   0x00000048   Code   RO         7672    i.domain_name_cmp   dns.o
    0x0800db30   0x0800db30   0x00000028   Code   RO         7673    i.domain_name_skip  dns.o
    0x0800db58   0x0800db58   0x00000008   Code   RO         7837    i.ether_broadcast_addr  ether.o
    0x0800db60   0x0800db60   0x00000004   Code   RO         7838    i.ether_close       ether.o
    0x0800db64   0x0800db64   0x000001e4   Code   RO         7839    i.ether_in          ether.o
    0x0800dd48   0x0800dd48   0x00000090   Code   RO         7840    i.ether_init        ether.o
    0x0800ddd8   0x0800ddd8   0x00000004   Code   RO         7841    i.ether_open        ether.o
    0x0800dddc   0x0800dddc   0x00000054   Code   RO         7842    i.ether_out         ether.o
    0x0800de30   0x0800de30   0x00000190   Code   RO         7843    i.ether_raw_out     ether.o
    0x0800dfc0   0x0800dfc0   0x00000150   Code   RO         7916    i.exmsg_func_exec   exmsg.o
    0x0800e110   0x0800e110   0x000000e4   Code   RO         7917    i.exmsg_init        exmsg.o
    0x0800e1f4   0x0800e1f4   0x000000a4   Code   RO         7918    i.exmsg_netif_in    exmsg.o
    0x0800e298   0x0800e298   0x0000002c   Code   RO         7919    i.exmsg_start       exmsg.o
    0x0800e2c4   0x0800e2c4   0x0000002e   Code   RO        11194    i.f_close           ff.o
    0x0800e2f2   0x0800e2f2   0x000002ce   Code   RO        11199    i.f_lseek           ff.o
    0x0800e5c0   0x0800e5c0   0x00000080   Code   RO        11202    i.f_mount           ff.o
    0x0800e640   0x0800e640   0x00000184   Code   RO        11203    i.f_open            ff.o
    0x0800e7c4   0x0800e7c4   0x000001cc   Code   RO        11208    i.f_read            ff.o
    0x0800e990   0x0800e990   0x000000ae   Code   RO        11213    i.f_sync            ff.o
    0x0800ea3e   0x0800ea3e   0x00000208   Code   RO        11217    i.f_write           ff.o
    0x0800ec46   0x0800ec46   0x00000002   PAD
    0x0800ec48   0x0800ec48   0x00000058   Code   RO        11530    i.ff_convert        cc936.o
    0x0800eca0   0x0800eca0   0x00000020   Code   RO        11563    i.ff_cre_syncobj    ff_system.o
    0x0800ecc0   0x0800ecc0   0x0000000a   Code   RO        11564    i.ff_del_syncobj    ff_system.o
    0x0800ecca   0x0800ecca   0x00000004   Code   RO        11114    i.ff_memalloc       diskio.o
    0x0800ecce   0x0800ecce   0x00000004   Code   RO        11115    i.ff_memfree        diskio.o
    0x0800ecd2   0x0800ecd2   0x00000004   Code   RO        11565    i.ff_rel_grant      ff_system.o
    0x0800ecd6   0x0800ecd6   0x00000012   Code   RO        11566    i.ff_req_grant      ff_system.o
    0x0800ece8   0x0800ece8   0x0000002c   Code   RO        11531    i.ff_wtoupper       cc936.o
    0x0800ed14   0x0800ed14   0x00000018   Code   RO        12136    i.fgetc             c_w.l(fgetc.o)
    0x0800ed2c   0x0800ed2c   0x0000031c   Code   RO        11218    i.find_volume       ff.o
    0x0800f048   0x0800f048   0x0000000a   Code   RO        10543    i.first_task_entry  app.o
    0x0800f052   0x0800f052   0x00000002   PAD
    0x0800f054   0x0800f054   0x0000006c   Code   RO        11219    i.fit_lfn           ff.o
    0x0800f0c0   0x0800f0c0   0x0000001a   Code   RO         7997    i.fixq_count        fixq.o
    0x0800f0da   0x0800f0da   0x0000001c   Code   RO         7998    i.fixq_destroy      fixq.o
    0x0800f0f6   0x0800f0f6   0x00000002   PAD
    0x0800f0f8   0x0800f0f8   0x000000ec   Code   RO         7999    i.fixq_init         fixq.o
    0x0800f1e4   0x0800f1e4   0x0000006a   Code   RO         8000    i.fixq_recv         fixq.o
    0x0800f24e   0x0800f24e   0x0000007a   Code   RO         8001    i.fixq_send         fixq.o
    0x0800f2c8   0x0800f2c8   0x0000006a   Code   RO        11220    i.follow_path       ff.o
    0x0800f332   0x0800f332   0x0000001a   Code   RO        12140    i.fputc             c_w.l(fputc.o)
    0x0800f34c   0x0800f34c   0x00000030   Code   RO         8220    i.frag_add          ipv4.o
    0x0800f37c   0x0800f37c   0x00000038   Code   RO         8221    i.frag_alloc        ipv4.o
    0x0800f3b4   0x0800f3b4   0x00000050   Code   RO         8222    i.frag_find         ipv4.o
    0x0800f404   0x0800f404   0x00000028   Code   RO         8223    i.frag_free         ipv4.o
    0x0800f42c   0x0800f42c   0x00000020   Code   RO         8224    i.frag_free_buf_list  ipv4.o
    0x0800f44c   0x0800f44c   0x000000a4   Code   RO         8225    i.frag_init         ipv4.o
    0x0800f4f0   0x0800f4f0   0x000000d8   Code   RO         8226    i.frag_insert       ipv4.o
    0x0800f5c8   0x0800f5c8   0x0000004e   Code   RO         8227    i.frag_is_all_arrived  ipv4.o
    0x0800f616   0x0800f616   0x00000002   PAD
    0x0800f618   0x0800f618   0x000000fc   Code   RO         8228    i.frag_join         ipv4.o
    0x0800f714   0x0800f714   0x0000002c   Code   RO         8229    i.frag_tmo          ipv4.o
    0x0800f740   0x0800f740   0x00000028   Code   RO        10904    i.free_client       httpd.o
    0x0800f768   0x0800f768   0x00000058   Code   RO        12482    i.frexp             m_ws.l(frexp.o)
    0x0800f7c0   0x0800f7c0   0x00000098   Code   RO        11221    i.gen_numname       ff.o
    0x0800f858   0x0800f858   0x000000cc   Code   RO        11222    i.get_fat           ff.o
    0x0800f924   0x0800f924   0x00000004   Code   RO        11116    i.get_fattime       diskio.o
    0x0800f928   0x0800f928   0x00000042   Code   RO        11224    i.get_ldnumber      ff.o
    0x0800f96a   0x0800f96a   0x00000002   PAD
    0x0800f96c   0x0800f96c   0x00000034   Code   RO         6431    i.get_next_task     os_core.o
    0x0800f9a0   0x0800f9a0   0x00000072   Code   RO         9710    i.get_send_info     tcp_out.o
    0x0800fa12   0x0800fa12   0x00000002   PAD
    0x0800fa14   0x0800fa14   0x0000001c   Code   RO         9059    i.get_socket        sock.o
    0x0800fa30   0x0800fa30   0x00000010   Code   RO        10905    i.http_400_bad_request  httpd.o
    0x0800fa40   0x0800fa40   0x00000010   Code   RO        10906    i.http_403_forbidden  httpd.o
    0x0800fa50   0x0800fa50   0x00000010   Code   RO        10907    i.http_404_not_found  httpd.o
    0x0800fa60   0x0800fa60   0x00000010   Code   RO        10908    i.http_501_not_implemented  httpd.o
    0x0800fa70   0x0800fa70   0x000000e4   Code   RO        10909    i.httpd_server_thread  httpd.o
    0x0800fb54   0x0800fb54   0x00000238   Code   RO        10910    i.httpd_start       httpd.o
    0x0800fd8c   0x0800fd8c   0x00000022   Code   RO         8044    i.icmpv4_echo_reply  icmpv4.o
    0x0800fdae   0x0800fdae   0x00000002   PAD
    0x0800fdb0   0x0800fdb0   0x00000194   Code   RO         8045    i.icmpv4_in         icmpv4.o
    0x0800ff44   0x0800ff44   0x0000005c   Code   RO         8046    i.icmpv4_init       icmpv4.o
    0x0800ffa0   0x0800ffa0   0x00000038   Code   RO         8047    i.icmpv4_out        icmpv4.o
    0x0800ffd8   0x0800ffd8   0x00000170   Code   RO         8048    i.icmpv4_out_unreach  icmpv4.o
    0x08010148   0x08010148   0x0000003c   Code   RO         6432    i.idle_task_entry   os_core.o
    0x08010184   0x08010184   0x0000006c   Code   RO        10028    i.insert_timer      timer.o
    0x080101f0   0x080101f0   0x00000124   Code   RO         8230    i.ip_frag_in        ipv4.o
    0x08010314   0x08010314   0x00000254   Code   RO         8231    i.ip_frag_out       ipv4.o
    0x08010568   0x08010568   0x00000194   Code   RO         8232    i.ip_normal_in      ipv4.o
    0x080106fc   0x080106fc   0x00000016   Code   RO         8117    i.ipaddr_1_cnt      ipaddr.o
    0x08010712   0x08010712   0x0000000e   Code   RO         8118    i.ipaddr_copy       ipaddr.o
    0x08010720   0x08010720   0x00000012   Code   RO         8119    i.ipaddr_from_buf   ipaddr.o
    0x08010732   0x08010732   0x0000004a   Code   RO         8120    i.ipaddr_from_str   ipaddr.o
    0x0801077c   0x0801077c   0x00000008   Code   RO         8121    i.ipaddr_get_any    ipaddr.o
    0x08010784   0x08010784   0x00000012   Code   RO         8122    i.ipaddr_get_host   ipaddr.o
    0x08010796   0x08010796   0x00000012   Code   RO         8123    i.ipaddr_get_net    ipaddr.o
    0x080107a8   0x080107a8   0x0000000e   Code   RO         8124    i.ipaddr_is_any     ipaddr.o
    0x080107b6   0x080107b6   0x00000020   Code   RO         8125    i.ipaddr_is_direct_broadcast  ipaddr.o
    0x080107d6   0x080107d6   0x00000010   Code   RO         8126    i.ipaddr_is_equal   ipaddr.o
    0x080107e6   0x080107e6   0x0000000e   Code   RO         8127    i.ipaddr_is_local_broadcast  ipaddr.o
    0x080107f4   0x080107f4   0x0000004c   Code   RO         8128    i.ipaddr_is_match   ipaddr.o
    0x08010840   0x08010840   0x00000008   Code   RO         8129    i.ipaddr_set_all_1  ipaddr.o
    0x08010848   0x08010848   0x00000006   Code   RO         8130    i.ipaddr_set_any    ipaddr.o
    0x0801084e   0x0801084e   0x00000010   Code   RO         8131    i.ipaddr_set_loop   ipaddr.o
    0x0801085e   0x0801085e   0x00000012   Code   RO         8132    i.ipaddr_to_buf     ipaddr.o
    0x08010870   0x08010870   0x0000001e   Code   RO         8233    i.iphdr_htons       ipv4.o
    0x0801088e   0x0801088e   0x0000001e   Code   RO         8234    i.iphdr_ntohs       ipv4.o
    0x080108ac   0x080108ac   0x00000180   Code   RO         8235    i.ipv4_in           ipv4.o
    0x08010a2c   0x08010a2c   0x0000009c   Code   RO         8236    i.ipv4_init         ipv4.o
    0x08010ac8   0x08010ac8   0x00000260   Code   RO         8237    i.ipv4_out          ipv4.o
    0x08010d28   0x08010d28   0x00000018   Code   RO        10084    i.is_little_endian  tools.o
    0x08010d40   0x08010d40   0x000000f8   Code   RO         7444    i.is_pkt_ok         arp.o
    0x08010e38   0x08010e38   0x00000098   Code   RO         7844    i.is_pkt_ok         ether.o
    0x08010ed0   0x08010ed0   0x000000a4   Code   RO         8049    i.is_pkt_ok         icmpv4.o
    0x08010f74   0x08010f74   0x00000158   Code   RO         8238    i.is_pkt_ok         ipv4.o
    0x080110cc   0x080110cc   0x00000068   Code   RO        10117    i.is_pkt_ok         udp.o
    0x08011134   0x08011134   0x00000028   Code   RO        10118    i.is_port_used      udp.o
    0x0801115c   0x0801115c   0x0000001e   Code   RO        11225    i.ld_clust          ff.o
    0x0801117a   0x0801117a   0x00000074   Code   RO        12508    i.ldexp             m_ws.l(ldexp.o)
    0x080111ee   0x080111ee   0x00000006   Code   RO        11226    i.lock_fs           ff.o
    0x080111f4   0x080111f4   0x00000002   Code   RO         8415    i.loop_close        loop.o
    0x080111f6   0x080111f6   0x00000002   PAD
    0x080111f8   0x080111f8   0x000000e0   Code   RO         8416    i.loop_init         loop.o
    0x080112d8   0x080112d8   0x0000000a   Code   RO         8417    i.loop_open         loop.o
    0x080112e2   0x080112e2   0x00000002   PAD
    0x080112e4   0x080112e4   0x0000006c   Code   RO         8418    i.loop_xmit         loop.o
    0x08011350   0x08011350   0x00000048   Code   RO        10544    i.main              app.o
    0x08011398   0x08011398   0x00000052   Code   RO         8448    i.mblock_alloc      mblock.o
    0x080113ea   0x080113ea   0x00000030   Code   RO         8450    i.mblock_free       mblock.o
    0x0801141a   0x0801141a   0x00000002   PAD
    0x0801141c   0x0801141c   0x000000f4   Code   RO         8452    i.mblock_init       mblock.o
    0x08011510   0x08011510   0x0000001a   Code   RO        11227    i.mem_cmp           ff.o
    0x0801152a   0x0801152a   0x00000012   Code   RO        11228    i.mem_cpy           ff.o
    0x0801153c   0x0801153c   0x00000010   Code   RO        11229    i.mem_set           ff.o
    0x0801154c   0x0801154c   0x000001ac   Code   RO        10911    i.method_get_in     httpd.o
    0x080116f8   0x080116f8   0x0000002c   Code   RO        10912    i.mime_find         httpd.o
    0x08011724   0x08011724   0x00000030   Code   RO         8789    i.move_forward      pktbuf.o
    0x08011754   0x08011754   0x00000032   Code   RO        11230    i.move_window       ff.o
    0x08011786   0x08011786   0x00000020   Code   RO         6900    i.mutex_init        os_mutex.o
    0x080117a6   0x080117a6   0x00000002   PAD
    0x080117a8   0x080117a8   0x00000080   Code   RO         8495    i.net_init          net.o
    0x08011828   0x08011828   0x00000064   Code   RO        10234    i.net_plat_init     net_plat.o
    0x0801188c   0x0801188c   0x00000048   Code   RO         8496    i.net_start         net.o
    0x080118d4   0x080118d4   0x0000007c   Code   RO        10029    i.net_timer_add     timer.o
    0x08011950   0x08011950   0x000000f0   Code   RO        10030    i.net_timer_check_tmo  timer.o
    0x08011a40   0x08011a40   0x00000018   Code   RO        10031    i.net_timer_first_tmo  timer.o
    0x08011a58   0x08011a58   0x00000068   Code   RO        10032    i.net_timer_init    timer.o
    0x08011ac0   0x08011ac0   0x00000084   Code   RO        10033    i.net_timer_remove  timer.o
    0x08011b44   0x08011b44   0x000000b0   Code   RO        10438    i.netdev_init       test_net.o
    0x08011bf4   0x08011bf4   0x00000002   Code   RO        10254    i.netif_disc_close  netif_disc.o
    0x08011bf6   0x08011bf6   0x00000002   PAD
    0x08011bf8   0x08011bf8   0x00000080   Code   RO        10255    i.netif_disc_open   netif_disc.o
    0x08011c78   0x08011c78   0x0000004e   Code   RO        10256    i.netif_disc_xmit   netif_disc.o
    0x08011cc6   0x08011cc6   0x00000002   PAD
    0x08011cc8   0x08011cc8   0x00000064   Code   RO         8585    i.netif_get_in      netif.o
    0x08011d2c   0x08011d2c   0x00000014   Code   RO         8586    i.netif_get_layer   netif.o
    0x08011d40   0x08011d40   0x00000068   Code   RO         8587    i.netif_get_out     netif.o
    0x08011da8   0x08011da8   0x00000090   Code   RO         8588    i.netif_init        netif.o
    0x08011e38   0x08011e38   0x0000023c   Code   RO         8589    i.netif_open        netif.o
    0x08012074   0x08012074   0x000000d0   Code   RO         8590    i.netif_out         netif.o
    0x08012144   0x08012144   0x00000098   Code   RO         8591    i.netif_put_in      netif.o
    0x080121dc   0x080121dc   0x00000060   Code   RO         8592    i.netif_put_out     netif.o
    0x0801223c   0x0801223c   0x00000094   Code   RO         8593    i.netif_register_layer  netif.o
    0x080122d0   0x080122d0   0x000000e8   Code   RO         8594    i.netif_set_active  netif.o
    0x080123b8   0x080123b8   0x00000048   Code   RO         8595    i.netif_set_addr    netif.o
    0x08012400   0x08012400   0x00000048   Code   RO         8597    i.netif_set_default  netif.o
    0x08012448   0x08012448   0x00000016   Code   RO         8598    i.netif_set_hwaddr  netif.o
    0x0801245e   0x0801245e   0x0000000a   Code   RO         8710    i.nlist_init        nlist.o
    0x08012468   0x08012468   0x0000003a   Code   RO         8711    i.nlist_insert_after  nlist.o
    0x080124a2   0x080124a2   0x0000002a   Code   RO         8712    i.nlist_insert_first  nlist.o
    0x080124cc   0x080124cc   0x0000002a   Code   RO         8713    i.nlist_insert_last  nlist.o
    0x080124f6   0x080124f6   0x0000000e   Code   RO         8714    i.nlist_is_empty    nlist.o
    0x08012504   0x08012504   0x00000036   Code   RO         8715    i.nlist_remove      nlist.o
    0x0801253a   0x0801253a   0x00000012   Code   RO         7445    i.nlist_remove_first  arp.o
    0x0801254c   0x0801254c   0x00000012   Code   RO         8239    i.nlist_remove_first  ipv4.o
    0x0801255e   0x0801255e   0x00000012   Code   RO         8790    i.nlist_remove_first  pktbuf.o
    0x08012570   0x08012570   0x00000012   Code   RO         8958    i.nlist_remove_first  raw.o
    0x08012582   0x08012582   0x00000012   Code   RO        10119    i.nlist_remove_first  udp.o
    0x08012594   0x08012594   0x0000000e   Code   RO         8754    i.nlocker_destroy   nlocker.o
    0x080125a2   0x080125a2   0x0000001e   Code   RO         8755    i.nlocker_init      nlocker.o
    0x080125c0   0x080125c0   0x0000001c   Code   RO         8756    i.nlocker_lock      nlocker.o
    0x080125dc   0x080125dc   0x00000010   Code   RO         8757    i.nlocker_unlock    nlocker.o
    0x080125ec   0x080125ec   0x00000090   Code   RO        11060    i.ntp_time          ntp.o
    0x0801267c   0x0801267c   0x00000024   Code   RO        10439    i.os_app_init       test_net.o
    0x080126a0   0x080126a0   0x00000164   Code   RO        10440    i.os_app_loop       test_net.o
    0x08012804   0x08012804   0x00000070   Code   RO         6433    i.os_bitmap_check   os_core.o
    0x08012874   0x08012874   0x0000001e   Code   RO         6434    i.os_bitmap_init    os_core.o
    0x08012892   0x08012892   0x00000008   Code   RO         6989    i.os_enter_protect  os_plat.o
    0x0801289a   0x0801289a   0x00000026   Code   RO         6649    i.os_event_add_wait  os_event.o
    0x080128c0   0x080128c0   0x00000046   Code   RO         6650    i.os_event_clear    os_event.o
    0x08012906   0x08012906   0x0000002c   Code   RO         6651    i.os_event_init     os_event.o
    0x08012932   0x08012932   0x00000026   Code   RO         6652    i.os_event_remove_first  os_event.o
    0x08012958   0x08012958   0x00000046   Code   RO         6653    i.os_event_remove_wait  os_event.o
    0x0801299e   0x0801299e   0x0000001a   Code   RO         6654    i.os_event_uninit   os_event.o
    0x080129b8   0x080129b8   0x00000064   Code   RO         6655    i.os_event_wait     os_event.o
    0x08012a1c   0x08012a1c   0x0000001e   Code   RO         6656    i.os_event_wait_cnt  os_event.o
    0x08012a3a   0x08012a3a   0x0000002e   Code   RO         6657    i.os_event_wakeup   os_event.o
    0x08012a68   0x08012a68   0x00000046   Code   RO         6658    i.os_event_wakeup_task  os_event.o
    0x08012aae   0x08012aae   0x00000002   PAD
    0x08012ab0   0x08012ab0   0x00000090   Code   RO         6435    i.os_init           os_core.o
    0x08012b40   0x08012b40   0x00000006   Code   RO         6990    i.os_leave_protect  os_plat.o
    0x08012b46   0x08012b46   0x0000002a   Code   RO         6717    i.os_list_add_head  os_list.o
    0x08012b70   0x08012b70   0x00000032   Code   RO         6718    i.os_list_append    os_list.o
    0x08012ba2   0x08012ba2   0x00000018   Code   RO         6721    i.os_list_first     os_list.o
    0x08012bba   0x08012bba   0x00000016   Code   RO         6722    i.os_list_init      os_list.o
    0x08012bd0   0x08012bd0   0x00000040   Code   RO         6723    i.os_list_insert_after  os_list.o
    0x08012c10   0x08012c10   0x00000046   Code   RO         6726    i.os_list_remove    os_list.o
    0x08012c56   0x08012c56   0x00000032   Code   RO         6727    i.os_list_remove_head  os_list.o
    0x08012c88   0x08012c88   0x00000004   Code   RO         6876    i.os_mem_alloc      os_mem.o
    0x08012c8c   0x08012c8c   0x00000004   Code   RO         6877    i.os_mem_free       os_mem.o
    0x08012c90   0x08012c90   0x00000002   Code   RO         6878    i.os_mem_init       os_mem.o
    0x08012c92   0x08012c92   0x0000002a   Code   RO         6901    i.os_mutex_create   os_mutex.o
    0x08012cbc   0x08012cbc   0x0000001e   Code   RO         6902    i.os_mutex_free     os_mutex.o
    0x08012cda   0x08012cda   0x00000010   Code   RO         6903    i.os_mutex_init     os_mutex.o
    0x08012cea   0x08012cea   0x000000a4   Code   RO         6904    i.os_mutex_lock     os_mutex.o
    0x08012d8e   0x08012d8e   0x00000060   Code   RO         6908    i.os_mutex_uninit   os_mutex.o
    0x08012dee   0x08012dee   0x000000a8   Code   RO         6909    i.os_mutex_unlock   os_mutex.o
    0x08012e96   0x08012e96   0x00000002   PAD
    0x08012e98   0x08012e98   0x00000054   Code   RO         6991    i.os_plat_init      os_plat.o
    0x08012eec   0x08012eec   0x0000005a   Code   RO         7147    i.os_queue_create   os_queue.o
    0x08012f46   0x08012f46   0x0000008c   Code   RO         7152    i.os_queue_release  os_queue.o
    0x08012fd2   0x08012fd2   0x00000072   Code   RO         7155    i.os_queue_wait     os_queue.o
    0x08013044   0x08013044   0x00000068   Code   RO         6438    i.os_sched_run      os_core.o
    0x080130ac   0x080130ac   0x0000005c   Code   RO         6439    i.os_sched_set_ready  os_core.o
    0x08013108   0x08013108   0x0000006c   Code   RO         6440    i.os_sched_set_unready  os_core.o
    0x08013174   0x08013174   0x0000003a   Code   RO         7243    i.os_sem_create     os_sem.o
    0x080131ae   0x080131ae   0x00000026   Code   RO         7244    i.os_sem_free       os_sem.o
    0x080131d4   0x080131d4   0x0000004c   Code   RO         7247    i.os_sem_release    os_sem.o
    0x08013220   0x08013220   0x00000034   Code   RO         7249    i.os_sem_uninit     os_sem.o
    0x08013254   0x08013254   0x00000046   Code   RO         7250    i.os_sem_wait       os_sem.o
    0x0801329a   0x0801329a   0x00000002   PAD
    0x0801329c   0x0801329c   0x00000014   Code   RO         6441    i.os_start          os_core.o
    0x080132b0   0x080132b0   0x00000034   Code   RO         6442    i.os_switch_ctx     os_core.o
    0x080132e4   0x080132e4   0x0000006c   Code   RO         7311    i.os_task_create    os_task.o
    0x08013350   0x08013350   0x00000050   Code   RO         6992    i.os_task_ctx_init  os_plat.o
    0x080133a0   0x080133a0   0x00000024   Code   RO         7312    i.os_task_exit      os_task.o
    0x080133c4   0x080133c4   0x00000054   Code   RO         7313    i.os_task_init      os_task.o
    0x08013418   0x08013418   0x0000000c   Code   RO         6443    i.os_task_insert_delete  os_core.o
    0x08013424   0x08013424   0x0000000c   Code   RO         6444    i.os_task_self      os_core.o
    0x08013430   0x08013430   0x0000007c   Code   RO         6445    i.os_task_set_delay  os_core.o
    0x080134ac   0x080134ac   0x0000001c   Code   RO         6446    i.os_task_set_wakeup  os_core.o
    0x080134c8   0x080134c8   0x00000038   Code   RO         7314    i.os_task_sleep     os_task.o
    0x08013500   0x08013500   0x0000002a   Code   RO         7315    i.os_task_start     os_task.o
    0x0801352a   0x0801352a   0x00000002   PAD
    0x0801352c   0x0801352c   0x00000010   Code   RO         6993    i.os_task_switch    os_plat.o
    0x0801353c   0x0801353c   0x0000001c   Code   RO         6994    i.os_task_switch_to  os_plat.o
    0x08013558   0x08013558   0x00000018   Code   RO         6448    i.os_tick_count     os_core.o
    0x08013570   0x08013570   0x00000098   Code   RO         6449    i.os_time_tick      os_core.o
    0x08013608   0x08013608   0x00000002   Code   RO         7357    i.os_timer_core_init  os_timer.o
    0x0801360a   0x0801360a   0x00000002   PAD
    0x0801360c   0x0801360c   0x000002d4   Code   RO        11035    i.ping_run          ping.o
    0x080138e0   0x080138e0   0x00000030   Code   RO         8791    i.pktblock_alloc    pktbuf.o
    0x08013910   0x08013910   0x000000c8   Code   RO         8792    i.pktblock_alloc_list  pktbuf.o
    0x080139d8   0x080139d8   0x00000024   Code   RO         8793    i.pktblock_free     pktbuf.o
    0x080139fc   0x080139fc   0x00000024   Code   RO         8794    i.pktblock_free_list  pktbuf.o
    0x08013a20   0x08013a20   0x00000174   Code   RO         8795    i.pktbuf_add_header  pktbuf.o
    0x08013b94   0x08013b94   0x000000a8   Code   RO         8796    i.pktbuf_alloc      pktbuf.o
    0x08013c3c   0x08013c3c   0x00000008   Code   RO         8797    i.pktbuf_blk_next   pktbuf.o
    0x08013c44   0x08013c44   0x00000134   Code   RO         8798    i.pktbuf_checksum16  pktbuf.o
    0x08013d78   0x08013d78   0x00000108   Code   RO         8799    i.pktbuf_copy       pktbuf.o
    0x08013e80   0x08013e80   0x00000010   Code   RO         7446    i.pktbuf_data       arp.o
    0x08013e90   0x08013e90   0x00000010   Code   RO         7845    i.pktbuf_data       ether.o
    0x08013ea0   0x08013ea0   0x00000010   Code   RO         8050    i.pktbuf_data       icmpv4.o
    0x08013eb0   0x08013eb0   0x00000010   Code   RO         8240    i.pktbuf_data       ipv4.o
    0x08013ec0   0x08013ec0   0x00000010   Code   RO         8959    i.pktbuf_data       raw.o
    0x08013ed0   0x08013ed0   0x00000010   Code   RO         9633    i.pktbuf_data       tcp_in.o
    0x08013ee0   0x08013ee0   0x00000010   Code   RO         9711    i.pktbuf_data       tcp_out.o
    0x08013ef0   0x08013ef0   0x00000010   Code   RO        10120    i.pktbuf_data       udp.o
    0x08013f00   0x08013f00   0x000000e0   Code   RO         8800    i.pktbuf_fill       pktbuf.o
    0x08013fe0   0x08013fe0   0x00000008   Code   RO         8801    i.pktbuf_first_blk  pktbuf.o
    0x08013fe8   0x08013fe8   0x00000038   Code   RO         8802    i.pktbuf_free       pktbuf.o
    0x08014020   0x08014020   0x000000a4   Code   RO         8804    i.pktbuf_init       pktbuf.o
    0x080140c4   0x080140c4   0x00000064   Code   RO         8805    i.pktbuf_insert_blk_list  pktbuf.o
    0x08014128   0x08014128   0x000000f4   Code   RO         8806    i.pktbuf_join       pktbuf.o
    0x0801421c   0x0801421c   0x000000e4   Code   RO         8807    i.pktbuf_read       pktbuf.o
    0x08014300   0x08014300   0x000000b4   Code   RO         8808    i.pktbuf_remove_header  pktbuf.o
    0x080143b4   0x080143b4   0x00000020   Code   RO         8809    i.pktbuf_reset_acc  pktbuf.o
    0x080143d4   0x080143d4   0x0000018c   Code   RO         8810    i.pktbuf_resize     pktbuf.o
    0x08014560   0x08014560   0x000000bc   Code   RO         8811    i.pktbuf_seek       pktbuf.o
    0x0801461c   0x0801461c   0x00000180   Code   RO         8812    i.pktbuf_set_cont   pktbuf.o
    0x0801479c   0x0801479c   0x000000e4   Code   RO         8813    i.pktbuf_write      pktbuf.o
    0x08014880   0x08014880   0x0000002c   Code   RO        10913    i.process_request   httpd.o
    0x080148ac   0x080148ac   0x000000f6   Code   RO        11232    i.put_fat           ff.o
    0x080149a2   0x080149a2   0x0000002a   Code   RO         7157    i.queue_copy        os_queue.o
    0x080149cc   0x080149cc   0x0000004c   Code   RO         7158    i.queue_init        os_queue.o
    0x08014a18   0x08014a18   0x0000004c   Code   RO         7159    i.queue_read_out    os_queue.o
    0x08014a64   0x08014a64   0x00000088   Code   RO         7160    i.queue_write_in    os_queue.o
    0x08014aec   0x08014aec   0x00000004   Code   RO         8960    i.raw_bind          raw.o
    0x08014af0   0x08014af0   0x00000044   Code   RO         8961    i.raw_close         raw.o
    0x08014b34   0x08014b34   0x00000004   Code   RO         8962    i.raw_connect       raw.o
    0x08014b38   0x08014b38   0x000000f8   Code   RO         8963    i.raw_create        raw.o
    0x08014c30   0x08014c30   0x00000060   Code   RO         8964    i.raw_find          raw.o
    0x08014c90   0x08014c90   0x000000a8   Code   RO         8965    i.raw_in            raw.o
    0x08014d38   0x08014d38   0x0000007c   Code   RO         8966    i.raw_init          raw.o
    0x08014db4   0x08014db4   0x00000100   Code   RO         8967    i.raw_recvfrom      raw.o
    0x08014eb4   0x08014eb4   0x00000128   Code   RO         8968    i.raw_sendto        raw.o
    0x08014fdc   0x08014fdc   0x00000066   Code   RO        11234    i.remove_chain      ff.o
    0x08015042   0x08015042   0x00000002   PAD
    0x08015044   0x08015044   0x000000a8   Code   RO        10914    i.request_parese    httpd.o
    0x080150ec   0x080150ec   0x0000014c   Code   RO        11061    i.request_time      ntp.o
    0x08015238   0x08015238   0x00000008   Code   RO        10915    i.response_init     httpd.o
    0x08015240   0x08015240   0x00000042   Code   RO        10916    i.response_set_property  httpd.o
    0x08015282   0x08015282   0x0000002c   Code   RO        10917    i.response_set_start  httpd.o
    0x080152ae   0x080152ae   0x00000002   PAD
    0x080152b0   0x080152b0   0x000000ac   Code   RO        10918    i.response_text     httpd.o
    0x0801535c   0x0801535c   0x000000c0   Code   RO         8241    i.rt_add            ipv4.o
    0x0801541c   0x0801541c   0x0000004c   Code   RO         8242    i.rt_find           ipv4.o
    0x08015468   0x08015468   0x00000024   Code   RO         8243    i.rt_init           ipv4.o
    0x0801548c   0x0801548c   0x00000098   Code   RO         8244    i.rt_remove         ipv4.o
    0x08015524   0x08015524   0x00000028   Code   RO         7251    i.sem_init          os_sem.o
    0x0801554c   0x0801554c   0x000000b0   Code   RO         9712    i.send_out          tcp_out.o
    0x080155fc   0x080155fc   0x00000012   Code   RO         8245    i.set_header_size   ipv4.o
    0x0801560e   0x0801560e   0x00000002   PAD
    0x08015610   0x08015610   0x00000060   Code   RO        10919    i.show_client_info  httpd.o
    0x08015670   0x08015670   0x000000dc   Code   RO        10794    i.show_cmd_list     tftp_client.o
    0x0801574c   0x0801574c   0x00000034   Code   RO        10920    i.show_request      httpd.o
    0x08015780   0x08015780   0x0000014c   Code   RO         9060    i.sock_accept_req_in  sock.o
    0x080158cc   0x080158cc   0x00000080   Code   RO         9061    i.sock_bind         sock.o
    0x0801594c   0x0801594c   0x00000070   Code   RO         9062    i.sock_bind_req_in  sock.o
    0x080159bc   0x080159bc   0x00000088   Code   RO         9063    i.sock_close_req_in  sock.o
    0x08015a44   0x08015a44   0x0000001e   Code   RO         9064    i.sock_connect      sock.o
    0x08015a62   0x08015a62   0x00000002   PAD
    0x08015a64   0x08015a64   0x00000088   Code   RO         9065    i.sock_connect_req_in  sock.o
    0x08015aec   0x08015aec   0x00000100   Code   RO         9066    i.sock_create_req_in  sock.o
    0x08015bec   0x08015bec   0x00000074   Code   RO         9067    i.sock_destroy_req_in  sock.o
    0x08015c60   0x08015c60   0x0000002e   Code   RO         9068    i.sock_init         sock.o
    0x08015c8e   0x08015c8e   0x00000002   PAD
    0x08015c90   0x08015c90   0x000000b4   Code   RO         9069    i.sock_listen_req_in  sock.o
    0x08015d44   0x08015d44   0x00000094   Code   RO         9070    i.sock_recv         sock.o
    0x08015dd8   0x08015dd8   0x0000008c   Code   RO         9071    i.sock_recv_req_in  sock.o
    0x08015e64   0x08015e64   0x000000d8   Code   RO         9072    i.sock_recvfrom_req_in  sock.o
    0x08015f3c   0x08015f3c   0x000000a0   Code   RO         9073    i.sock_send         sock.o
    0x08015fdc   0x08015fdc   0x00000090   Code   RO         9074    i.sock_send_req_in  sock.o
    0x0801606c   0x0801606c   0x000000d8   Code   RO         9075    i.sock_sendto_req_in  sock.o
    0x08016144   0x08016144   0x000000c4   Code   RO         9076    i.sock_setopt       sock.o
    0x08016208   0x08016208   0x00000070   Code   RO         9077    i.sock_setsockopt_req_in  sock.o
    0x08016278   0x08016278   0x00000026   Code   RO         9078    i.sock_uninit       sock.o
    0x0801629e   0x0801629e   0x0000000c   Code   RO         9079    i.sock_wait_add     sock.o
    0x080162aa   0x080162aa   0x0000000c   Code   RO         9080    i.sock_wait_destroy  sock.o
    0x080162b6   0x080162b6   0x0000001a   Code   RO         9081    i.sock_wait_enter   sock.o
    0x080162d0   0x080162d0   0x0000001a   Code   RO         9082    i.sock_wait_init    sock.o
    0x080162ea   0x080162ea   0x00000014   Code   RO         9083    i.sock_wait_leave   sock.o
    0x080162fe   0x080162fe   0x00000036   Code   RO         9084    i.sock_wakeup       sock.o
    0x08016334   0x08016334   0x00000024   Code   RO         9085    i.socket_alloc      sock.o
    0x08016358   0x08016358   0x00000008   Code   RO         9086    i.socket_free       sock.o
    0x08016360   0x08016360   0x00000014   Code   RO         9087    i.socket_init       sock.o
    0x08016374   0x08016374   0x00000010   Code   RO        11235    i.st_clust          ff.o
    0x08016384   0x08016384   0x0000001a   Code   RO        11236    i.sum_sfn           ff.o
    0x0801639e   0x0801639e   0x0000000a   Code   RO         7447    i.swap_u16          arp.o
    0x080163a8   0x080163a8   0x0000000a   Code   RO         7674    i.swap_u16          dns.o
    0x080163b2   0x080163b2   0x0000000a   Code   RO         8246    i.swap_u16          ipv4.o
    0x080163bc   0x080163bc   0x0000000a   Code   RO         9634    i.swap_u16          tcp_in.o
    0x080163c6   0x080163c6   0x0000000a   Code   RO         9713    i.swap_u16          tcp_out.o
    0x080163d0   0x080163d0   0x0000000a   Code   RO        10121    i.swap_u16          udp.o
    0x080163da   0x080163da   0x0000000a   Code   RO        10701    i.swap_u16          tftp.o
    0x080163e4   0x080163e4   0x00000018   Code   RO         9635    i.swap_u32          tcp_in.o
    0x080163fc   0x080163fc   0x00000018   Code   RO         9714    i.swap_u32          tcp_out.o
    0x08016414   0x08016414   0x00000018   Code   RO        11062    i.swap_u32          ntp.o
    0x0801642c   0x0801642c   0x000000b4   Code   RO        11237    i.sync_fs           ff.o
    0x080164e0   0x080164e0   0x00000052   Code   RO        11238    i.sync_window       ff.o
    0x08016532   0x08016532   0x00000004   Code   RO        10324    i.sys_intlocker_lock  sys_plat.o
    0x08016536   0x08016536   0x00000004   Code   RO        10325    i.sys_intlocker_unlock  sys_plat.o
    0x0801653a   0x0801653a   0x00000004   Code   RO        10326    i.sys_mutex_create  sys_plat.o
    0x0801653e   0x0801653e   0x00000004   Code   RO        10327    i.sys_mutex_free    sys_plat.o
    0x08016542   0x08016542   0x00000006   Code   RO        10328    i.sys_mutex_lock    sys_plat.o
    0x08016548   0x08016548   0x00000004   Code   RO        10329    i.sys_mutex_unlock  sys_plat.o
    0x0801654c   0x0801654c   0x00000008   Code   RO        10331    i.sys_sem_create    sys_plat.o
    0x08016554   0x08016554   0x00000004   Code   RO        10332    i.sys_sem_free      sys_plat.o
    0x08016558   0x08016558   0x00000004   Code   RO        10333    i.sys_sem_notify    sys_plat.o
    0x0801655c   0x0801655c   0x00000022   Code   RO        10334    i.sys_sem_wait      sys_plat.o
    0x0801657e   0x0801657e   0x00000004   Code   RO        10335    i.sys_sleep         sys_plat.o
    0x08016582   0x08016582   0x00000028   Code   RO        10336    i.sys_thread_create  sys_plat.o
    0x080165aa   0x080165aa   0x00000004   Code   RO        10337    i.sys_thread_exit   sys_plat.o
    0x080165ae   0x080165ae   0x00000004   Code   RO        10338    i.sys_thread_self   sys_plat.o
    0x080165b2   0x080165b2   0x0000000c   Code   RO        10339    i.sys_time_curr     sys_plat.o
    0x080165be   0x080165be   0x00000018   Code   RO        10340    i.sys_time_goes     sys_plat.o
    0x080165d6   0x080165d6   0x00000002   PAD
    0x080165d8   0x080165d8   0x00000014   Code   RO         6450    i.task_insert_os    os_core.o
    0x080165ec   0x080165ec   0x00000106   Code   RO         9715    i.tcp_ack_process   tcp_out.o
    0x080166f2   0x080166f2   0x00000002   PAD
    0x080166f4   0x080166f4   0x00000090   Code   RO         9716    i.tcp_begin_rto     tcp_out.o
    0x08016784   0x08016784   0x0000000e   Code   RO         9582    i.tcp_buf_init      tcp_buf.o
    0x08016792   0x08016792   0x00000038   Code   RO         9583    i.tcp_buf_read_rcv  tcp_buf.o
    0x080167ca   0x080167ca   0x00000002   PAD
    0x080167cc   0x080167cc   0x000000e8   Code   RO         9584    i.tcp_buf_read_send  tcp_buf.o
    0x080168b4   0x080168b4   0x00000022   Code   RO         9585    i.tcp_buf_remove    tcp_buf.o
    0x080168d6   0x080168d6   0x0000005a   Code   RO         9586    i.tcp_buf_write_rcv  tcp_buf.o
    0x08016930   0x08016930   0x0000002c   Code   RO         9587    i.tcp_buf_write_send  tcp_buf.o
    0x0801695c   0x0801695c   0x0000011c   Code   RO         9717    i.tcp_cal_rto       tcp_out.o
    0x08016a78   0x08016a78   0x00000034   Code   RO         9718    i.tcp_cal_snd_win   tcp_out.o
    0x08016aac   0x08016aac   0x00000118   Code   RO         9902    i.tcp_close_wait_in  tcp_state.o
    0x08016bc4   0x08016bc4   0x00000074   Code   RO         9903    i.tcp_closed_in     tcp_state.o
    0x08016c38   0x08016c38   0x00000134   Code   RO         9904    i.tcp_closing_in    tcp_state.o
    0x08016d6c   0x08016d6c   0x000000f4   Code   RO         9636    i.tcp_data_in       tcp_in.o
    0x08016e60   0x08016e60   0x00000060   Code   RO        11600    i.tcp_echo_server_start  tcp_echo_server.o
    0x08016ec0   0x08016ec0   0x00000160   Code   RO        11601    i.tcp_echo_server_thread  tcp_echo_server.o
    0x08017020   0x08017020   0x00000138   Code   RO         9905    i.tcp_established_in  tcp_state.o
    0x08017158   0x08017158   0x00000148   Code   RO         9906    i.tcp_fin_wait_1_in  tcp_state.o
    0x080172a0   0x080172a0   0x00000130   Code   RO         9907    i.tcp_fin_wait_2_in  tcp_state.o
    0x080173d0   0x080173d0   0x00000008   Code   RO         9637    i.tcp_hdr_size      tcp_in.o
    0x080173d8   0x080173d8   0x000002bc   Code   RO         9638    i.tcp_in            tcp_in.o
    0x08017694   0x08017694   0x00000124   Code   RO         9908    i.tcp_last_ack_in   tcp_state.o
    0x080177b8   0x080177b8   0x0000013c   Code   RO         9909    i.tcp_listen_in     tcp_state.o
    0x080178f4   0x080178f4   0x0000003c   Code   RO         9719    i.tcp_ostate_idle_in  tcp_out.o
    0x08017930   0x08017930   0x0000001c   Code   RO         9720    i.tcp_ostate_name   tcp_out.o
    0x0801794c   0x0801794c   0x0000004e   Code   RO         9721    i.tcp_ostate_persist_in  tcp_out.o
    0x0801799a   0x0801799a   0x00000002   PAD
    0x0801799c   0x0801799c   0x000000f4   Code   RO         9722    i.tcp_ostate_rexmit_in  tcp_out.o
    0x08017a90   0x08017a90   0x0000009e   Code   RO         9723    i.tcp_ostate_sending_in  tcp_out.o
    0x08017b2e   0x08017b2e   0x00000002   PAD
    0x08017b30   0x08017b30   0x0000006c   Code   RO         9724    i.tcp_out_event     tcp_out.o
    0x08017b9c   0x08017b9c   0x00000250   Code   RO         9725    i.tcp_out_timer_tmo  tcp_out.o
    0x08017dec   0x08017dec   0x0000004a   Code   RO         9910    i.tcp_read_options  tcp_state.o
    0x08017e36   0x08017e36   0x00000002   PAD
    0x08017e38   0x08017e38   0x0000019c   Code   RO         9726    i.tcp_retransmit    tcp_out.o
    0x08017fd4   0x08017fd4   0x0000004e   Code   RO         9639    i.tcp_seg_init      tcp_in.o
    0x08018022   0x08018022   0x00000002   PAD
    0x08018024   0x08018024   0x000000bc   Code   RO         9727    i.tcp_send_ack      tcp_out.o
    0x080180e0   0x080180e0   0x00000014   Code   RO         9728    i.tcp_send_fin      tcp_out.o
    0x080180f4   0x080180f4   0x000000a8   Code   RO         9729    i.tcp_send_keepalive  tcp_out.o
    0x0801819c   0x0801819c   0x000000e8   Code   RO         9730    i.tcp_send_reset    tcp_out.o
    0x08018284   0x08018284   0x000000ac   Code   RO         9731    i.tcp_send_reset_for_tcp  tcp_out.o
    0x08018330   0x08018330   0x00000014   Code   RO         9732    i.tcp_send_syn      tcp_out.o
    0x08018344   0x08018344   0x000000a8   Code   RO         9733    i.tcp_send_win_update  tcp_out.o
    0x080183ec   0x080183ec   0x00000080   Code   RO         9640    i.tcp_seq_acceptable  tcp_in.o
    0x0801846c   0x0801846c   0x00000012   Code   RO         9734    i.tcp_set_hdr_size  tcp_out.o
    0x0801847e   0x0801847e   0x00000002   PAD
    0x08018480   0x08018480   0x000000c4   Code   RO         9735    i.tcp_set_ostate    tcp_out.o
    0x08018544   0x08018544   0x00000006   Code   RO         9911    i.tcp_set_state     tcp_state.o
    0x0801854a   0x0801854a   0x0000000c   Code   RO         9912    i.tcp_snd_done      tcp_state.o
    0x08018556   0x08018556   0x00000002   PAD
    0x08018558   0x08018558   0x00000014   Code   RO         9913    i.tcp_state_name    tcp_state.o
    0x0801856c   0x0801856c   0x0000016c   Code   RO         9914    i.tcp_syn_recvd_in  tcp_state.o
    0x080186d8   0x080186d8   0x00000160   Code   RO         9915    i.tcp_syn_sent_in   tcp_state.o
    0x08018838   0x08018838   0x00000050   Code   RO         9916    i.tcp_time_wait     tcp_state.o
    0x08018888   0x08018888   0x00000114   Code   RO         9917    i.tcp_time_wait_in  tcp_state.o
    0x0801899c   0x0801899c   0x00000050   Code   RO         9918    i.tcp_timewait_tmo  tcp_state.o
    0x080189ec   0x080189ec   0x00000194   Code   RO         9736    i.tcp_transmit      tcp_out.o
    0x08018b80   0x08018b80   0x0000004c   Code   RO         9737    i.tcp_transmit_most  tcp_out.o
    0x08018bcc   0x08018bcc   0x0000002c   Code   RO         9738    i.tcp_write_sndbuf  tcp_out.o
    0x08018bf8   0x08018bf8   0x0000000c   Code   RO        10795    i.tftp_close        tftp_client.o
    0x08018c04   0x08018c04   0x00000014   Code   RO        10702    i.tftp_error_msg    tftp.o
    0x08018c18   0x08018c18   0x0000004c   Code   RO        10796    i.tftp_get          tftp_client.o
    0x08018c64   0x08018c64   0x000000a0   Code   RO        10797    i.tftp_open         tftp_client.o
    0x08018d04   0x08018d04   0x00000120   Code   RO        10703    i.tftp_parse_oack   tftp.o
    0x08018e24   0x08018e24   0x0000004c   Code   RO        10798    i.tftp_put          tftp_client.o
    0x08018e70   0x08018e70   0x00000044   Code   RO        10704    i.tftp_resend       tftp.o
    0x08018eb4   0x08018eb4   0x00000064   Code   RO        10705    i.tftp_send_ack     tftp.o
    0x08018f18   0x08018f18   0x0000006c   Code   RO        10706    i.tftp_send_data    tftp.o
    0x08018f84   0x08018f84   0x0000007c   Code   RO        10707    i.tftp_send_error   tftp.o
    0x08019000   0x08019000   0x00000074   Code   RO        10708    i.tftp_send_oack    tftp.o
    0x08019074   0x08019074   0x00000044   Code   RO        10709    i.tftp_send_packet  tftp.o
    0x080190b8   0x080190b8   0x000000dc   Code   RO        10710    i.tftp_send_request  tftp.o
    0x08019194   0x08019194   0x000000d8   Code   RO        10855    i.tftp_server_thread  tftp_server.o
    0x0801926c   0x0801926c   0x00000200   Code   RO        10799    i.tftp_start        tftp_client.o
    0x0801946c   0x0801946c   0x00000140   Code   RO        10711    i.tftp_wait_packet  tftp.o
    0x080195ac   0x080195ac   0x000000f8   Code   RO        10856    i.tftp_working_thread  tftp_server.o
    0x080196a4   0x080196a4   0x00000090   Code   RO        10857    i.tftpd_start       tftp_server.o
    0x08019734   0x08019734   0x00000090   Code   RO        10085    i.tools_init        tools.o
    0x080197c4   0x080197c4   0x000000bc   Code   RO         6377    i.uart_init         usart.o
    0x08019880   0x08019880   0x000000e4   Code   RO        10122    i.udp_bind          udp.o
    0x08019964   0x08019964   0x00000040   Code   RO        10123    i.udp_close         udp.o
    0x080199a4   0x080199a4   0x0000000a   Code   RO        10124    i.udp_connect       udp.o
    0x080199ae   0x080199ae   0x00000002   PAD
    0x080199b0   0x080199b0   0x000000f8   Code   RO        10125    i.udp_create        udp.o
    0x08019aa8   0x08019aa8   0x0000013c   Code   RO        11626    i.udp_echo_server   udp_echo_server.o
    0x08019be4   0x08019be4   0x00000058   Code   RO        11627    i.udp_echo_server_start  udp_echo_server.o
    0x08019c3c   0x08019c3c   0x0000006c   Code   RO        10126    i.udp_find          udp.o
    0x08019ca8   0x08019ca8   0x0000022c   Code   RO        10127    i.udp_in            udp.o
    0x08019ed4   0x08019ed4   0x00000084   Code   RO        10128    i.udp_init          udp.o
    0x08019f58   0x08019f58   0x00000140   Code   RO        10129    i.udp_out           udp.o
    0x0801a098   0x0801a098   0x00000120   Code   RO        10130    i.udp_recvfrom      udp.o
    0x0801a1b8   0x0801a1b8   0x00000170   Code   RO        10131    i.udp_sendto        udp.o
    0x0801a328   0x0801a328   0x0000001c   Code   RO        11239    i.unlock_fs         ff.o
    0x0801a344   0x0801a344   0x00000018   Code   RO         6378    i.usart_read        usart.o
    0x0801a35c   0x0801a35c   0x00000020   Code   RO         6379    i.usart_write       usart.o
    0x0801a37c   0x0801a37c   0x000000d0   Code   RO        10921    i.valid_request     httpd.o
    0x0801a44c   0x0801a44c   0x0000003a   Code   RO        11240    i.validate          ff.o
    0x0801a486   0x0801a486   0x00000002   PAD
    0x0801a488   0x0801a488   0x000001f0   Code   RO        10858    i.wait_for_req      tftp_server.o
    0x0801a678   0x0801a678   0x000000cc   Code   RO         7920    i.work_thread       exmsg.o
    0x0801a744   0x0801a744   0x00000084   Code   RO        10712    i.write_option      tftp.o
    0x0801a7c8   0x0801a7c8   0x0000008c   Code   RO         9739    i.write_sync_option  tcp_out.o
    0x0801a854   0x0801a854   0x0000010c   Code   RO         9261    i.x_accept          socket.o
    0x0801a960   0x0801a960   0x000000c4   Code   RO         9262    i.x_bind            socket.o
    0x0801aa24   0x0801aa24   0x00000098   Code   RO         9263    i.x_close           socket.o
    0x0801aabc   0x0801aabc   0x0000013c   Code   RO         9264    i.x_connect         socket.o
    0x0801abf8   0x0801abf8   0x00000228   Code   RO         9265    i.x_gethostbyname_r  socket.o
    0x0801ae20   0x0801ae20   0x00000016   Code   RO         8542    i.x_inet_addr       netapi.o
    0x0801ae36   0x0801ae36   0x00000002   PAD
    0x0801ae38   0x0801ae38   0x00000034   Code   RO         8543    i.x_inet_ntoa       netapi.o
    0x0801ae6c   0x0801ae6c   0x00000050   Code   RO         8544    i.x_inet_ntop       netapi.o
    0x0801aebc   0x0801aebc   0x00000060   Code   RO         9266    i.x_listen          socket.o
    0x0801af1c   0x0801af1c   0x00000006   Code   RO         9267    i.x_read            socket.o
    0x0801af22   0x0801af22   0x00000002   PAD
    0x0801af24   0x0801af24   0x000000e4   Code   RO         9268    i.x_recv            socket.o
    0x0801b008   0x0801b008   0x00000130   Code   RO         9269    i.x_recvfrom        socket.o
    0x0801b138   0x0801b138   0x000000c8   Code   RO         9270    i.x_send            socket.o
    0x0801b200   0x0801b200   0x00000138   Code   RO         9271    i.x_sendto          socket.o
    0x0801b338   0x0801b338   0x0000009c   Code   RO         9272    i.x_setsockopt      socket.o
    0x0801b3d4   0x0801b3d4   0x00000074   Code   RO         9273    i.x_socket          socket.o
    0x0801b448   0x0801b448   0x00000006   Code   RO         9274    i.x_write           socket.o
    0x0801b44e   0x0801b44e   0x00000002   PAD
    0x0801b450   0x0801b450   0x0000002c   Code   RO        12303    locale$$code        c_w.l(lc_ctype_c.o)
    0x0801b47c   0x0801b47c   0x0000002c   Code   RO        12410    locale$$code        c_w.l(lc_numeric_c.o)
    0x0801b4a8   0x0801b4a8   0x00000062   Code   RO        12475    x$fpl$d2f           fz_ws.l(d2f.o)
    0x0801b50a   0x0801b50a   0x00000002   PAD
    0x0801b50c   0x0801b50c   0x00000010   Code   RO        12533    x$fpl$dcheck1       fz_ws.l(dcheck1.o)
    0x0801b51c   0x0801b51c   0x00000018   Code   RO        12498    x$fpl$dcmpinf       fz_ws.l(dcmpi.o)
    0x0801b534   0x0801b534   0x00000078   Code   RO        12477    x$fpl$deqf          fz_ws.l(deqf.o)
    0x0801b5ac   0x0801b5ac   0x0000005a   Code   RO        12012    x$fpl$dfixu         fz_ws.l(dfixu.o)
    0x0801b606   0x0801b606   0x00000026   Code   RO        12016    x$fpl$dfltu         fz_ws.l(dflt_clz.o)
    0x0801b62c   0x0801b62c   0x00000078   Code   RO        12500    x$fpl$dleqf         fz_ws.l(dleqf.o)
    0x0801b6a4   0x0801b6a4   0x00000154   Code   RO        12022    x$fpl$dmul          fz_ws.l(dmul.o)
    0x0801b7f8   0x0801b7f8   0x0000009c   Code   RO        12209    x$fpl$dnaninf       fz_ws.l(dnaninf.o)
    0x0801b894   0x0801b894   0x0000000c   Code   RO        12211    x$fpl$dretinf       fz_ws.l(dretinf.o)
    0x0801b8a0   0x0801b8a0   0x0000006c   Code   RO        12479    x$fpl$drleqf        fz_ws.l(drleqf.o)
    0x0801b90c   0x0801b90c   0x0000000a   Code   RO        12502    x$fpl$fretinf       fz_ws.l(fretinf.o)
    0x0801b916   0x0801b916   0x00000004   Code   RO        12215    x$fpl$printf1       fz_ws.l(printf1.o)
    0x0801b91a   0x0801b91a   0x00000004   Code   RO        12217    x$fpl$printf2       fz_ws.l(printf2.o)
    0x0801b91e   0x0801b91e   0x00000064   Code   RO        12550    x$fpl$retnan        fz_ws.l(retnan.o)
    0x0801b982   0x0801b982   0x0000005c   Code   RO        12504    x$fpl$scalbn        fz_ws.l(scalbn.o)
    0x0801b9de   0x0801b9de   0x00000004   Code   RO        12223    x$fpl$scanf1        fz_ws.l(scanf1.o)
    0x0801b9e2   0x0801b9e2   0x00000008   Code   RO        12437    x$fpl$scanf2        fz_ws.l(scanf2.o)
    0x0801b9ea   0x0801b9ea   0x00000030   Code   RO        12552    x$fpl$trapveneer    fz_ws.l(trapv.o)
    0x0801ba1a   0x0801ba1a   0x00000000   Code   RO        12225    x$fpl$usenofp       fz_ws.l(usenofp.o)
    0x0801ba1a   0x0801ba1a   0x00000100   Data   RO         6452    .constdata          os_core.o
    0x0801bb1a   0x0801bb1a   0x0000000c   Data   RO         6996    .constdata          os_plat.o
    0x0801bb26   0x0801bb26   0x0000009c   Data   RO         7449    .constdata          arp.o
    0x0801bbc2   0x0801bbc2   0x00000072   Data   RO         7676    .constdata          dns.o
    0x0801bc34   0x0801bc34   0x00000047   Data   RO         7846    .constdata          ether.o
    0x0801bc7b   0x0801bc7b   0x0000004a   Data   RO         7922    .constdata          exmsg.o
    0x0801bcc5   0x0801bcc5   0x0000000a   Data   RO         8002    .constdata          fixq.o
    0x0801bccf   0x0801bccf   0x00000033   Data   RO         8051    .constdata          icmpv4.o
    0x0801bd02   0x0801bd02   0x0000007a   Data   RO         8248    .constdata          ipv4.o
    0x0801bd7c   0x0801bd7c   0x00000020   Data   RO         8419    .constdata          loop.o
    0x0801bd9c   0x0801bd9c   0x0000000c   Data   RO         8453    .constdata          mblock.o
    0x0801bda8   0x0801bda8   0x00000013   Data   RO         8497    .constdata          net.o
    0x0801bdbb   0x0801bdbb   0x0000009b   Data   RO         8600    .constdata          netif.o
    0x0801be56   0x0801be56   0x000000cd   Data   RO         8815    .constdata          pktbuf.o
    0x0801bf23   0x0801bf23   0x00000001   PAD
    0x0801bf24   0x0801bf24   0x00000060   Data   RO         8970    .constdata          raw.o
    0x0801bf84   0x0801bf84   0x0000012f   Data   RO         9089    .constdata          sock.o
    0x0801c0b3   0x0801c0b3   0x00000075   Data   RO         9275    .constdata          socket.o
    0x0801c128   0x0801c128   0x00000012   Data   RO         9588    .constdata          tcp_buf.o
    0x0801c13a   0x0801c13a   0x00000002   PAD
    0x0801c13c   0x0801c13c   0x00000058   Data   RO         9641    .constdata          tcp_in.o
    0x0801c194   0x0801c194   0x000000fe   Data   RO         9740    .constdata          tcp_out.o
    0x0801c292   0x0801c292   0x000000c7   Data   RO         9919    .constdata          tcp_state.o
    0x0801c359   0x0801c359   0x00000042   Data   RO        10035    .constdata          timer.o
    0x0801c39b   0x0801c39b   0x0000000b   Data   RO        10086    .constdata          tools.o
    0x0801c3a6   0x0801c3a6   0x00000002   PAD
    0x0801c3a8   0x0801c3a8   0x0000007a   Data   RO        10133    .constdata          udp.o
    0x0801c422   0x0801c422   0x0000000e   Data   RO        10235    .constdata          net_plat.o
    0x0801c430   0x0801c430   0x00000094   Data   RO        10257    .constdata          netif_disc.o
    0x0801c4c4   0x0801c4c4   0x0000000d   Data   RO        10442    .constdata          test_net.o
    0x0801c4d1   0x0801c4d1   0x00000006   Data   RO        10443    .constdata          test_net.o
    0x0801c4d7   0x0801c4d7   0x00000001   PAD
    0x0801c4d8   0x0801c4d8   0x00000294   Data   RO        10923    .constdata          httpd.o
    0x0801c76c   0x0801c76c   0x0000000c   Data   RO        11063    .constdata          ntp.o
    0x0801c778   0x0801c778   0x0000003a   Data   RO        11241    .constdata          ff.o
    0x0801c7b2   0x0801c7b2   0x0002acc8   Data   RO        11532    .constdata          cc936.o
    0x0804747a   0x0804747a   0x00000002   PAD
    0x0804747c   0x0804747c   0x00000018   Data   RO        11675    .constdata          eventrecorder.o
    0x08047494   0x08047494   0x00000028   Data   RO        11891    .constdata          c_w.l(_printf_hex_int_ll_ptr.o)
    0x080474bc   0x080474bc   0x00000011   Data   RO        11911    .constdata          c_w.l(__printf_flags_ss_wp.o)
    0x080474cd   0x080474cd   0x00000003   PAD
    0x080474d0   0x080474d0   0x00000008   Data   RO        12086    .constdata          c_w.l(_printf_wctomb.o)
    0x080474d8   0x080474d8   0x00000026   Data   RO        12270    .constdata          c_w.l(_printf_fp_hex.o)
    0x080474fe   0x080474fe   0x0000000c   Data   RO        12317    .constdata          c_w.l(_monlen.o)
    0x0804750a   0x0804750a   0x00000002   PAD
    0x0804750c   0x0804750c   0x00000094   Data   RO        12363    .constdata          c_w.l(bigflt0.o)
    0x080475a0   0x080475a0   0x0000002b   Data   RO         7625    .conststring        dbg.o
    0x080475cb   0x080475cb   0x00000001   PAD
    0x080475cc   0x080475cc   0x0000005d   Data   RO         8816    .conststring        pktbuf.o
    0x08047629   0x08047629   0x00000003   PAD
    0x0804762c   0x0804762c   0x00000068   Data   RO         9741    .conststring        tcp_out.o
    0x08047694   0x08047694   0x00000085   Data   RO         9920    .conststring        tcp_state.o
    0x08047719   0x08047719   0x00000003   PAD
    0x0804771c   0x0804771c   0x000000c7   Data   RO        10713    .conststring        tftp.o
    0x080477e3   0x080477e3   0x00000001   PAD
    0x080477e4   0x080477e4   0x000000c9   Data   RO        10924    .conststring        httpd.o
    0x080478ad   0x080478ad   0x00000003   PAD
    0x080478b0   0x080478b0   0x0000002d   Data   RO        11064    .conststring        ntp.o
    0x080478dd   0x080478dd   0x00000003   PAD
    0x080478e0   0x080478e0   0x00000040   Data   RO        12554    Region$$Table       anon$$obj.o
    0x08047920   0x08047920   0x00000008   Data   RO        12432    c$$dinf             fz_ws.l(fpconst.o)
    0x08047928   0x08047928   0x00000110   Data   RO        12302    locale$$data        c_w.l(lc_ctype_c.o)
    0x08047a38   0x08047a38   0x0000001c   Data   RO        12409    locale$$data        c_w.l(lc_numeric_c.o)


    Execution Region RW_IRAM2 (Exec base: 0x10000000, Load base: 0x08047a54, Size: 0x00010000, Max: 0x00010000, ABSOLUTE)

    Exec Addr    Load Addr    Size         Type   Attr      Idx    E Section Name        Object

    0x10000000        -       0x0000f000   Zero   RW         1058    HEAP                startup_stm32f40_41xxx.o
    0x1000f000        -       0x00001000   Zero   RW         1057    STACK               startup_stm32f40_41xxx.o


    Execution Region RW_IRAM1 (Exec base: 0x20000000, Load base: 0x08047a54, Size: 0x0001e7a4, Max: 0x00020000, ABSOLUTE, COMPRESSED[0x00000098])

    Exec Addr    Load Addr    Size         Type   Attr      Idx    E Section Name        Object

    0x20000000   0x08047a54   0x0000000a   Ven    RO        12574    Veneer$$Code        anon$$obj.o
    0x2000000a   0x08047a5e   0x0000000a   Ven    RO        12575    Veneer$$Code        anon$$obj.o
    0x20000014   0x08047a68   0x0000000a   Ven    RO        12576    Veneer$$Code        anon$$obj.o
    0x2000001e   0x08047a72   0x0000000a   Ven    RO        12577    Veneer$$Code        anon$$obj.o
    0x20000028   0x08047a7c   0x0000000a   Ven    RO        12578    Veneer$$Code        anon$$obj.o
    0x20000032   0x08047a86   0x0000000a   Ven    RO        12579    Veneer$$Code        anon$$obj.o
    0x2000003c   0x08047a90   0x0000000a   Ven    RO        12580    Veneer$$Code        anon$$obj.o
    0x20000046   0x08047a9a   0x0000000a   Ven    RO        12581    Veneer$$Code        anon$$obj.o
    0x20000050   0x08047aa4   0x0000000a   Ven    RO        12582    Veneer$$Code        anon$$obj.o
    0x2000005a   0x08047aae   0x0000000a   Ven    RO        12583    Veneer$$Code        anon$$obj.o
    0x20000064   0x08047ab8   0x0000000a   Ven    RO        12584    Veneer$$Code        anon$$obj.o
    0x2000006e   0x08047ac2   0x0000000a   Ven    RO        12585    Veneer$$Code        anon$$obj.o
    0x20000078   0x08047acc   0x0000000a   Ven    RO        12586    Veneer$$Code        anon$$obj.o
    0x20000082   0x08047ad6   0x0000000a   Ven    RO        12587    Veneer$$Code        anon$$obj.o
    0x2000008c   0x08047ae0   0x0000000a   Ven    RO        12588    Veneer$$Code        anon$$obj.o
    0x20000096   0x08047aea   0x0000000a   Ven    RO        12589    Veneer$$Code        anon$$obj.o
    0x200000a0   0x08047af4   0x0000000a   Ven    RO        12590    Veneer$$Code        anon$$obj.o
    0x200000aa   0x08047afe   0x0000000a   Ven    RO        12591    Veneer$$Code        anon$$obj.o
    0x200000b4   0x08047b08   0x0000000a   Ven    RO        12592    Veneer$$Code        anon$$obj.o
    0x200000be   0x08047b12   0x0000000a   Ven    RO        12593    Veneer$$Code        anon$$obj.o
    0x200000c8   0x08047b1c   0x0000000a   Ven    RO        12594    Veneer$$Code        anon$$obj.o
    0x200000d2   0x08047b26   0x0000000a   Ven    RO        12595    Veneer$$Code        anon$$obj.o
    0x200000dc   0x08047b30   0x0000000a   Ven    RO        12596    Veneer$$Code        anon$$obj.o
    0x200000e6   0x08047b3a   0x0000000a   Ven    RO        12597    Veneer$$Code        anon$$obj.o
    0x200000f0   0x08047b44   0x0000000a   Ven    RO        12598    Veneer$$Code        anon$$obj.o
    0x200000fa   0x08047b4e   0x0000000a   Ven    RO        12599    Veneer$$Code        anon$$obj.o
    0x20000104   0x08047b58   0x0000000a   Ven    RO        12600    Veneer$$Code        anon$$obj.o
    0x2000010e   0x08047b62   0x0000000a   Ven    RO        12601    Veneer$$Code        anon$$obj.o
    0x20000118   0x08047b6c   0x0000000a   Ven    RO        12602    Veneer$$Code        anon$$obj.o
    0x20000122   0x08047b76   0x0000000a   Ven    RO        12603    Veneer$$Code        anon$$obj.o
    0x2000012c   0x08047b80   0x0000000a   Ven    RO        12604    Veneer$$Code        anon$$obj.o
    0x20000136   0x08047b8a   0x0000000a   Ven    RO        12605    Veneer$$Code        anon$$obj.o
    0x20000140   0x08047b94   0x0000000a   Ven    RO        12606    Veneer$$Code        anon$$obj.o
    0x2000014a   0x08047b9e   0x0000000a   Ven    RO        12607    Veneer$$Code        anon$$obj.o
    0x20000154   0x08047ba8   0x00000088   Code   RO         9365    i.keepalive_start_timer  tcp.o
    0x200001dc   0x08047c30   0x00000032   Code   RO         9366    i.tcp_abort         tcp.o
    0x2000020e   COMPRESSED   0x00000002   PAD
    0x20000210   0x08047c64   0x00000078   Code   RO         9367    i.tcp_accept        tcp.o
    0x20000288   0x08047cdc   0x000001c4   Code   RO         9368    i.tcp_alloc         tcp.o
    0x2000044c   0x08047ea0   0x00000054   Code   RO         9369    i.tcp_alloc_port    tcp.o
    0x200004a0   0x08047ef4   0x0000002c   Code   RO         9370    i.tcp_backlog_count  tcp.o
    0x200004cc   0x08047f20   0x000001ec   Code   RO         9371    i.tcp_bind          tcp.o
    0x200006b8   0x0804810c   0x0000002c   Code   RO         9372    i.tcp_clear_parent  tcp.o
    0x200006e4   0x08048138   0x00000154   Code   RO         9373    i.tcp_close         tcp.o
    0x20000838   0x0804828c   0x00000054   Code   RO         9374    i.tcp_conn_exist    tcp.o
    0x2000088c   0x080482e0   0x000001c4   Code   RO         9375    i.tcp_connect       tcp.o
    0x20000a50   0x080484a4   0x00000060   Code   RO         9376    i.tcp_create        tcp.o
    0x20000ab0   0x08048504   0x000000c4   Code   RO         9377    i.tcp_create_child  tcp.o
    0x20000b74   0x080485c8   0x0000000e   Code   RO         9378    i.tcp_destory       tcp.o
    0x20000b82   COMPRESSED   0x00000002   PAD
    0x20000b84   0x080485d8   0x0000007c   Code   RO         9379    i.tcp_find          tcp.o
    0x20000c00   0x08048654   0x000000b4   Code   RO         9380    i.tcp_free          tcp.o
    0x20000cb4   0x08048708   0x00000006   Code   RO         9381    i.tcp_free_tmo      tcp.o
    0x20000cba   COMPRESSED   0x00000002   PAD
    0x20000cbc   0x08048710   0x00000054   Code   RO         9382    i.tcp_get_free      tcp.o
    0x20000d10   0x08048764   0x0000001c   Code   RO         9383    i.tcp_get_iss       tcp.o
    0x20000d2c   0x08048780   0x00000084   Code   RO         9384    i.tcp_init          tcp.o
    0x20000db0   0x08048804   0x00000070   Code   RO         9385    i.tcp_init_connect  tcp.o
    0x20000e20   0x08048874   0x00000080   Code   RO         9386    i.tcp_insert        tcp.o
    0x20000ea0   0x080488f4   0x00000020   Code   RO         9387    i.tcp_keepalive_restart  tcp.o
    0x20000ec0   0x08048914   0x00000070   Code   RO         9388    i.tcp_keepalive_start  tcp.o
    0x20000f30   0x08048984   0x000000dc   Code   RO         9389    i.tcp_keepalive_tmo  tcp.o
    0x2000100c   0x08048a60   0x0000001a   Code   RO         9390    i.tcp_kill_all_timers  tcp.o
    0x20001026   COMPRESSED   0x00000002   PAD
    0x20001028   0x08048a7c   0x000000ac   Code   RO         9391    i.tcp_listen        tcp.o
    0x200010d4   0x08048b28   0x00000022   Code   RO         9392    i.tcp_rcv_window    tcp.o
    0x200010f6   COMPRESSED   0x00000002   PAD
    0x200010f8   0x08048b4c   0x00000140   Code   RO         9393    i.tcp_recv          tcp.o
    0x20001238   0x08048c8c   0x00000128   Code   RO         9394    i.tcp_send          tcp.o
    0x20001360   0x08048db4   0x00000040   Code   RO         9395    i.tcp_set_delayed_free  tcp.o
    0x200013a0   0x08048df4   0x00000138   Code   RO         9396    i.tcp_setopt        tcp.o
    0x200014d8   0x08048f2c   0x000000f3   Data   RO         9398    .constdata          tcp.o
    0x200015cb   COMPRESSED   0x00000001   PAD
    0x200015cc   COMPRESSED   0x00000014   Data   RW          172    .data               system_stm32f4xx.o
    0x200015e0   COMPRESSED   0x00000010   Data   RW          523    .data               lan8720.o
    0x200015f0   COMPRESSED   0x00000010   Data   RW          877    .data               sdio_sdcard.o
    0x20001600   COMPRESSED   0x00000010   Data   RW         1261    .data               stm32f4xx_rcc.o
    0x20001610   COMPRESSED   0x0000000c   Data   RW         2433    .data               stm32f4x7_eth.o
    0x2000161c   COMPRESSED   0x00000004   Data   RW         6322    .data               delay.o
    0x20001620   COMPRESSED   0x00000004   Data   RW         6382    .data               usart.o
    0x20001624   COMPRESSED   0x00000004   Data   RW         6999    .data               os_plat.o
    0x20001628   COMPRESSED   0x00000010   Data   RW         7626    .data               dbg.o
    0x20001638   COMPRESSED   0x00000008   Data   RW         7677    .data               dns.o
    0x20001640   COMPRESSED   0x00000004   Data   RW         7923    .data               exmsg.o
    0x20001644   COMPRESSED   0x00000008   Data   RW         8133    .data               ipaddr.o
    0x2000164c   COMPRESSED   0x00000002   Data   RW         8249    .data               ipv4.o
    0x2000164e   COMPRESSED   0x00000002   PAD
    0x20001650   COMPRESSED   0x00000004   Data   RW         8601    .data               netif.o
    0x20001654   COMPRESSED   0x00000008   Data   RW         8817    .data               pktbuf.o
    0x2000165c   COMPRESSED   0x00000008   Data   RW         9399    .data               tcp.o
    0x20001664   COMPRESSED   0x00000020   Data   RW         9742    .data               tcp_out.o
    0x20001684   COMPRESSED   0x00000034   Data   RW         9921    .data               tcp_state.o
    0x200016b8   COMPRESSED   0x00000004   Data   RW        10134    .data               udp.o
    0x200016bc   COMPRESSED   0x00000004   Data   RW        10258    .data               netif_disc.o
    0x200016c0   COMPRESSED   0x00000004   Data   RW        10444    .data               test_net.o
    0x200016c4   COMPRESSED   0x00000028   Data   RW        10714    .data               tftp.o
    0x200016ec   COMPRESSED   0x00000008   Data   RW        10860    .data               tftp_server.o
    0x200016f4   COMPRESSED   0x00000018   Data   RW        10925    .data               httpd.o
    0x2000170c   COMPRESSED   0x00000002   Data   RW        11037    .data               ping.o
    0x2000170e   COMPRESSED   0x00000002   Data   RW        11117    .data               diskio.o
    0x20001710   COMPRESSED   0x00000008   Data   RW        11242    .data               ff.o
    0x20001718   COMPRESSED   0x00000004   Data   RW        11567    .data               ff_system.o
    0x2000171c   COMPRESSED   0x00000004   Data   RW        11602    .data               tcp_echo_server.o
    0x20001720   COMPRESSED   0x00000002   Data   RW        11628    .data               udp_echo_server.o
    0x20001722   COMPRESSED   0x00000002   PAD
    0x20001724   COMPRESSED   0x00000004   Data   RW        11947    .data               c_w.l(stdio_streams.o)
    0x20001728   COMPRESSED   0x00000004   Data   RW        11948    .data               c_w.l(stdio_streams.o)
    0x2000172c   COMPRESSED   0x00000004   Data   RW        11949    .data               c_w.l(stdio_streams.o)
    0x20001730   COMPRESSED   0x00000004   Data   RW        11965    .data               c_w.l(strtok.o)
    0x20001734   COMPRESSED   0x00000004   Data   RW        12145    .data               c_w.l(streamlock.o)
    0x20001738        -       0x0000000e   Zero   RW          322    .bss                lcd.o
    0x20001746   COMPRESSED   0x00000002   PAD
    0x20001748        -       0x000030a0   Zero   RW          522    .bss                lan8720.o
    0x200047e8        -       0x000002c0   Zero   RW          876    .bss                sdio_sdcard.o
    0x20004aa8        -       0x0000000c   Zero   RW         2432    .bss                stm32f4x7_eth.o
    0x20004ab4        -       0x00000574   Zero   RW         6451    .bss                os_core.o
    0x20005028        -       0x000000f0   Zero   RW         6995    .bss                os_plat.o
    0x20005118        -       0x00000130   Zero   RW         7448    .bss                arp.o
    0x20005248        -       0x00000080   Zero   RW         7624    .bss                dbg.o
    0x200052c8        -       0x000002bc   Zero   RW         7675    .bss                dns.o
    0x20005584        -       0x000000b8   Zero   RW         7921    .bss                exmsg.o
    0x2000563c        -       0x0000039c   Zero   RW         8247    .bss                ipv4.o
    0x200059d8        -       0x00000010   Zero   RW         8546    .bss                netapi.o
    0x200059e8        -       0x000001f4   Zero   RW         8599    .bss                netif.o
    0x20005bdc        -       0x00006f28   Zero   RW         8814    .bss                pktbuf.o
    0x2000cb04        -       0x00000080   Zero   RW         8969    .bss                raw.o
    0x2000cb84        -       0x00000070   Zero   RW         9088    .bss                sock.o
    0x2000cbf4        -       0x0000adf8   Zero   RW         9397    .bss                tcp.o
    0x200179ec        -       0x0000000c   Zero   RW        10034    .bss                timer.o
    0x200179f8        -       0x000001e0   Zero   RW        10132    .bss                udp.o
    0x20017bd8        -       0x000006a0   Zero   RW        10441    .bss                test_net.o
    0x20018278        -       0x0000042c   Zero   RW        10545    .bss                app.o
    0x200186a4        -       0x00002030   Zero   RW        10800    .bss                tftp_client.o
    0x2001a6d4        -       0x00002030   Zero   RW        10859    .bss                tftp_server.o
    0x2001c704        -       0x00001848   Zero   RW        10922    .bss                httpd.o
    0x2001df4c        -       0x00000200   Zero   RW        11036    .bss                ping.o
    0x2001e14c        -       0x00000054   Zero   RW        11944    .bss                c_w.l(stdio_streams.o)
    0x2001e1a0        -       0x00000054   Zero   RW        11945    .bss                c_w.l(stdio_streams.o)
    0x2001e1f4        -       0x00000054   Zero   RW        11946    .bss                c_w.l(stdio_streams.o)
    0x2001e248        -       0x0000002c   Zero   RW        11992    .bss                c_w.l(localtime.o)
    0x2001e274        -       0x00000060   Zero   RW        12229    .bss                c_w.l(libspace.o)
    0x2001e2d4   COMPRESSED   0x0000002c   PAD
    0x2001e300        -       0x000004a4   Zero   RW        11674    .bss.noinit         eventrecorder.o


==============================================================================

Image component sizes


      Code (inc. data)   RO Data    RW Data    ZI Data      Debug   Object Name

        82         22          0          0       1068       1463   app.o
      3296       1064        156          0        304      28351   arp.o
       132         20     175304          0          0       2519   cc936.o
       120         34         43         16        128        832   dbg.o
       200         18          0          4          0       2303   delay.o
       296          8          0          2          0       6568   diskio.o
      3714       1082        114          8        700      30172   dns.o
      1296        460         71          0          0      10151   ether.o
         0          0         24          0       1188       4144   eventrecorder.o
      1304        502         74          4        184      11605   exmsg.o
      6732         58         58          8          0      40951   ff.o
        64          4          0          4          0       2671   ff_system.o
       518         66         10          0          0       3780   fixq.o
      2582        946        861         24       6216      19786   httpd.o
      1134        392         51          0          0       9867   icmpv4.o
       372          4          0          8          0       9132   ipaddr.o
      4372       1298        122          2        924      26994   ipv4.o
         0          0          0          0          0     229192   key.o
       540         52          0         16      12448      45017   lan8720.o
     11200        122          0          0         14      14212   lcd.o
       344        136         32          0          0       2768   loop.o
       374        104         12          0          0       4671   mblock.o
       152         16          0          0          0       2317   misc.o
       200         80         19          0          0       2555   net.o
       100         54         14          0          0        492   net_plat.o
       154         30          0          0         16       7250   netapi.o
      1942        682        155          4        500      16773   netif.o
       500         42        148          4          0       8365   netif_disc.o
       220          0          0          0          0       4458   nlist.o
        88          0          0          0          0       2477   nlocker.o
       500        196         57          0          0       7842   ntp.o
      1146        110        256          0       1396      10239   os_core.o
         0          0          0          0          0       1540   os_eflags.o
       532          0          0          0          0       6884   os_event.o
       322          0          0          0          0       5585   os_list.o
        10          0          0          0          0       1263   os_mem.o
       548          0          0          0          0       5639   os_mutex.o
       724         40         12          4        240      44537   os_plat.o
        32          0          0          0          0        328   os_plat_s.o
       674          0          0          0          0       6193   os_queue.o
       334          0          0          0          0       4513   os_sem.o
       326          0          0          0          0       3995   os_task.o
         2          0          0          0          0        401   os_timer.o
       764        254          0          2        512       3763   ping.o
      3960       1260        298          8      28456      22852   pktbuf.o
      1298        378         96          0        128      18790   raw.o
       108         16          0          0          0        965   rtc.o
      6392        266          0         16        704      35389   sdio_sdcard.o
      3084       1076        303          0        112      26925   sock.o
      2908        964        117          0          0      18168   socket.o
        64         26        392          0      65536        784   startup_stm32f40_41xxx.o
      1672        164          0         12         12      16186   stm32f4x7_eth.o
       446         26          0          0          0       4760   stm32f4xx_dma.o
        12          6          0          0          0        533   stm32f4xx_exti.o
       238          6          0          0          0       2069   stm32f4xx_fsmc.o
       156          0          0          0          0       1951   stm32f4xx_gpio.o
        14          0          0          0          0      65379   stm32f4xx_it.o
       300         42          0         16          0       6217   stm32f4xx_rcc.o
        56         14          0          0          0       1168   stm32f4xx_rtc.o
       192         36          0          0          0       5993   stm32f4xx_sdio.o
        12          6          0          0          0        570   stm32f4xx_syscfg.o
       338          8          0          0          0       4742   stm32f4xx_usart.o
        16          0          0          0          0        440   sys.o
       164          0          0          0          0       8044   sys_plat.o
       396         46          0         20          0       2437   system_stm32f4xx.o
      4986       1640        243          8      44536      32246   tcp.o
       470        100         18          0          0       5116   tcp_buf.o
       448        212          0          4          0       1888   tcp_echo_server.o
      1668        378         88          0          0      15706   tcp_in.o
      4764        996        358         32          0      29486   tcp_out.o
      3520       1056        332         52          0      21307   tcp_state.o
       568        232         19          4       1696       7519   test_net.o
      1574        522        199         40          0      14463   tftp.o
      2612       1274          0          0       8240       9107   tftp_client.o
      2240        906          0          8       8240       7782   tftp_server.o
       732        234         66          0         12       7156   timer.o
       338         64         11          0          0       3298   tools.o
      2566        732        122          4        480      18820   udp.o
       404        168          0          2          0       7128   udp_echo_server.o
       296         30          0          4          0       3547   usart.o

    ----------------------------------------------------------------------
     97512      20780     180342        344     183992    1083489   Object Totals
       440          0         64          0          0          0   (incl. Generated)
       118          0         23          4          2          0   (incl. Padding)

    ----------------------------------------------------------------------

      Code (inc. data)   RO Data    RW Data    ZI Data      Debug   Library Member Name

        32          6          0          0          0         84   __0scanf.o
        24          4          0          0          0         84   __2printf.o
        56          6          0          0          0         88   __2snprintf.o
        44          6          0          0          0         84   __2sprintf.o
        90          0          0          0          0          0   __dczerorl2.o
         8          0          0          0          0         68   __main.o
       392          4         17          0          0         92   __printf_flags_ss_wp.o
        14          0          0          0          0         68   __printf_wp.o
         0          0          0          0          0          0   __rtentry.o
        12          0          0          0          0          0   __rtentry2.o
         6          0          0          0          0          0   __rtentry4.o
        52          8          0          0          0          0   __scatter.o
        26          0          0          0          0          0   __scatter_copy.o
        28          0          0          0          0          0   __scatter_zi.o
        28          0          0          0          0         68   _chval.o
        60          0          0          0          0         92   _mbrtowc.o
         0          0         12          0          0          0   _monlen.o
         6          0          0          0          0          0   _printf_a.o
         6          0          0          0          0          0   _printf_c.o
        44          0          0          0          0        108   _printf_char.o
        48          6          0          0          0         96   _printf_char_common.o
        64          6          0          0          0         84   _printf_char_file_locked.o
        40          0          0          0          0         68   _printf_charcount.o
         6          0          0          0          0          0   _printf_d.o
       120         16          0          0          0         92   _printf_dec.o
         6          0          0          0          0          0   _printf_e.o
         6          0          0          0          0          0   _printf_f.o
      1050          0          0          0          0        216   _printf_fp_dec.o
       764          8         38          0          0        100   _printf_fp_hex.o
       128         16          0          0          0         84   _printf_fp_infnan.o
         6          0          0          0          0          0   _printf_g.o
       148          4         40          0          0        160   _printf_hex_int_ll_ptr.o
         6          0          0          0          0          0   _printf_i.o
       178          0          0          0          0         88   _printf_intcommon.o
        10          0          0          0          0          0   _printf_l.o
         6          0          0          0          0          0   _printf_lc.o
        10          0          0          0          0          0   _printf_ll.o
         6          0          0          0          0          0   _printf_lld.o
         6          0          0          0          0          0   _printf_lli.o
         6          0          0          0          0          0   _printf_llo.o
         6          0          0          0          0          0   _printf_llu.o
         6          0          0          0          0          0   _printf_llx.o
       124         16          0          0          0         92   _printf_longlong_dec.o
         6          0          0          0          0          0   _printf_ls.o
         6          0          0          0          0          0   _printf_n.o
         6          0          0          0          0          0   _printf_o.o
       112          8          0          0          0        124   _printf_oct_int_ll.o
         6          0          0          0          0          0   _printf_p.o
        78          0          0          0          0        108   _printf_pad.o
         0          0          0          0          0          0   _printf_percent.o
         4          0          0          0          0          0   _printf_percent_end.o
         6          0          0          0          0          0   _printf_s.o
        82          0          0          0          0         80   _printf_str.o
        36          0          0          0          0         84   _printf_truncate.o
         6          0          0          0          0          0   _printf_u.o
        44          0          0          0          0        108   _printf_wchar.o
       188          6          8          0          0         92   _printf_wctomb.o
         6          0          0          0          0          0   _printf_x.o
        22          0          0          0          0        100   _rserrno.o
       884          6          0          0          0        100   _scanf.o
       332          0          0          0          0         96   _scanf_int.o
       342          0          0          0          0        100   _scanf_longlong.o
       276          0          0          0          0        100   _scanf_mbtowc.o
       224          0          0          0          0         96   _scanf_str.o
        30          0          0          0          0         76   _scanf_wcharmap.o
       232          0          0          0          0        100   _scanf_wctomb.o
       208          0          0          0          0         96   _scanf_wstr.o
        64          0          0          0          0         84   _sgetc.o
        16          0          0          0          0         68   _snputc.o
        10          0          0          0          0         68   _sputc.o
       158          0          0          0          0         92   _strtoul.o
        64          0          0          0          0         92   _wcrtomb.o
        16          0          0          0          0         68   aeabi_memset.o
        26          0          0          0          0         80   atoi.o
        72          0          0          0          0         92   backspace.o
       220          4        148          0          0         96   bigflt0.o
      2074        132          0          0          0        940   btod.o
        10          0          0          0          0         68   defsig_exit.o
        50          0          0          0          0         88   defsig_general.o
        80         58          0          0          0         76   defsig_rtmem_inner.o
        14          0          0          0          0         80   defsig_rtmem_outer.o
        52         38          0          0          0         76   defsig_rtred_inner.o
        14          0          0          0          0         80   defsig_rtred_outer.o
        18          0          0          0          0         80   exit.o
        76          0          0          0          0         88   fclose.o
        52          6          0          0          0         80   fclose_locked.o
        30          0          0          0          0         80   feof_locked.o
       144         10          0          0          0        128   fflush_locked.o
        24          0          0          0          0         68   fgetc.o
        86          0          0          0          0         84   fgets_locked.o
       570          0          0          0          0        132   filbuf.o
       470          0          0          0          0         88   flsbuf.o
        92          8          0          0          0         88   flushlinebuffered_locked.o
       324          8          0          0          0        152   fopen_locked.o
        26          0          0          0          0         68   fputc.o
       306          0          0          0          0         96   freadfast_locked.o
       248          6          0          0          0         84   fseek.o
        44          0          0          0          0         84   fseek_locked.o
        66          0          0          0          0         76   ftell.o
        32          0          0          0          0         80   ftell_locked.o
       208          0          0          0          0         92   fwritefast_locked.o
       158          0          0          0          0        128   h1_alloc_mt.o
        62          0          0          0          0         80   h1_extend_mt.o
        10          0          0          0          0         76   h1_final_mt.o
       118          0          0          0          0        108   h1_free_mt.o
        18          0          0          0          0         84   h1_init_mt.o
         6          0          0          0          0        152   heapauxi.o
         4          0          0          0          0        136   hguard.o
       138          0          0          0          0        168   init_alloc.o
       456         48          0          0          0        116   initio_locked.o
        18          0          0          0          0         76   isprint.o
        18          0          0          0          0         76   isspace.o
        44         10        272          0          0         76   lc_ctype_c.o
        44         10         28          0          0         76   lc_numeric_c.o
         2          0          0          0          0          0   libinit.o
        42          0          0          0          0          0   libinit2.o
         2          0          0          0          0          0   libshutdown.o
        10          0          0          0          0          0   libshutdown2.o
         8          4          0          0         96         68   libspace.o
        72          0          0          0          0         76   llsdiv.o
        38          0          0          0          0         68   llshl.o
       138          0          0          0          0         80   lludiv10.o
       238          0          0          0          0        100   lludivv7m.o
        12          6          0          0         44         68   localtime.o
       184          6          0          0          0         80   localtime_internal.o
         0          0          0          0          0          0   maybetermalloc2.o
        88          0          0          0          0         76   memcmp.o
        64          6          0          0          0         80   puts_locked.o
        16          4          0          0          0         76   rt_ctype_table.o
         8          4          0          0          0         68   rt_errno_addr_intlibspace.o
         8          4          0          0          0         68   rt_heap_descriptor_intlibspace.o
         8          4          0          0          0         68   rt_locale_intlibspace.o
        68          0          0          0          0         68   rt_memclr.o
        78          0          0          0          0         80   rt_memclr_w.o
       138          0          0          0          0         68   rt_memcpy_v6.o
       100          0          0          0          0         80   rt_memcpy_w.o
         2          0          0          0          0          0   rtexit.o
        10          0          0          0          0          0   rtexit2.o
        44          8          0          0          0         84   scanf_char.o
        64          8          0          0          0         84   scanf_char_file_locked.o
      1188         12          0          0          0        148   scanf_fp.o
       800         14          0          0          0        100   scanf_hexfp.o
       308         16          0          0          0        100   scanf_infnan.o
       104          0          0          0          0         88   setvbuf_locked.o
        60          8          0          0          0         84   sscanf.o
       240          6          0          0          0        156   stdio.o
         0          0          0         12        252          0   stdio_streams.o
        20          0          0          0          0         68   strchr.o
       128          0          0          0          0         68   strcmpv7m.o
        72          0          0          0          0         80   strcpy.o
        32          0          0          0          0         80   strcspn.o
         0          0          0          4          0          0   streamlock.o
        62          0          0          0          0         76   strlen.o
        50          0          0          0          0         84   strncasecmp.o
        86          0          0          0          0         76   strncpy.o
        28          0          0          0          0         80   strspn.o
        36          0          0          0          0         80   strstr.o
        12          6          0          4          0         68   strtok.o
        68          4          0          0          0         84   strtok_int.o
       112          0          0          0          0         88   strtol.o
        74          0          0          0          0         80   sys_stackheap_outer.o
        16          0          0          0          0         80   term_alloc.o
        26          0          0          0          0         76   tolower.o
        72         12          0          0          0         68   ungetc.o
        36          4          0          0          0         76   vsprintf.o
        98          4          0          0          0         92   d2f.o
        16          4          0          0          0         68   dcheck1.o
        24          0          0          0          0         68   dcmpi.o
       120          4          0          0          0         92   deqf.o
        90          4          0          0          0         92   dfixu.o
        38          0          0          0          0         68   dflt_clz.o
       120          4          0          0          0         92   dleqf.o
       340         12          0          0          0        104   dmul.o
       156          4          0          0          0         92   dnaninf.o
        12          0          0          0          0         68   dretinf.o
       108          0          0          0          0         80   drleqf.o
         0          0          8          0          0          0   fpconst.o
        10          0          0          0          0         68   fretinf.o
         4          0          0          0          0         68   printf1.o
         4          0          0          0          0         68   printf2.o
       100          0          0          0          0         68   retnan.o
        92          0          0          0          0         68   scalbn.o
         4          0          0          0          0         68   scanf1.o
         8          0          0          0          0         84   scanf2.o
        48          0          0          0          0         68   trapv.o
         0          0          0          0          0          0   usenofp.o
        30          6          0          0          0        136   dunder.o
        40          0          0          0          0         68   fpclassify.o
        88          8          0          0          0         76   frexp.o
       138          0          0          0          0        160   ldexp.o
       152          4          0          0          0        168   narrow.o

    ----------------------------------------------------------------------
     20610        654        576         20        436      14036   Library Totals
        34          0          5          0         44          0   (incl. Padding)

    ----------------------------------------------------------------------

      Code (inc. data)   RO Data    RW Data    ZI Data      Debug   Library Name

     18736        600        563         20        392      11952   c_w.l
      1392         36          8          0          0       1476   fz_ws.l
       448         18          0          0          0        608   m_ws.l

    ----------------------------------------------------------------------
     20610        654        576         20        436      14036   Library Totals

    ----------------------------------------------------------------------

==============================================================================


      Code (inc. data)   RO Data    RW Data    ZI Data      Debug   

    118122      21434     180918        364     184428    1053649   Grand Totals
    118122      21434     180918        152     184428    1053649   ELF Image Totals (compressed)
    118122      21434     180918        152          0          0   ROM Totals

==============================================================================

    Total RO  Size (Code + RO Data)               299040 ( 292.03kB)
    Total RW  Size (RW Data + ZI Data)            184792 ( 180.46kB)
    Total ROM Size (Code + RO Data + RW Data)     299192 ( 292.18kB)

==============================================================================

